exhumation
disinterment
digging up
fucoid
belemnite
amphitheater
amphitheatre
coliseum
antiquity
burial chamber
sepulcher
sepulchre
sepulture
burial mound
grave mound
barrow
tumulus
charnel house
charnel
colosseum
columbarium
crypt
grave
tomb
gravestone
headstone
tombstone
holy sepulcher
holy sepulchre
mastaba
mastabah
mausoleum
neolith
relic
repository
monument
taj mahal
vault
burial vault
vomitory
archeology
archaeology
assyriology
egyptology
sumerology
marine archeology
marine archaeology
underwater archeology
underwater archaeology
paleoclimatology
palaeoclimatology
paleogeography
palaeogeography
paleography
paleopathology
palaeopathology
paletiology
palaetiology
epigraphy
paleology
palaeology
protohistory
protoanthropology
protoarcheology
protoarchaeology
paleoethnography
palaeoethnography
dig
excavation
archeological site
eitchen midden
midden
kitchen midden
pompeii
byblos
ammonite
ammonoid
fossil
index fossil
guide fossil
microfossil
wormcast
archeologist
archaeologist
egyptologist
pothunter
carter
howard carter
champollion
jean francois champollion
evans
arthur evans
sir arthur john evans
schliemann
heinrich schliemann
thompson
homer thompson
homer a. thompson
homer armstrong thompson
wheeler
sir mortimer wheeler
sir robert eric mortimer wheeler
winckelmann
johann winckelmann
johann joachim winckelmann
woolley
sir leonard woolley
sir charles leonard woolley
young
thomas young
bronze age
iron age
stone age
eolithic age
eolithic
paleolithic age
paleolithic
palaeolithic
lower paleolithic
middle paleolithic
upper paleolithic
mesolithic age
mesolithic
epipaleolithic
neolithic age
neolithic
new stone age
ammonitic
amphitheatric
amphitheatrical
archaeological
archeological
archaeologic
archeologic
belemnitic
fossiliferous
paleontological
palaeontological
sepulchral
paleoanthropological
eolithic
mesolithic
neolithic
paleolithic
palaeolithic
