moonwalk
dancing
dance
terpsichore
saltation
adagio
break dancing
break dance
nautch
nauch
nautch dance
pavane
pavan
saraband
skank
slam dancing
slam dance
step dancing
hoofing
tap dancing
tap dance
toe dancing
toe dance
soft-shoe
soft-shoe shuffle
soft-shoe dancing
buck-and-wing
stage dancing
choreography
ballet
concert dance
pas seul
variation
pas de deux
duet
pas de trois
pas de quatre
classical ballet
modern ballet
comedy ballet
modern dance
clog dance
clog dancing
clog
apache dance
belly dance
belly dancing
danse du ventre
bolero
cakewalk
cancan
nude dancing
fan dance
strip
striptease
strip show
bubble dance
interpretive dance
interpretive dancing
interpretative dance
interpretative dancing
social dancing
jitterbug
lindy
lindy hop
fandango
farandole
flamenco
gypsy dancing
gavotte
habanera
shag
shimmy
stomp
tarantella
tarantelle
dance step
step
chasse
sashay
glissade
twist
ballroom dancing
ballroom dance
beguine
carioca
cha-cha
cha-cha-cha
one-step
turkey trot
fox-trot
foxtrot
two-step
bunny hug
charleston
conga
cotillion
cotilion
minuet
paso doble
quickstep
rumba
samba
round dance
round dancing
tango
waltz
valse
folk dancing
folk dance
mazurka
polka
schottische
morris dance
morris dancing
sword dance
sword dancing
rumba
highland fling
hornpipe
jig
country-dance
country dancing
contredanse
contra danse
contradance
longways
longways dance
virginia reel
reel
round dance
ring dance
square dance
square dancing
reel
scottish reel
eightsome
quadrille
lancers
do-si-do
promenade
sashay
swing
landler
ritual dancing
ritual dance
ceremonial dance
apache devil dance
corn dance
danse macabre
dance of death
ghost dance
hula
hula-hula
hawaiian dancing
pyrrhic
rain dance
snake dance
sun dance
war dance
tap
extension
recital
act
dance
choreography
dance
ball
cotillion
cotilion
masked ball
masquerade ball
fancy-dress ball
promenade
prom
barn dance
hop
record hop
rave
balletomane
choreographer
cut in
choreograph
jive
dance
trip the light fantastic
trip the light fantastic toe
hoof
clog
tap dance
belly dance
heel
shimmy
dance
glissade
chasse
sashay
capriole
bop
bebop
bump
twist
waltz
waltz around
tapdance
tap
tango
shag
foxtrot
contradance
country-dance
contredanse
contra danse
break dance
break-dance
break
cakewalk
conga
samba
rhumba
slam dance
slam
mosh
thrash
jig
jitterbug
folk dance
square dance
quickstep
kick
grind
choreographic
pyrrhic
terpsichorean
