convention
chemical weapons convention
geneva convention
diplomacy
diplomatic negotiations
dollar diplomacy
power politics
gunboat diplomacy
recognition
shuttle diplomacy
strategic arms limitation talks
salt
ambassador
embassador
ambassadress
attache
charge d'affaires
consul
diplomat
diplomatist
envoy
envoy extraordinary
minister plenipotentiary
high commissioner
minister
diplomatic minister
persona grata
persona non grata
plenipotentiary
bunche
ralph bunche
ralph johnson bunche
dulles
john foster dulles
galbraith
john galbraith
john kenneth galbraith
genet
edmund charles edouard genet
citizen genet
gromyko
andrei gromyko
andrei andreyevich gromyko
hammarskjold
dag hammarskjold
dag hjalmar agne carl hammarskjold
harriman
averell harriman
william averell harriman
harris
townsend harris
hull
cordell hull
jay
john jay
kissinger
henry kissinger
henry alfred kissinger
le duc tho
lesseps
ferdinand de lesseps
vicomte ferdinand marie de lesseps
lie
trygve lie
trygve halvden lie
nicolson
harold nicolson
sir harold george nicolson
page
thomas nelson page
roosevelt
eleanor roosevelt
anna eleanor roosevelt
stevenson
adlai stevenson
adlai ewing stevenson
waldheim
kurt waldheim
diplomatic
ministerial
ambassadorial
consular
