artesian well
mulch
altitude
height
ceiling
absolute ceiling
combat ceiling
service ceiling
paleontology
palaeontology
fossilology
paleoanthropology
palaeoanthropology
human paleontology
human palaeontology
paleobotany
palaeobotany
paleodendrology
palaeodendrology
paleozoology
palaeozoology
paleomammalogy
paleornithology
palaeornithology
paleobiology
palaeobiology
earth science
meteorology
aerology
climatology
bioclimatology
nephology
limnology
micropaleontology
vertebrate paleontology
carlsbad caverns
cave
cavern
cavern
cove
drift ice
enclosure
natural enclosure
expanse
fingal's cave
grotto
grot
lascaux
matrix
pack ice
ice pack
shelf ice
ice shelf
slack
stalactite
stalagmite
world
erosion
civil time
standard time
local time
atlantic time
atlantic standard time
eastern time
eastern standard time
est
central time
central standard time
cst
mountain time
mountain standard time
mst
pacific time
pacific standard time
pst
alaska standard time
yukon time
hawaii time
hawaii standard time
bering time
bering standard time
stratify
fret
eat away
erode
eat away
fret
wash
ablate
erupt
belch
extravasate
calcify
coke
interstratify
flow out
effuse
back
veer
calve
break up
aggrade
degrade
stratify
silt up
silt
mound
mound over
erupt
ignite
catch fire
take fire
combust
conflagrate
blow out
catch
light up
altitudinal
limnologically
