amplification
electrical work
electrification
electrification
annunciator
biochip
blasting cap
bulldog clip
alligator clip
busbar
bus
cabinet
console
cable
line
transmission line
chassis
chip
microchip
micro chip
silicon chip
clip lead
coaxial cable
coax
coax cable
conductor
cord
electric cord
core
detonator
detonating device
cap
diode
semiconductor diode
junction rectifier
crystal rectifier
electrical cable
electrical contact
electrical converter
electrical system
electrical plant
electric socket
electrodynamometer
electrograph
electronic balance
electroscope
ethernet cable
extension cord
fiber optic cable
fibre optic cable
field-effect transistor
fet
filament
gene chip
dna chip
ground
earth
integrated circuit
microcircuit
inverter
jumper
jumper cable
jumper lead
lead
lead-in
lightning rod
lightning conductor
magnet
memory chip
microprocessor
n-type semiconductor
optical fiber
glass fiber
optical fibre
glass fibre
outlet box
patchcord
percussion cap
p-n-p transistor
point
power point
power cord
power line
power cable
power pack
power station
power plant
powerhouse
printer cable
p-type semiconductor
radio chassis
read-only memory chip
receptacle
semiconductor device
semiconductor unit
semiconductor
slip ring
socket
source of illumination
synchronous converter
rotary
rotary converter
telephone cord
phone cord
telephone wire
telephone line
telegraph wire
telegraph line
thermistor
thermal resistor
transistor
junction transistor
electronic transistor
wall socket
wall plug
electric outlet
electrical outlet
outlet
electric receptacle
wire
conducting wire
fidelity
ohm's law
electronics
electron optics
microelectronics
thermionics
electronic signal
blip
pip
radar target
radar echo
clutter
radar beacon
racon
input signal
input
output signal
output
printout
electrical discharge
nerve impulse
impulse
action potential
spike
noise
interference
disturbance
background
background signal
background noise
ground noise
surface noise
background radiation
crosstalk
xt
fadeout
jitter
static
atmospherics
atmospheric static
radio noise
dipole
electric dipole
electric doublet
magnetic dipole
photoconductivity
photoconduction
superconductivity
alternating current
ac
amperage
brush discharge
capacitance
electrical capacity
capacity
elastance
electrical elastance
charge
electric charge
electrostatic charge
electrostatic field
pyroelectricity
positive charge
negative charge
corona discharge
corona
corposant
st. elmo's fire
saint elmo's fire
saint elmo's light
saint ulmo's fire
saint ulmo's light
electric glow
current
electric current
direct current
dc
signal
electrical phenomenon
electrical power
electric power
wattage
load
electric field
dielectric heating
electricity
galvanism
electricity
electrical energy
electromagnetic spectrum
flashover
forked lightning
chain lightning
hydroelectricity
induction
mutual induction
self-induction
juice
elves
jets
blue jets
lightning
sprites
red sprites
atmospheric electricity
electric dipole moment
photoelectricity
piezoelectricity
piezoelectric effect
piezo effect
electric potential
potential
potential difference
potential drop
voltage
evoked potential
resting potential
conductance
electric resistance
electrical resistance
impedance
resistance
resistivity
ohmic resistance
ohmage
reactance
skin effect
discharge
spark
arc
electric arc
electric discharge
distortion
nonlinear distortion
amplitude distortion
electrical conduction
conduction
conductivity
electrical disturbance
static electricity
dynamic electricity
current electricity
thermoelectricity
thermionic current
thunderbolt
bolt
bolt of lightning
voltage
electromotive force
emf
electrodeposition
electrolysis
polyelectrolyte
copper
cu
atomic number 29
germanium
ge
atomic number 32
silicon
si
atomic number 14
silver
ag
atomic number 47
blister copper
mercury fulminate
fulminate of mercury
fulminating mercury
coin silver
conductor
semiconductor
semiconducting material
insulator
dielectric
nonconductor
electrolyte
data rate
channel capacity
hot
live
direct
alternating
high-tension
low-tension
low-voltage
argentic
argentous
capacitive
cordless
cupric
cuprous
electrostatic
static
inductive
thermoelectric
thermoelectrical
electrical
electric
electrical
photoconductive
photovoltaic
photoelectric
photoelectrical
hydroelectric
dipolar
piezoelectric
resistive
photoelectrically
electrically
electrostatically
