primrose path
extravagance
prodigality
lavishness
highlife
high life
fitting
try-on
trying on
lace making
tatting
devising
fashioning
making
aba
abaya
academic costume
academic gown
academic robe
judge's robe
accessory
accoutrement
accouterment
afro-wig
aglet
aiglet
aiguilette
aglet
aiglet
alb
anchor
ground tackle
anklet
anklets
bobbysock
bobbysocks
anklet
anti-g suit
g suit
antimacassar
ao dai
apparel
wearing apparel
dress
clothes
apron
apron string
apron strings
arctic
galosh
golosh
rubber
gumshoe
argyle
argyles
argyll
argylls
armband
arm guard
arm pad
armhole
armlet
arm band
array
raiment
regalia
artist's loft
artist's workroom
atelier
ascot
athletic sock
sweat sock
varsity sock
athletic supporter
supporter
suspensor
jockstrap
jock
attire
garb
dress
babushka
baby shoe
back
backband
back brace
balaclava
balaclava helmet
baldric
baldrick
balldress
ballet skirt
tutu
ball gown
balmoral
bluebonnet
balmoral
band
band
banding
stripe
bandoleer
bandolier
banyan
banian
baseball cap
jockey cap
golf cap
bathing cap
swimming cap
bathrobe
batting glove
batting helmet
battle dress
beachwear
beading
beadwork
beanie
beany
bearskin
busby
shako
beauty spot
beaver
castor
beaver
bedclothes
bed clothing
bedding
bed jacket
bedroll
bedspread
bedcover
bed cover
bed covering
counterpane
spread
bellbottom trousers
bell-bottoms
bellyband
belt
belt buckle
beret
bermuda shorts
jamaica shorts
bib
bib-and-tucker
bicorn
bicorne
biggin
bikini
two-piece
bikini pants
bill
peak
eyeshade
visor
vizor
biohazard suit
biretta
black
black tie
blazer
sport jacket
sport coat
sports jacket
sports coat
blindfold
bloomers
pants
drawers
knickers
blouse
blucher
bluchers
blue
boater
leghorn
panama
panama hat
sailor
skimmer
straw hat
bodice
body stocking
body pad
bolero
bolo tie
bolo
bola tie
bola
bomber jacket
bonnet
poke bonnet
boot
bootee
bootees
bootie
booties
boothose
bootjack
bootlace
bootleg
bosom
boutonniere
bowler hat
bowler
derby
plug hat
bowling shoe
bow tie
box coat
box pleat
brace
suspender
gallus
braid
gold braid
braiding
brassiere
bra
bandeau
breast pocket
breechcloth
breechclout
loincloth
g-string
breeches
knee breeches
knee pants
knickerbockers
knickers
bridal gown
wedding gown
wedding dress
briefs
jockey shorts
brim
britches
brogan
brogue
clodhopper
work shoe
brunch coat
buckskins
bulletproof vest
burberry
burial garment
burqa
burka
burnous
burnoose
burnouse
bush jacket
business suit
buskin
chukka boot
combat boot
desert boot
half boot
top boot
bustle
buttonhole
button hole
bvd's
cabana
caftan
kaftan
caftan
kaftan
cagoule
calash
caleche
calceus
calpac
calpack
kalpac
camail
aventail
ventail
camise
camisole
camisole
underbodice
camlet
campaign hat
candlewick
cap
cape
mantle
capote
hooded cloak
capote
hooded coat
capuchin
carabiner
karabiner
snap ring
cardigan
car tire
automobile tire
auto tire
rubber tire
cartridge belt
casing
cassock
catwalk
cavalier hat
slouch hat
chador
chadar
chaddar
chuddar
change
chap
chasuble
chemise
sack
shift
chemise
shimmy
shift
slip
teddies
teddy
chesterfield
chest protector
chinos
chiton
chlamys
choker
ruff
ruffle
neck ruff
chopine
chopines
platform
platforms
christmas stocking
church hat
churidars
circlet
civies
civvies
civilian clothing
civilian dress
civilian garb
plain clothes
cleat
cleats
clerical collar
roman collar
dog collar
cloak
cloche
clog
geta
patten
sabot
cloth cap
flat cap
cloth covering
clothesbrush
clothing
article of clothing
vesture
wear
coat
coat button
coatdress
coatee
coat hanger
clothes hanger
dress hanger
coattail
cockade
cocked hat
cockscomb
coxcomb
cocktail dress
sheath
codpiece
coif
collar
neckband
collar
congress boot
congress shoe
congress gaiter
coonskin cap
coonskin
cordon
cords
corduroys
coronet
corset
girdle
stays
costume
costume
costume
costume
cosy
tea cosy
cosey
tea cosey
cozy
tea cozy
cozey
tea cozey
cozie
tea cozie
counter
counter
heel
coverall
coverlet
cowboy boot
cowboy boots
cowboy hat
ten-gallon hat
cowl
crash helmet
cravat
crazy quilt
crewelwork
crew neck
crew neckline
crinoline
cross-stitch
crown
crown
diadem
cuban heel
cuff
turnup
culotte
culottes
cummerbund
curtain ring
cutaway
cutwork
dart
dashiki
daishiki
decolletage
deerstalker
dhoti
diaper
nappy
napkin
dickey
dickie
dicky
shirtfront
dinner dress
dinner gown
evening gown
tea gown
dinner jacket
tux
tuxedo
black tie
dirndl
dirndl
disguise
diving suit
diving dress
dog collar
dolman
dolman
dolman jacket
dolman sleeve
domino
half mask
eye mask
domino
donkey jacket
double-breasted jacket
double-breasted suit
doublet
drag
drawers
underdrawers
shorts
boxers
boxershorts
drawnwork
dress
frock
dress blues
dress whites
dress hat
high hat
opera hat
silk hat
stovepipe
top hat
topper
beaver
dressing gown
robe-de-chambre
lounging robe
dressing sack
dressing sacque
dress rack
dress shirt
evening shirt
dress suit
full dress
tailcoat
tail coat
tails
white tie
white tie and tails
dress uniform
duffel coat
duffle coat
dunce cap
dunce's cap
fool's cap
duster
gaberdine
gabardine
smock
dust coat
earflap
earlap
ecclesiastical attire
ecclesiastical robe
eiderdown
duvet
continental quilt
elbow
elbow pad
embroidery
fancywork
ensemble
epaulet
epaulette
espadrille
eton collar
eton jacket
eyelet
eyepatch
patch
face guard
face veil
facing
false face
falsie
fancy dress
masquerade
masquerade costume
fashion plate
fashions
fatigues
feather boa
boa
fedora
felt hat
homburg
stetson
trilby
felloe
felly
fez
tarboosh
fichu
finery
finger
flannel
gabardine
tweed
white
flat
flat tire
flats
flatwork
flat wash
flip-flop
flipper
flippers
fin
fins
fly
fly front
football helmet
footwear
footgear
footwear
formalwear
eveningwear
evening dress
evening clothes
foul-weather gear
foundation garment
foundation
four-in-hand
fraise
french heel
frill
flounce
ruffle
furbelow
frock coat
frog
frogs
full-dress uniform
full skirt
fur
fur coat
fur hat
furnishings
trappings
fur-piece
gaiter
gaiter
garibaldi
garment
garrison cap
overseas cap
garter
supporter
garter belt
suspender belt
gathered skirt
gauntlet
gantlet
gauntlet
gantlet
metal glove
geneva gown
ghillie
gillie
gift wrapping
girdle
cincture
sash
waistband
waistcloth
glengarry
glove
gloves
goffer
gauffer
golf glove
gore
gown
gown
robe
gown
surgical gown
scrubs
grapnel
grapnel anchor
grass skirt
gray
grey
greatcoat
overcoat
topcoat
grizzle
gros point
g-string
guimpe
gusset
inset
gym shoe
sneaker
tennis shoe
gym suit
gymslip
habit
haik
haick
hairpiece
false hair
postiche
hair shirt
half sole
halter
hame
handcuffs
handcuff
cuffs
cuff
handlock
manacle
hand glass
hand mirror
hand-me-down
handwear
hand wear
hard hat
tin hat
safety hat
harris tweed
hat
chapeau
lid
hatband
havelock
headband
head covering
veil
headdress
headgear
headpiece
headscarf
headstall
headpiece
heel
helmet
hem
hemstitch
hessian boot
hessian
jackboot
wellington
wellington boot
hijab
hip boot
hip boots
thigh boot
thigh boots
hip pad
hip pocket
hobble skirt
holster
hood
hook
claw
hook and eye
hoop
ring
hoop
hoopskirt
crinoline
horsehair wig
hose
tights
hosiery
hose
hot pants
huarache
huaraches
hug-me-tight
humeral veil
veil
inkle
inner tube
insole
innersole
instep
ironing
izar
jabot
jacket
jag
dag
jag
jean
blue jean
denim
jellaba
jerkin
jersey
t-shirt
tee shirt
jewelled headdress
jodhpur
jodhpur breeches
riding breeches
jodhpur
jodhpur boot
jodhpur shoe
jumper
pinafore
pinny
jumper
jumpers
jump suit
jump suit
jumpsuit
kaffiyeh
kalansuwa
kameez
kanzu
kepi
peaked cap
service cap
yachting cap
kerchief
key ring
khimar
kick pleat
kid glove
suede glove
kilt
kimono
kirtle
kirtle
knee
knee pad
knitwear
knob
pommel
kurta
lab coat
laboratory coat
lace
lacing
lambrequin
lap
overlap
lap
lap covering
lapel
lappet
laundry
wash
washing
washables
lavalava
lavaliere
lavalier
lavalliere
lederhosen
leg
legging
legin
leg covering
leisure wear
leotard
unitard
body suit
cat suit
levi's
levis
liberty cap
lift
liner
lining
lingerie
intimate apparel
livery
loafer
long johns
long sleeve
long trousers
long pants
long underwear
union suit
loose trousers
lounger
lounging jacket
smoking jacket
lounging pajamas
lounging pyjamas
lumberjack
lumber jacket
macintosh
mackintosh
mac
mack
mackinaw
mackinaw coat
maillot
maillot
tank suit
mannequin
manikin
mannikin
manakin
form
mantelet
mantilla
mantilla
mantua
mao jacket
mask
mattress cover
mending
mess jacket
monkey jacket
shell jacket
middy
middy blouse
military uniform
millinery
woman's hat
miniskirt
miniver
mink
mink coat
miter
mitre
mitten
mittens
mobcap
mocassin
moccasin
moccasins
monastic habit
money belt
mooring anchor
morning dress
morning dress
mortarboard
mortarboard
hawk
mother hubbard
muumuu
motley
muff
muffler
mufti
mule
mules
scuff
scuffs
mushroom anchor
napkin ring
neck
neckband
neckcloth
stock
neckerchief
necklet
neckline
neckpiece
necktie
tie
neckwear
needlepoint
negligee
neglige
peignoir
wrapper
housecoat
newmarket
nightcap
nightclothes
nightwear
nightgown
nightie
night-robe
nightdress
nightshirt
niqab
norfolk jacket
nose ring
nylons
nylon stocking
rayons
rayon stocking
silk stocking
oilskin
slicker
old school tie
olive drab
olive-drab uniform
opera cloak
opera hood
orphrey
outerwear
overclothes
outfit
getup
rig
turnout
outsole
overall
overall
boilersuit
boilers suit
overcoat
overcoating
overgarment
outer garment
overshoe
overskirt
oxford
pajamas
pyjamas
pj's
jammies
pajamas
pyjamas
pall
shroud
cerement
winding-sheet
winding-clothes
pallium
pallium
panache
pantaloon
pantie
panty
scanty
step-in
pant leg
trouser leg
pants suit
panty girdle
pantyhose
parka
windbreaker
windcheater
anorak
patchwork
patchwork quilt
patka
pea jacket
peacoat
pectoral
pectoral medallion
pedal pusher
toreador pant
pelisse
peplos
peplus
peplum
periwig
peruke
peter pan collar
petit point
petticoat
half-slip
underskirt
picture hat
pillbox
toque
turban
pinner
pith hat
pith helmet
sun helmet
topee
topi
placket
plastron
plastron
playsuit
plimsoll
plume
plus fours
pneumatic tire
pneumatic tyre
pocket
pocket flap
polonaise
polo shirt
sport shirt
pompon
pom-pom
poncho
porkpie
porkpie hat
pothook
prayer shawl
tallith
tallis
pressure suit
prince albert
protective garment
pullover
slipover
pump
pumps
pusher
zori
puttee
puttees
pyjama
quarter
quilt
comforter
puff
quilted bedspread
rabato
rebato
radial
radial tire
radial-ply tire
raglan
raglan sleeve
raincoat
waterproof
rebozo
regimentals
retread
recap
revers
revere
reversible
rickrack
ricrac
riding boot
riding habit
rigout
rim
rim
robe
roll-on
romper
rompers
romper suit
rosette
rubber band
elastic band
elastic
rubber boot
gum boot
running shoe
running suit
sable
sable coat
sabot
wooden shoe
sack
sacque
sackcloth
sack coat
saddle
saddle oxford
saddle shoe
safety belt
life belt
safety harness
sailor cap
sailor suit
salwar
shalwar
sam browne belt
sampler
sandal
sari
saree
sarong
scapular
scapulary
scarf
scrub brush
scrubbing brush
scrubber
scuffer
sealskin
seat
seat belt
separate
sequin
spangle
diamante
serape
sarape
shank
waist
shawl
sheepskin coat
afghan
sheet anchor
waist anchor
sheraton
shin guard
shinpad
shirt
shirt button
shirtdress
shirtfront
shirtsleeve
shirttail
shirtwaist
shirtwaister
shoe
shoelace
shoe lace
shoestring
shoe string
short pants
shorts
trunks
short sleeve
shoulder board
shoulder mark
shoulder pad
shoulder patch
shovel hat
shower cap
silks
single-breasted jacket
single-breasted suit
singlet
vest
undershirt
ski boot
ski boots
ski cap
stocking cap
toboggan cap
skid lid
ski parka
ski jacket
skirt
skirt
skivvies
skullcap
slacks
slack suit
sleepers
sleeve
arm
slide fastener
zip
zipper
zip-fastener
slingback
sling
slipcover
slip-on
slipper
carpet slipper
slops
smocking
snap
snap fastener
press stud
snowsuit
snow tire
sock
sole
sombrero
soutache
soutane
sou'wester
space helmet
spacesuit
spat
spats
gaiter
spectator pump
spectator
spike
spike heel
stiletto heel
sportswear
athletic wear
activewear
spur
gad
stacked heel
stocking
stole
stomacher
straitjacket
straightjacket
strap
shoulder strap
street clothes
stretch pants
string tie
suit
suit of clothes
sunbonnet
sunhat
sunburst pleat
sunray pleat
sunday best
sunday clothes
sunsuit
support hose
support stocking
surcoat
surcoat
surplice
surtout
swaddling clothes
swaddling bands
swallow-tailed coat
swallowtail
morning coat
sweatband
sweatband
sweater
sweat pants
sweatshirt
sweat suit
sweatsuit
sweats
workout suit
swimming trunks
bathing trunks
swimsuit
bathing suit
swimming costume
bathing costume
switch
sword knot
tabard
tabi
tabis
taenia
tenia
fillet
talaria
tam
tam-o'-shanter
tammy
tank top
tassel
tenterhook
thigh pad
three-piece suit
throat
throat protector
throw
thumb
tiara
tights
leotards
tippet
tire
tyre
titfer
toe
toecap
toga
toga virilis
togs
threads
duds
tongue
top
topknot
topper
toque
toupee
toupe
towel ring
train
trammel
tread
trench coat
trews
tricorn
tricorne
trimming
trim
passementerie
trouser
trouser cuff
trousers
pants
trousseau
trunk hose
tubeless
tubeless tire
tudung
tunic
turban
turtleneck
polo-neck
turtleneck collar
polo-neck collar
two-piece
two-piece suit
lounge suit
tyrolean
ulster
undergarment
underpants
underwear
underclothes
underclothing
undies
uniform
uplift
upper
vamp
vest
waistcoat
vestment
v neck
waders
wagon tire
walker
walking shoe
wardrobe
wardrobe
war paint
washboard
watchband
watchstrap
wristband
watch bracelet
bracelet
watch cap
wedge heel
wedge
wedgie
weeds
widow's weeds
weeds
mourning band
wet suit
white tie
wig
wimple
windsor knot
windsor tie
wineglass heel
wing tip
wing tip
wishing cap
work-clothing
work-clothes
wrap
wrapper
wraparound
wristband
wristlet
wrist band
wrist pad
yarmulke
yarmulka
yarmelke
yashmak
yashmac
yoke
zoot suit
vanity fair
extra large
large
small
part
lock
curl
ringlet
whorl
sausage curl
forelock
quiff
crimp
pin curl
spit curl
kiss curl
dreadlock
mustachio
moustachio
handle-bars
cult of personality
vogue
trend
style
new look
fashion
cut
haute couture
high fashion
high style
fad
craze
furor
furore
cult
rage
retro
bandwagon
hemline
hipline
beauty consultant
brunet
brunette
charmer
beguiler
cloakmaker
furrier
cosmetologist
costumier
costumer
costume designer
couturier
fashion designer
clothes designer
designer
coxcomb
cockscomb
dandy
dude
fop
gallant
sheik
beau
swell
fashion plate
clotheshorse
dressmaker
modiste
needlewoman
seamstress
sempstress
dyer
faddist
fashion consultant
fashionmonger
fitter
fuller
garmentmaker
garment-worker
garment worker
macaroni
mannequin
manikin
mannikin
manakin
fashion model
model
outfitter
perfumer
rocker
stitcher
supermodel
tailor
seamster
sartor
trend-setter
taste-maker
fashion arbiter
balenciaga
cristobal balenciaga
brummell
george bryan brummell
beau brummell
dior
christian dior
klein
calvin klein
calvin richard klein
ross
betsy ross
betsy griscom ross
schiaparelli
elsa schiaparelli
versace
gianni versace
worth
charles frederick worth
kid
kidskin
pompadour
preen
primp
plume
dress
prank
tart up
dress up
fig out
fig up
deck up
gussy up
fancy up
trick up
deck out
trick out
prink
attire
get up
rig out
tog up
tog out
overdress
dress
dress up
enrobe
prim
prim up
prim out
bedizen
dizen
dress down
underdress
prink
dress
get dressed
bundle up
hat
try on
try
bonnet
dress
clothe
enclothe
garb
raiment
tog
garment
habilitate
fit out
apparel
cover
wrap up
jacket
frock
shirt
habit
vesture
overdress
overclothe
corset
shoe
undress
discase
uncase
unclothe
strip
strip down
disrobe
peel
wear
put on
get into
don
assume
scarf
slip on
coat
cross-dress
costume
dress up
dandify
vest
robe
vest
gown
change
silver
henna
tint
tinct
bepaint
tinge
touch
tincture
wreathe
encrust
incrust
beset
braid
style
embroider
broider
faggot
fagot
stick
purl
purl
illustrate
garland
fledge
flight
spangle
bespangle
foliate
flag
caparison
bard
dress up
bead
pipe
applique
decorate
adorn
grace
ornament
embellish
beautify
gild the lily
paint the lily
vermiculate
smock
hang
prank
tinsel
tart up
stucco
redecorate
panel
bejewel
jewel
fillet
filet
scallop
bedizen
dress ship
trim
garnish
dress
trim
deck
bedight
bedeck
plume
festoon
enamel
inlay
hatch
damascene
lacquer
japan
gild
begild
engild
illuminate
miniate
rubricate
emblazon
blazon
color
colour
emblazon
miniate
fringe
fret
landscape
bedaubed
adjusted
flashy
gaudy
jazzy
showy
sporty
togged
sheared
unsheared
off-the-rack
off-the-shelf
off-the-peg
ready-to-wear
double-breasted
single-breasted
fashionable
stylish
unfashionable
unstylish
gray
grey
pleated
casual
everyday
decollete
low-cut
low-necked
high-necked
ironed
unironed
wrinkled
outsize
outsized
oversize
oversized
mini
midi
maxi
abbreviated
brief
flyaway
close
snug
close-fitting
blue
one-piece
two-piece
three-piece
reversible
two-sided
nonreversible
one-sided
dressy
strapless
bell-bottomed
bell-bottom
flared
flaring
brimless
calceolate
calceiform
collarless
sartorial
vestiary
vestmental
snugly
fashionably
flamboyantly
showily
flashily
