fishing
sportfishing
fishing
angling
fly-fishing
troll
trolling
casting
cast
bait casting
fly casting
overcast
surf casting
surf fishing
earthworm
angleworm
fishworm
fishing worm
wiggler
nightwalker
nightcrawler
crawler
dew worm
red worm
bob
bobber
cork
bobfloat
brace
bitstock
butt
butt end
drift net
dry fly
fishhook
fishing boat
fishing smack
fishing vessel
fishing gear
tackle
fishing tackle
fishing rig
rig
fishing line
fishing rod
fishing pole
fishnet
fishing net
fly
fly rod
gaff
gig
gill net
handline
hand line
harpoon
landing net
leister
night-line
purse seine
reel
rifle butt
seine
spear
gig
fizgig
fishgig
lance
spinner
spinning rod
stock
streamer fly
trammel net
trammel
trawl
dragnet
trawl net
trawl
trawl line
spiller
setline
trotline
trawler
dragger
wet fly
fishing license
fishing licence
fishing permit
angler
troller
fisherman
fisher
trawler
fishing season
play
crab
seine
scallop
scollop
fish
rail
brail
fly-fish
flyfish
angle
troll
shrimp
net fish
shark
trawl
still-fish
prawn
piscatorial
piscatory
