cooking
cookery
preparation
baking
shirring
toasting
browning
broil
broiling
grilling
frying
sauteing
fusion cooking
braising
poaching
roasting
barbecuing
boiling
stewing
simmering
basting
tenderization
tenderisation
percolation
seasoning
salting
sweetening
baking
drink
drinking
boozing
drunkenness
crapulence
drinking bout
last supper
lord's supper
seder
passover supper
catering
wishbone
wishing bone
argyll
argyle
baster
beaker
bell
blade
blender
liquidizer
liquidiser
bowl
bread knife
butcher knife
butter dish
butter knife
caldron
cauldron
carving fork
carving knife
case knife
casserole
cereal bowl
chafing dish
chalice
goblet
cheese cutter
chinaware
china
chopstick
chopsticks
cloisonne
coffee cup
coffeepot
coffee urn
cooker
cookie cutter
cookie sheet
cooking utensil
cookware
copperware
coquille
corkscrew
bottle screw
cream pitcher
creamer
crockery
dishware
crock pot
crystal
cup
cut glass
cutlery
eating utensil
demitasse
dessert plate
dessert spoon
dinner plate
dinner service
dinner set
dinnerware
dish
dixie
dixie cup
paper cup
drinking cup
double boiler
double saucepan
dripping pan
drip pan
drip pot
dutch oven
eggbeater
eggwhisk
eggcup
egg cup
electric frying pan
electric mixer
electric motor
enamelware
finger bowl
fish knife
fish slice
flatware
silver
flatware
food additive
artificial additive
fork
frying pan
frypan
skillet
funnel
glass
glassware
glasswork
gold plate
grace cup
grail
holy grail
sangraal
graniteware
grater
gravy boat
gravy holder
sauceboat
boat
grid
gridiron
griddle
handle
grip
handgrip
hold
hollowware
holloware
iced-tea spoon
kettle
boiler
kitchen utensil
kitchenware
kylix
cylix
marmite
masher
measuring cup
mincer
mincing machine
mixer
mixing bowl
mustache cup
moustache cup
nest egg
omelet pan
omelette pan
ovenware
pan
cooking pan
pancake turner
paper plate
parer
paring knife
patty-pan
percolator
petri dish
place setting
setting
plate
platter
poacher
popper
porringer
pot
pottle
powdered mustard
dry mustard
prong
punch bowl
ramekin
ramequin
reamer
juicer
juice reamer
ricer
roaster
rolling pin
runcible spoon
salad bowl
salad fork
salad plate
salad bowl
samovar
saucepan
saucepot
saucer
scyphus
seeder
server
service
table service
serving dish
silver plate
silverware
skimmer
slicer
slop basin
slop bowl
soda fountain
soup bowl
soup plate
soupspoon
soup spoon
spatula
spice rack
spider
spoon
spork
squeezer
steak knife
steamer
steel plate
stewing pan
stewpan
stockpot
sugar bowl
sugar spoon
sugar shell
swizzle stick
tablefork
table knife
tablespoon
tableware
tea ball
teacup
teakettle
tea maker
teapot
tea service
tea set
teaspoon
tea tray
tea urn
tine
toasting fork
tureen
turner
food turner
urn
utensil
venetian glass
watch glass
water cooler
whisk
willowware
willow-pattern
wok
wooden spoon
vintage
time of origin
taste property
spiciness
spice
spicery
pungency
bite
sharpness
nip
piquance
piquancy
tang
tanginess
zest
hotness
pepperiness
sourness
sour
acidity
acerbity
tartness
vinegariness
vinegarishness
sweetness
sweet
saccharinity
sugariness
bitterness
bitter
acerbity
acridity
acridness
palatability
palatableness
pleasingness
tastiness
appetizingness
appetisingness
delectability
deliciousness
lusciousness
toothsomeness
flavorsomeness
flavoutsomeness
savoriness
sapidity
sapidness
succulence
juiciness
unpalatability
unpalatableness
disgustingness
distastefulness
nauseatingness
sickeningness
unsavoriness
unappetizingness
unappetisingness
flavorlessness
flavourlessness
savorlessness
savourlessness
tastelessness
blandness
insipidity
insipidness
edibility
edibleness
digestibility
digestibleness
indigestibility
indigestibleness
milk
mother's milk
colostrum
foremilk
course
dainty
delicacy
goody
kickshaw
treat
dish
fast food
finger food
ingesta
kosher
mess
foodstuff
food product
breadstuff
coloring
colouring
food coloring
food colouring
food color
food colour
concentrate
tomato concentrate
meal
kibble
cornmeal
indian meal
farina
matzo meal
matzoh meal
matzah meal
oatmeal
rolled oats
pea flour
roughage
bran
flour
plain flour
wheat flour
whole wheat flour
graham flour
graham
whole meal flour
soybean meal
soybean flour
soy flour
semolina
nutriment
nourishment
nutrition
sustenance
aliment
alimentation
victuals
cuisine
culinary art
dim sum
haute cuisine
nouvelle cuisine
rechauffe
gastronomy
frozen food
frozen foods
canned food
canned foods
canned goods
tinned goods
canned meat
tinned meat
fanny adams
spam
dehydrated food
dehydrated foods
square meal
meal
repast
potluck
refection
refreshment
breakfast
continental breakfast
petit dejeuner
brunch
lunch
luncheon
tiffin
dejeuner
business lunch
high tea
tea
afternoon tea
teatime
dinner
supper
buffet
picnic
cookout
barbecue
barbeque
clambake
fish fry
wiener roast
weenie roast
bite
collation
snack
nosh
nosh-up
ploughman's lunch
coffee break
tea break
banquet
feast
spread
helping
portion
serving
taste
mouthful
morsel
bit
bite
swallow
sup
entree
main course
piece de resistance
plate
adobo
side dish
entremots
special
casserole
chicken casserole
chicken cacciatore
chicken cacciatora
hunter's chicken
roast
joint
antipasto
apertif
appetizer
appetiser
starter
canape
cocktail
fruit cocktail
crab cocktail
shrimp cocktail
hors d'oeuvre
relish
dip
bean dip
cheese dip
clam dip
guacamole
soup
soup du jour
alphabet soup
consomme
madrilene
bisque
borsch
borsh
borscht
borsht
borshch
bortsch
broth
liquor
pot liquor
pot likker
barley water
bouillon
beef broth
beef stock
chicken broth
chicken stock
broth
stock
stock cube
chicken soup
cock-a-leekie
cocky-leeky
gazpacho
gumbo
marmite
mock turtle soup
mulligatawny
oxtail soup
pea soup
pepper pot
philadelphia pepper pot
petite marmite
minestrone
vegetable soup
potage
pottage
pottage
turtle soup
green turtle soup
eggdrop soup
chowder
corn chowder
clam chowder
manhattan clam chowder
new england clam chowder
fish chowder
won ton
wonton
wonton soup
split-pea soup
green pea soup
potage st. germain
lentil soup
scotch broth
vichyssoise
stew
bigos
brunswick stew
burgoo
burgoo
olla podrida
spanish burgoo
mulligan stew
mulligan
irish burgoo
purloo
chicken purloo
poilu
goulash
hungarian goulash
gulyas
hotchpotch
hot pot
hotpot
beef goulash
pork-and-veal goulash
porkholt
irish stew
oyster stew
lobster stew
lobscouse
lobscuse
scouse
fish stew
bouillabaisse
matelote
paella
fricassee
chicken stew
turkey stew
beef stew
stew meat
ragout
salmi
pot-au-feu
slumgullion
smorgasbord
viand
ready-mix
brownie mix
cake mix
lemonade mix
self-rising flour
self-raising flour
choice morsel
tidbit
titbit
savory
savoury
calf's-foot jelly
caramel
caramelized sugar
lump sugar
sugarloaf
sugar loaf
loaf sugar
cane sugar
castor sugar
caster sugar
powdered sugar
granulated sugar
icing sugar
beet sugar
corn sugar
brown sugar
demerara
demerara sugar
sweet
confection
confectionery
confiture
sweetmeat
candy
candy bar
carob
carob powder
saint-john's-bread
carob bar
hardbake
hard candy
barley-sugar
barley candy
brandyball
jawbreaker
lemon drop
sourball
patty
peppermint patty
bonbon
brittle
toffee
toffy
peanut brittle
chewing gum
gum
gum ball
bubble gum
butterscotch
candied fruit
crystallized fruit
candied apple
candy apple
taffy apple
caramel apple
toffee apple
crystallized ginger
grapefruit peel
candied citrus peel
candy cane
candy corn
caramel
center
centre
comfit
cotton candy
spun sugar
candyfloss
dragee
dragee
fondant
fudge
chocolate fudge
divinity
divinity fudge
penuche
penoche
panoche
panocha
gumdrop
jujube
honey crisp
mint
mint candy
horehound
peppermint
peppermint candy
jelly bean
jelly egg
kiss
molasses kiss
candy kiss
meringue kiss
chocolate kiss
scotch kiss
licorice
liquorice
life saver
lollipop
sucker
all-day sucker
lozenge
cachou
cough drop
troche
pastille
pastil
marshmallow
marzipan
marchpane
nougat
nougat bar
nut bar
peanut bar
popcorn ball
praline
rock candy
rock candy
rock
sugar candy
sugarplum
taffy
molasses taffy
truffle
chocolate truffle
turkish delight
dessert
sweet
afters
ambrosia
nectar
ambrosia
baked alaska
blancmange
charlotte
compote
fruit compote
dumpling
flan
frozen dessert
junket
mousse
mousse
peach melba
whip
prune whip
pudding
pudding
pud
syllabub
sillabub
tiramisu
trifle
tipsy cake
jello
jell-o
charlotte russe
apple dumpling
ice
frappe
water ice
sherbert
sherbet
sorbet
ice cream
ice-cream cone
chocolate ice cream
choc-ice
neapolitan ice cream
peach ice cream
strawberry ice cream
tutti-frutti
vanilla ice cream
ice lolly
lolly
lollipop
popsicle
ice milk
frozen yogurt
snowball
snowball
parfait
ice-cream sundae
sundae
split
banana split
frozen pudding
frozen custard
soft ice cream
pudding
flummery
fish mousse
chicken mousse
chocolate mousse
plum pudding
christmas pudding
carrot pudding
corn pudding
steamed pudding
duff
vanilla pudding
chocolate pudding
brown betty
nesselrode
nesselrode pudding
pease pudding
custard
creme caramel
creme anglais
creme brulee
fruit custard
tapioca
tapioca pudding
roly-poly
roly-poly pudding
suet pudding
spotted dick
bavarian cream
maraschino
maraschino cherry
nonpareil
zabaglione
sabayon
topping
crumb
breadcrumb
cracker crumbs
pastry
pastry dough
timbale
puff paste
pate feuillete
phyllo
puff batter
pouf paste
pate a choux
ice-cream cake
icebox cake
yeast cake
fish cake
fish ball
fish stick
fish finger
conserve
preserve
conserves
preserves
apple butter
chowchow
jam
lemon curd
lemon cheese
strawberry jam
strawberry preserves
jelly
apple jelly
crabapple jelly
grape jelly
marmalade
orange marmalade
gelatin
jelly
gelatin dessert
bird
fowl
poultry
chicken
poulet
volaille
broiler
capon
fryer
frier
pullet
roaster
oven stuffer
oven stuffer roaster
spatchcock
hen
rock cornish hen
guinea hen
squab
dove
duck
duckling
goose
wildfowl
grouse
quail
partridge
pheasant
turkey
drumstick
turkey leg
turkey drumstick
chicken leg
chicken drumstick
second joint
thigh
breast
white meat
wing
turkey wing
chicken wing
buffalo wing
barbecued wing
giblet
giblets
medallion
oyster
parson's nose
pope's nose
meat
game
dark meat
mess
mince
puree
raw meat
gobbet
carrion
red meat
variety meat
organs
offal
heart
liver
calves' liver
calf's liver
chicken liver
goose liver
sweetbread
sweetbreads
brain
calf's brain
stomach sweetbread
neck sweetbread
throat sweetbread
tongue
beef tongue
calf's tongue
venison
cut
cut of meat
chop
barbecue
barbeque
cold cuts
chine
piece
slice
cutlet
scallop
scollop
escallop
escalope de veau orloff
fillet
filet
fish fillet
fish filet
leg
side
side of meat
side of beef
forequarter
hindquarter
cut of beef
chuck
chuck short ribs
rib
sparerib
shank
foreshank
hindshank
shin
brisket
plate
flank
steak
fish steak
beefsteak
flank steak
minute steak
loin
beef loin
sirloin
wedge bone
flat bone
pin bone
sirloin tip
sirloin steak
tenderloin
undercut
beef tenderloin
fillet
filet
pork tenderloin
chateaubriand
delmonico steak
club steak
tournedos
filet mignon
porterhouse
porterhouse steak
t-bone steak
blade
blade roast
neck
beef neck
shoulder
pot roast
short ribs
rib roast
standing rib roast
round
round steak
top round
bottom round
rump steak
strip steak
new york strip
rump
rump roast
aitchbone
tripe
honeycomb tripe
buffalo
beef
boeuf
beef roast
roast beef
patty
cake
ground beef
hamburger
chopped steak
chop steak
chopsteak
hamburger steak
beef patty
bully beef
corned beef
corn beef
pastrami
carbonado
halal
jerky
jerked meat
beef jerky
biltong
pemmican
pemican
veal
veau
veal parmesan
veal parmigiana
cut of veal
scrag
scrag end
veal roast
roast veal
breast of veal
fricandeau
veal cordon bleu
calves' feet
horsemeat
horseflesh
rabbit
hare
mouton
mutton
mutton chop
scrag
cut of mutton
lamb
cut of lamb
breast of lamb
poitrine d'agneau
saddle
saddle of lamb
loin of lamb
lamb chop
lamb-chop
lambchop
rack
lamb roast
roast lamb
rack of lamb
crown roast
ham hock
leg of lamb
gigot
pork
porc
cut of pork
cochon de lait
suckling pig
flitch
side of bacon
gammon
pork loin
side of pork
pork belly
pork roast
roast pork
ham
jambon
gammon
virginia ham
picnic ham
picnic shoulder
porkchop
prosciuto
bacon
bacon strip
rind
bacon rind
canadian bacon
salt pork
fatback
sowbelly
spareribs
pigs' feet
pigs' knuckles
chitterlings
chitlins
chitlings
haslet
margarine
margarin
oleo
oleomargarine
marge
sausage
sausage meat
blood sausage
blood pudding
black pudding
bologna
bologna sausage
chipolata
frank
frankfurter
hotdog
hot dog
dog
wiener
wienerwurst
weenie
vienna sausage
polony
headcheese
knackwurst
knockwurst
liver pudding
liver sausage
liverwurst
pepperoni
pork sausage
salami
banger
bratwurst
brat
linguica
saveloy
souse
lunch meat
luncheon meat
mincemeat
stuffing
dressing
turkey stuffing
oyster stuffing
oyster dressing
forcemeat
farce
bread
breadstuff
staff of life
pita
pocket bread
frankfurter bun
hotdog bun
sandwich
sandwich plate
butty
ham sandwich
chicken sandwich
club sandwich
three-decker
triple-decker
open-face sandwich
open sandwich
hamburger
beefburger
cheeseburger
tunaburger
hotdog
hot dog
red hot
sloppy joe
bomber
grinder
hero
hero sandwich
hoagie
hoagy
cuban sandwich
italian sandwich
poor boy
sub
submarine
submarine sandwich
torpedo
wedge
zep
gyro
bacon-lettuce-tomato sandwich
blt
reuben
western
western sandwich
wrap
hasty pudding
gruel
congee
jook
skilly
edible fruit
vegetable
veggie
raw vegetable
rabbit food
crudites
celery stick
legume
pulse
potherb
greens
green
leafy vegetable
chop-suey greens
bean curd
tofu
solanaceous vegetable
root vegetable
potato
white potato
irish potato
murphy
spud
tater
baked potato
french fries
french-fried potatoes
fries
home fries
home-fried potatoes
jacket potato
jacket
mashed potato
potato skin
potato peel
potato peelings
uruguay potato
yam
sweet potato
yam
snack food
chip
crisp
potato chip
saratoga chip
corn chip
tortilla chip
nacho
eggplant
aubergine
mad apple
pieplant
rhubarb
cruciferous vegetable
mustard
mustard greens
leaf mustard
indian mustard
cabbage
chou
kale
kail
cole
collards
collard greens
chinese cabbage
celery cabbage
chinese celery
bok choy
bok choi
head cabbage
red cabbage
savoy cabbage
savoy
broccoli
cauliflower
brussels sprout
brussels sprouts
broccoli rabe
broccoli raab
squash
summer squash
yellow squash
crookneck
crookneck squash
summer crookneck
zucchini
courgette
marrow
vegetable marrow
cocozelle
pattypan squash
spaghetti squash
winter squash
acorn squash
butternut squash
hubbard squash
turban squash
buttercup squash
cushaw
winter crookneck squash
cucumber
cuke
gherkin
artichoke
globe artichoke
artichoke heart
jerusalem artichoke
sunchoke
asparagus
bamboo shoot
sprout
bean sprout
alfalfa sprout
beet
beetroot
beet green
sugar beet
mangel-wurzel
chard
swiss chard
spinach beet
leaf beet
pepper
sweet pepper
bell pepper
green pepper
globe pepper
pimento
pimiento
hot pepper
chili
chili pepper
chilli
chilly
chile
jalapeno
jalapeno pepper
chipotle
cayenne
cayenne pepper
tabasco
red pepper
onion
bermuda onion
green onion
scallion
vidalia onion
spanish onion
spring onion
purple onion
red onion
leek
shallot
salad green
salad greens
lettuce
butterhead lettuce
buttercrunch
bibb lettuce
boston lettuce
crisphead lettuce
iceberg lettuce
iceberg
cos
cos lettuce
romaine
romaine lettuce
leaf lettuce
loose-leaf lettuce
celtuce
bean
edible bean
goa bean
lentil
pea
green pea
garden pea
marrowfat pea
snow pea
sugar pea
sugar snap pea
split-pea
chickpea
garbanzo
cajan pea
pigeon pea
dahl
field pea
mushy peas
black-eyed pea
cowpea
common bean
kidney bean
navy bean
pea bean
white bean
pinto bean
frijole
black bean
turtle bean
fresh bean
flageolet
haricot
green bean
snap bean
snap
string bean
kentucky wonder
kentucky wonder bean
scarlet runner
scarlet runner bean
runner bean
english runner bean
haricot vert
haricots verts
french bean
wax bean
yellow bean
shell bean
lima bean
fordhooks
sieva bean
butter bean
butterbean
civet bean
fava bean
broad bean
soy
soybean
green soybean
field soybean
cardoon
carrot
carrot stick
celery
pascal celery
paschal celery
celeriac
celery root
chicory
curly endive
radicchio
chicory escarole
endive
escarole
belgian endive
french endive
witloof
corn
edible corn
sweet corn
green corn
hominy
lye hominy
pearl hominy
popcorn
cress
watercress
garden cress
winter cress
dandelion green
gumbo
okra
kohlrabi
turnip cabbage
lamb's-quarter
pigweed
wild spinach
wild spinach
tomato
beefsteak tomato
cherry tomato
plum tomato
tomatillo
husk tomato
mexican husk tomato
mushroom
stuffed mushroom
salsify
oyster plant
vegetable oyster
scorzonera
black salsify
parsnip
pumpkin
radish
turnip
white turnip
rutabaga
swede
swedish turnip
yellow turnip
turnip greens
sorrel
common sorrel
french sorrel
spinach
taro
taro root
cocoyam
dasheen
edda
truffle
earthnut
freestone
cling
clingstone
peel
skin
banana peel
banana skin
lemon peel
lemon rind
orange peel
orange rind
windfall
apple
crab apple
crabapple
eating apple
dessert apple
baldwin
cortland
cox's orange pippin
delicious
golden delicious
yellow delicious
red delicious
empire
grimes' golden
jonathan
mcintosh
macoun
northern spy
pearmain
pippin
prima
stayman
winesap
stayman winesap
cooking apple
bramley's seedling
granny smith
lane's prince albert
newtown wonder
rome beauty
berry
bilberry
whortleberry
european blueberry
huckleberry
blueberry
wintergreen
boxberry
checkerberry
teaberry
spiceberry
cranberry
lingonberry
mountain cranberry
cowberry
lowbush cranberry
currant
gooseberry
black currant
red currant
blackberry
boysenberry
dewberry
loganberry
raspberry
saskatoon
serviceberry
shadberry
juneberry
lanseh
lansa
lansat
lanset
strawberry
sugarberry
hackberry
persimmon
acerola
barbados cherry
surinam cherry
west indian cherry
carambola
star fruit
ceriman
monstera
carissa plum
natal plum
citrus
citrus fruit
citrous fruit
section
orange
temple orange
mandarin
mandarin orange
clementine
satsuma
tangerine
tangelo
ugli
ugli fruit
bitter orange
seville orange
sour orange
sweet orange
jaffa orange
navel orange
valencia orange
kumquat
lemon
lime
key lime
grapefruit
pomelo
shaddock
citrange
citron
apricot
peach
nectarine
pitahaya
plum
damson
damson plum
greengage
greengage plum
beach plum
sloe
victoria plum
dried fruit
dried apricot
prune
raisin
seedless raisin
sultana
seeded raisin
currant
fig
pineapple
ananas
anchovy pear
river pear
banana
passion fruit
granadilla
sweet calabash
bell apple
sweet cup
water lemon
yellow granadilla
breadfruit
jackfruit
jak
jack
cocoa
canistel
eggfruit
melon
melon ball
muskmelon
sweet melon
cantaloup
cantaloupe
winter melon
honeydew
honeydew melon
persian melon
net melon
netted melon
nutmeg melon
casaba
casaba melon
watermelon
cherry
sweet cherry
black cherry
bing cherry
heart cherry
oxheart
oxheart cherry
blackheart
blackheart cherry
capulin
mexican black cherry
sour cherry
amarelle
morello
cocoa plum
coco plum
icaco
gherkin
grape
fox grape
slip-skin grape
concord grape
catawba
muscadine
bullace grape
scuppernong
vinifera grape
emperor
muscat
muscatel
muscat grape
ribier
sultana
tokay
flame tokay
thompson seedless
custard apple
cherimoya
cherimolla
soursop
guanabana
bullock's heart
jamaica apple
sweetsop
anon
sugar apple
ilama
pond apple
papaw
pawpaw
papaya
kai apple
ketembilla
kitembilla
kitambilla
ackee
akee
durian
feijoa
pineapple guava
genip
spanish lime
genipap
genipap fruit
kiwi
kiwi fruit
chinese gooseberry
loquat
japanese plum
mangosteen
mango
sapodilla
sapodilla plum
sapota
sapote
mammee
marmalade plum
tamarind
tamarindo
avocado
alligator pear
avocado pear
aguacate
date
elderberry
guava
mombin
hog plum
yellow mombin
hog plum
wild plum
jaboticaba
jujube
chinese date
chinese jujube
litchi
litchi nut
litchee
lichi
leechee
lichee
lychee
longanberry
dragon's eye
mamey
mammee
mammee apple
marang
medlar
medlar
mulberry
olive
black olive
ripe olive
green olive
pear
bosc
anjou
bartlett
bartlett pear
seckel
seckel pear
plantain
plumcot
pomegranate
prickly pear
garambulla
barbados gooseberry
blade apple
quandong
quandang
quantong
native peach
quince
rambutan
rambotan
pulasan
pulassan
rose apple
sorb
sorb apple
sour gourd
sour gourd
monkey bread
coconut milk
coconut water
cola extract
escargot
snail
anchovy paste
rollmops
crab
crabmeat
flitch
tomalley
grain
food grain
cereal
grist
groats
millet
barley
barleycorn
pearl barley
buckwheat
bulgur
bulghur
bulgur wheat
wheat
wheat berry
stodge
wheat germ
oat
rice
brown rice
white rice
polished rice
wild rice
indian rice
paddy
salad
tossed salad
green salad
caesar salad
salmagundi
salad nicoise
combination salad
chef's salad
potato salad
pasta salad
macaroni salad
fruit salad
waldorf salad
crab louis
herring salad
tuna fish salad
tuna salad
chicken salad
coleslaw
slaw
aspic
molded salad
tabbouleh
tabooli
ingredient
fixings
flavorer
flavourer
flavoring
flavouring
seasoner
seasoning
bouillon cube
lemon zest
orange zest
condiment
herb
fines herbes
spice
peppermint oil
spearmint oil
lemon oil
wintergreen oil
oil of wintergreen
salt
table salt
common salt
celery salt
garlic salt
onion salt
seasoned salt
sour salt
five spice powder
allspice
cinnamon
stick cinnamon
clove
ginger
gingerroot
ginger
powdered ginger
mace
nutmeg
pepper
peppercorn
black pepper
white pepper
sassafras
basil
sweet basil
bay leaf
borage
hyssop
caraway
chervil
chives
comfrey
healing herb
coriander
chinese parsley
cilantro
coriander
coriander seed
costmary
fennel
common fennel
fennel
florence fennel
finocchio
fennel seed
fenugreek
fenugreek seed
garlic
ail
clove
garlic clove
garlic chive
lemon balm
lovage
marjoram
oregano
mint
mustard seed
mustard
table mustard
chinese mustard
nasturtium
parsley
salad burnet
rosemary
rue
sage
clary sage
savory
savoury
summer savory
summer savoury
winter savory
winter savoury
sweet woodruff
waldmeister
sweet cicely
tarragon
estragon
thyme
turmeric
caper
catsup
ketchup
cetchup
tomato ketchup
cardamom
cardamon
cardamum
cayenne
cayenne pepper
red pepper
chili powder
chili sauce
chili vinegar
chutney
indian relish
steak sauce
taco sauce
salsa
mint sauce
cranberry sauce
curry powder
curry
lamb curry
duck sauce
hoisin sauce
horseradish
marinade
paprika
spanish paprika
pickle
dill pickle
chowchow
bread and butter pickle
pickle relish
piccalilli
sweet pickle
applesauce
apple sauce
soy sauce
soy
tabasco
tabasco sauce
tomato paste
angelica
angelica
almond extract
anise
aniseed
chinese anise
star anise
star aniseed
juniper berries
saffron
sesame seed
benniseed
caraway seed
poppy seed
dill
dill weed
dill seed
celery seed
lemon extract
monosodium glutamate
msg
vanilla bean
vanilla
vanilla extract
vinegar
acetum
cider vinegar
wine vinegar
sauce
anchovy sauce
hot sauce
hard sauce
horseradish sauce
sauce albert
bolognese pasta sauce
carbonara
tomato sauce
tartare sauce
tartar sauce
wine sauce
marchand de vin
mushroom wine sauce
bread sauce
plum sauce
peach sauce
apricot sauce
ravigote
remoulade sauce
dressing
salad dressing
sauce louis
bleu cheese dressing
blue cheese dressing
blue cheese dressing
roquefort dressing
french dressing
vinaigrette
sauce vinaigrette
french dressing for fruit salad
lorenzo dressing
anchovy dressing
italian dressing
half-and-half dressing
mayonnaise
mayo
green mayonnaise
sauce verte
aioli
aioli sauce
garlic sauce
russian dressing
russian mayonnaise
salad cream
thousand island dressing
barbecue sauce
hollandaise
bearnaise
bercy
bercy butter
bordelaise
bourguignon
bourguignon sauce
burgundy sauce
brown sauce
sauce espagnole
espanole
sauce espanole
chinese brown sauce
brown sauce
cheese sauce
chocolate sauce
chocolate syrup
hot-fudge sauce
fudge sauce
cocktail sauce
seafood sauce
colbert
colbert butter
white sauce
bechamel sauce
bechamel
cream sauce
mornay sauce
demiglace
demi-glaze
gravy
pan gravy
spaghetti sauce
pasta sauce
marinara
mole
hunter's sauce
sauce chausseur
mushroom sauce
mustard sauce
nantua
shrimp sauce
hungarian sauce
paprika sauce
pepper sauce
poivrade
roux
smitane
soubise
white onion sauce
lyonnaise sauce
brown onion sauce
veloute
allemande
allemande sauce
caper sauce
poulette
curry sauce
worcester sauce
worcestershire
worcestershire sauce
coconut milk
coconut cream
egg
eggs
egg white
albumen
ovalbumin
egg yolk
boiled egg
coddled egg
hard-boiled egg
easter egg
easter egg
chocolate egg
candy egg
poached egg
dropped egg
scrambled egg
deviled egg
stuffed egg
shirred egg
baked egg
egg en cocotte
omelet
omelette
firm omelet
french omelet
fluffy omelet
western omelet
souffle
fried egg
dairy product
milk
milk
soya milk
soybean milk
soymilk
formula
pasteurized milk
cows' milk
yak's milk
goats' milk
acidophilus milk
pasturized milk
raw milk
scalded milk
homogenized milk
certified milk
powdered milk
dry milk
dried milk
milk powder
nonfat dry milk
evaporated milk
condensed milk
skim milk
skimmed milk
whole milk
low-fat milk
buttermilk
cream
clotted cream
devonshire cream
double creme
heavy whipping cream
half-and-half
heavy cream
light cream
coffee cream
single cream
sour cream
soured cream
whipping cream
light whipping cream
butter
clarified butter
drawn butter
ghee
brown butter
beurre noisette
meuniere butter
lemon butter
yogurt
yoghurt
yoghourt
blueberry yogurt
raita
whey
curd
curd
clabber
cheese
cheese rind
cream cheese
double cream
mascarpone
triple cream
triple creme
cottage cheese
pot cheese
farm cheese
farmer's cheese
process cheese
processed cheese
american cheese
bleu
blue cheese
stilton
roquefort
gorgonzola
danish blue
bavarian blue
brie
brick cheese
camembert
cheddar
cheddar cheese
store cheese
cheshire cheese
double gloucester
edam
goat cheese
chevre
gouda
gouda cheese
grated cheese
hand cheese
liederkranz
limburger
mozzarella
muenster
parmesan
quark cheese
quark
ricotta
string cheese
swiss cheese
emmenthal
emmental
emmenthaler
emmentaler
gruyere
sapsago
velveeta
nut butter
peanut butter
marshmallow fluff
onion butter
pimento butter
shrimp butter
lobster butter
yak butter
spread
paste
cheese spread
anchovy butter
fishpaste
garlic butter
snail butter
hummus
humus
hommos
hoummos
humous
pate
duck pate
foie gras
pate de foie gras
tapenade
tahini
sweetening
sweetener
aspartame
honey
saccharin
sugar
refined sugar
syrup
sirup
sugar syrup
molasses
sorghum
sorghum molasses
treacle
golden syrup
grenadine
maple syrup
corn syrup
batter
dough
bread dough
pancake batter
fritter batter
sop
sops
coq au vin
chicken and rice
moo goo gai pan
arroz con pollo
bacon and eggs
barbecued spareribs
spareribs
beef bourguignonne
boeuf bourguignonne
beef wellington
filet de boeuf en croute
bitok
boiled dinner
new england boiled dinner
boston baked beans
bubble and squeak
cannelloni
carbonnade flamande
belgian beef stew
cheese souffle
chicken marengo
chicken cordon bleu
maryland chicken
chicken paprika
chicken paprikash
chicken tetrazzini
chicken kiev
chili
chili con carne
chili dog
chop suey
chow mein
codfish ball
codfish cake
coquille
coquilles saint-jacques
croquette
cottage pie
rissole
dolmas
stuffed grape leaves
egg foo yong
egg fu yung
egg roll
spring roll
eggs benedict
enchilada
falafel
felafel
fish and chips
fondue
fondu
cheese fondue
chocolate fondue
fondue
fondu
beef fondue
boeuf fondu bourguignon
french toast
fried rice
chinese fried rice
frittata
frog legs
galantine
gefilte fish
fish ball
haggis
ham and eggs
hash
corned beef hash
jambalaya
kabob
kebab
shish kebab
kedgeree
souvlaki
souvlakia
knish
lasagna
lasagne
seafood newburg
lobster newburg
lobster a la newburg
shrimp newburg
newburg sauce
lobster thermidor
lutefisk
lutfisk
macaroni and cheese
macedoine
meatball
porcupine ball
porcupines
swedish meatball
meat loaf
meatloaf
moussaka
osso buco
marrow
bone marrow
pheasant under glass
pigs in blankets
pilaf
pilaff
pilau
pilaw
bulgur pilaf
pizza
pizza pie
sausage pizza
pepperoni pizza
cheese pizza
anchovy pizza
sicilian pizza
poi
pork and beans
porridge
oatmeal
burgoo
loblolly
potpie
rijsttaffel
rijstaffel
rijstafel
risotto
italian rice
roulade
fish loaf
salmon loaf
salisbury steak
sauerbraten
sauerkraut
scallopine
scallopini
veal scallopini
scampi
scotch egg
scotch woodcock
spaghetti and meatballs
spanish rice
steak tartare
tartar steak
cannibal mound
pepper steak
steak au poivre
peppered steak
pepper steak
beef stroganoff
stuffed cabbage
kishke
stuffed derma
stuffed peppers
stuffed tomato
hot stuffed tomato
stuffed tomato
cold stuffed tomato
succotash
sukiyaki
sashimi
sushi
swiss steak
tamale
tamale pie
tempura
teriyaki
terrine
welsh rarebit
welsh rabbit
rarebit
schnitzel
wiener schnitzel
tortilla
taco
chicken taco
burrito
beef burrito
tostada
bean tostada
refried beans
frijoles refritos
concoction
mixture
intermixture
mix
premix
filling
lekvar
round
round of drinks
libation
malt
wort
mocha
cassareep
chocolate milk
criollo
juice
frozen orange juice
orange-juice concentrate
lemon juice
lime juice
papaya juice
tomato juice
carrot juice
v-8 juice
malted milk
tea
tea leaf
tea bag
black tea
congou
congo
congou tea
english breakfast tea
orange pekoe
pekoe
green tea
hyson
oolong
perishables
spoilables
couscous
ramekin
ramequin
multivitamin
multivitamin pill
vitamin pill
power breakfast
grinding
shell
eggshell
enologist
oenologist
fermentologist
baker
bread maker
baster
brewer
beer maker
confectioner
candymaker
cook
chef
cookie
cooky
cordon bleu
cupbearer
fry cook
oenophile
oenophilist
wine lover
pastry cook
preserver
roaster
salter
seasoner
taster
taste tester
taste-tester
sampler
vintner
winemaker
wine maker
farmer
fannie farmer
fannie merritt farmer
hershey
milton snavely hershey
beet
common beet
beta vulgaris
beetroot
beta vulgaris rubra
chard
swiss chard
spinach beet
leaf beet
chard plant
beta vulgaris cicla
mangel-wurzel
mangold-wurzel
mangold
beta vulgaris vulgaris
sugar beet
spinach
spinach plant
prickly-seeded spinach
spinacia oleracea
artichoke
globe artichoke
artichoke plant
cynara scolymus
cardoon
cynara cardunculus
sweet corn
sugar corn
green corn
sweet corn plant
zea mays rugosa
zea saccharata
vegetable
mildew
mold
amino acid
aminoalkanoic acid
alpha-tocopheral
protein
polypeptide
brewer's yeast
choline
inositol
leaven
leavening
palmitic acid
hexadecanoic acid
pantothenic acid
pantothen
thickening
thickener
vitamin
fat-soluble vitamin
water-soluble vitamin
vitamin a
antiophthalmic factor
axerophthol
a
vitamin a1
retinol
vitamin a2
dehydroretinol
b-complex vitamin
b complex
vitamin b complex
vitamin b
b vitamin
b
vitamin b1
thiamine
thiamin
aneurin
antiberiberi factor
vitamin b12
cobalamin
cyanocobalamin
antipernicious anemia factor
vitamin b2
vitamin g
riboflavin
lactoflavin
ovoflavin
hepatoflavin
vitamin b6
pyridoxine
pyridoxal
pyridoxamine
adermin
vitamin bc
vitamin m
folate
folic acid
folacin
pteroylglutamic acid
pteroylmonoglutamic acid
niacin
nicotinic acid
vitamin d
calciferol
viosterol
ergocalciferol
cholecarciferol
d
vitamin e
tocopherol
e
biotin
vitamin h
vitamin k
naphthoquinone
antihemorrhagic factor
vitamin k1
phylloquinone
phytonadione
vitamin k3
menadione
vitamin p
bioflavinoid
citrin
vitamin c
ascorbic acid
yeast
barm
mother
burp
bubble
belch
eruct
run up
cream
pit
stone
hull
bus
disembowel
eviscerate
draw
shell
pod
addle
freeze-dry
conserve
lyophilize
lyophilise
preserve
keep
dehydrate
desiccate
pickle
salt
marinade
marinate
decoct
can
tin
put up
moonshine
distill
extract
distil
boil down
reduce
decoct
concentrate
bake
ovenbake
brown
coddle
fire
stuff
pad
bolster
baste
souse
microwave
micro-cook
zap
nuke
shirr
blanch
parboil
overboil
cook
overcook
fricassee
stew
jug
simmer
seethe
roll
roast
barbecue
cook out
pan roast
braise
fry
frizzle
deep-fat-fry
griddle
pan-fry
french-fry
deep-fry
stir fry
saute
grill
hibachi
steam
steep
infuse
infuse
draw
boil
broil
oven broil
pan-broil
pressure-cook
grind
mash
crunch
bray
comminute
pulp
pestle
mill
pasteurize
pasteurise
refrigerate
boil
decoct
boil over
overboil
fold
curdle
homogenize
homogenise
homogenize
homogenise
curdle
clabber
clot
sour
turn
ferment
work
ferment
work
vinify
splat
adulterate
stretch
dilute
debase
water down
sophisticate
doctor
doctor up
tender
tenderize
tenderise
caseate
cure
dun
corn
proof
pall
dress
dress out
poach
denature
card
consume
ingest
take in
take
have
cannibalize
cannibalise
use
habituate
eat
take out
take away
victual
wash down
eat in
dine in
eat out
dine out
dine
dine
picnic
eat
gluttonize
gluttonise
fress
wolf
wolf down
slurp
swill
swill down
drench
suck
drink
imbibe
guggle
gurgle
sip
guzzle
lap
lap up
lick
drink
booze
fuddle
port
claret
tipple
bib
drink
tope
break bread
partake
touch
fare
pitch in
dig in
tuck in
tuck away
put away
nosh
snack
pick at
peck at
peck
peck
pick up
gobble
bolt
garbage down
gobble up
shovel in
bolt down
nibble
pick
piece
ruminate
browse
graze
drain the cup
drink up
mess
regale
treat
wine
alcoholize
board
board
forage
raven
scavenge
fodder
slop
swill
regurgitate
feed
give
corn
undernourish
malnourish
overfeed
spoonfeed
force-feed
feed
eat
feed
serve
serve up
dish out
dish up
dish
plank
cater
serve
help
feed
feed
feast
provide
supply
ply
cater
underlay
shower
accommodate
lunch
lunch
brunch
breakfast
breakfast
feast
banquet
junket
breastfeed
bottle-feed
suckle
suck
nurse
wet-nurse
lactate
give suck
bottlefeed
suckle
starve
famish
starve
famish
starve
hunger
famish
be full
souse
soak
inebriate
hit it up
wine
dunk
dip
gorge
ingurgitate
overindulge
glut
englut
stuff
engorge
overgorge
overeat
gormandize
gormandise
gourmandize
binge
pig out
satiate
scarf out
satiate
sate
replete
fill
cloy
pall
wine and dine
inject
sample
try
try out
taste
degust
abstain
refrain
desist
devour
guttle
raven
pig
eat up
finish
polish off
devour
down
consume
go through
smack
digest
stomach
predigest
take in
sop up
suck in
take up
chew
masticate
manducate
jaw
crunch
munch
swallow
get down
toss off
pop
bolt down
belt down
pour down
down
drink down
kill
bolt
nourish
nurture
sustain
raven
prey
predate
fill up
fill
quench
slake
allay
assuage
nutrify
aliment
nourish
range
grass
sup
fillet
filet
slice
slice up
flour
butter
truss
pulp
sauce
corral
collect
pull in
archive
file away
scrape
scrape up
come up
nickel-and-dime
beat up
drum up
rally
lump
chunk
bale
churn
cork
cork up
uncork
gnaw
percolate
catch
bin
bottle
crop
browse
graze
range
pasture
crop
graze
pasture
drift
crunch
cranch
craunch
grind
bake
brew
cook
fix
ready
make
prepare
put on
spatchcock
devil
cook
precook
whip up
whomp up
concoct
cook up
lard
rack
decant
pour
pour out
taste
resinate
taste
savor
savour
taste
savor
savour
smack
taste
fund
fund
computerize
computerise
store
hive away
lay in
put in
salt away
stack away
stash away
victual
roll up
collect
accumulate
pile up
amass
compile
hoard
hive
victual
vitaminize
vitaminise
trellis
animal
vegetable
mineral
appetizing
appetising
unappetizing
unappetising
cooked
raw
bad
spoiled
spoilt
candied
crystalized
crystalised
glace
glazed
dry
nonstick
stoneless
tasteful
tasteless
culinary
grapelike
prandial
dietary
dietetic
dietetical
lactic
lacteal
vinous
vinaceous
herbal
gastronomic
gastronomical
citrous
leguminious
milch
wheaten
whole-wheat
wholemeal
oaten
carroty
blandly
lusciously
deliciously
scrumptiously
piquantly
spicily
tastily
