exploration
geographic expedition
mardi gras
fat tuesday
mapmaking
cartography
canalization
canalisation
actium
dunkirk
dunkerque
kwajalein
alhambra
angostura bridge
antonine wall
appian way
armillary sphere
armilla
aswan high dam
aswan dam
high dam
auschwitz
baton rouge bridge
bayonne bridge
belmont park
belmont
benjamin franklin bridge
big ben
bosporus bridge
bronx-whitestone bridge
brooklyn bridge
caledonian canal
cambridge university
cambridge
capitol
capitol building
carnegie-mellon university
celestial globe
charlestown navy yard
chinese wall
great wall
great wall of china
churchill downs
colosseum
columbia university
columbia
commodore john barry bridge
cooper union
cooper union for the advancement of science and art
dachau
delaware memorial bridge
dock
dockage
docking facility
duke university
flaminian way
george washington bridge
globe
golden gate bridge
gota canal
greater new orleans bridge
harvard university
harvard
humber bridge
independence hall
island
johns hopkins
kammon strait bridge
lake mead
landing
landing place
leaning tower
leaning tower of pisa
lincoln memorial
louvre
louvre museum
massachusetts institute of technology
mit
minato ohashi bridge
national baseball hall of fame
new river gorge bridge
ohio state university
oxford university
oxford
panama canal
parthenon
pierre laporte bridge
pimlico
ponte 25 de abril
princeton university
princeton
quebec bridge
queensboro bridge
reservoir
artificial lake
santa fe trail
stanford university
stanford
sydney harbor bridge
tacoma narrows bridge
traffic island
safety island
safety isle
safety zone
tuileries
tuileries gardens
tuileries
tuileries palace
university of california at berkeley
university of chicago
university of michigan
university of nebraska
university of north carolina
university of pittsburgh
university of sussex
sussex university
university of texas
university of vermont
university of washington
university of west virginia
university of wisconsin
vatican
vatican palace
verrazano-narrows bridge
walt whitman bridge
washington monument
white house
world trade center
wtc
twin towers
yale university
yale
northernness
southernness
water level
sea level
intersection
intersection point
point of intersection
metacenter
metacentre
vertex
geography
geographics
physical geography
physiography
topography
topology
economic geography
high tide
high water
highwater
ebb
reflux
low tide
low water
ebbtide
tide
direct tide
flood
flood tide
rising tide
neap tide
neap
springtide
leeward tide
lee tide
slack water
slack tide
tidal bore
bore
eagre
aegir
eager
tidal flow
tidal current
undertow
sea puss
sea-puss
sea purse
sea-purse
sea-poose
riptide
rip current
undertide
undercurrent
current
stream
torrent
violent stream
eddy
twist
whirlpool
vortex
maelstrom
armenian church
armenian apostolic orthodox church
center for disease control and prevention
cdc
population
overpopulation
overspill
population
home front
old bailey
eton college
winchester college
aerie
aery
eyrie
eyry
territory
soil
andalusia
andalucia
appalachia
ambiance
ambience
antarctic
antarctic zone
south frigid zone
antarctic circle
arctic
arctic zone
north frigid zone
polar circle
arctic circle
area
country
colony
dependency
crown colony
backwater
backwoods
back country
boondocks
hinterland
bad lands
badlands
banana republic
barbary
barbary coast
bithynia
nicaea
nubia
barren
waste
wasteland
heath
heathland
bush
outback
never-never
frontier
desert
semidesert
oasis
concrete jungle
narco-state
line of control
buffer state
buffer country
catchment area
catchment basin
drainage area
drainage basin
river basin
basin
caucasia
caucasus
city center
city centre
central city
city
metropolis
urban center
megalopolis
conurbation
urban sprawl
subtopia
borough
city limit
city limits
clearing
glade
coats land
zone
geographical zone
climatic zone
commons
common land
commonwealth
confluence
meeting
financial center
civic center
municipal center
down town
inner city
country
state
land
county
county seat
county courthouse
cow pasture
crest
timber line
timberline
tree line
snow line
department
faubourg
domain
demesne
land
archduchy
barony
duchy
dukedom
earldom
emirate
empire
fiefdom
grand duchy
viscounty
khnate
kingdom
realm
principality
princedom
kingdom of god
sheikdom
sheikhdom
suzerainty
eastern hemisphere
orient
old world
far east
north
northland
septentrion
south
southland
east
eastern united states
southeast
southeastern united states
southwest
southwestern united states
northeast
northeastern united states
northwest
northwestern united states
midwest
middle west
pacific northwest
rustbelt
enderby land
environment
environs
surroundings
surround
medium
element
equator
farmland
farming area
hayfield
meadow
medical center
fleet street
frigid zone
polar zone
geographical area
geographic area
geographical region
geographic region
epicenter
epicentre
dust bowl
biogeographical region
benthos
benthic division
benthonic zone
geographic point
geographical point
habitat
home ground
habitation
harley street
d-layer
d region
appleton layer
f layer
f region
heaviside layer
kennelly-heaviside layer
e layer
e region
hemisphere
horse latitude
hot spot
hotspot
midland
lair
den
latitude
line of latitude
parallel of latitude
parallel
lombard street
whitehall
trafalgar square
maghreb
mahgrib
magnetic pole
grassland
meridian
longitude
line of longitude
observer's meridian
prime meridian
magnetic meridian
dateline
date line
international date line
mud flat
big bend
virgin islands national park
northern hemisphere
north pole
panhandle
pasture
pastureland
grazing land
lea
ley
prairie
pole
municipality
new town
queen maud land
antipodes
unknown
unknown region
terra incognita
port
entrepot
transshipment center
free port
home port
outport
port of entry
point of entry
seaport
haven
harbor
harbour
coaling station
port of call
anchorage
anchorage ground
treaty port
country
rural area
countryside
scrubland
weald
wold
savanna
savannah
southern hemisphere
south pole
sphere
sphere of influence
eparchy
state
province
field
coalfield
gasfield
oilfield
tax haven
temperate zone
north temperate zone
south temperate zone
torrid zone
tropical zone
tropics
town
burg
boom town
ghost town
hometown
main street
market town
ward
settlement
village
hamlet
kampong
campong
kraal
pueblo
subtropics
semitropics
tropic
tropic of cancer
tropic of capricorn
urban area
populated area
barrio
veld
veldt
victoria land
water line
watermark
high-water mark
low-water mark
watershed
water parting
divide
continental divide
great divide
wilkes land
western hemisphere
occident
new world
west
occident
west
western united states
wild west
wilderness
wild
zone
killing field
time zone
transit zone
national capital
provincial capital
state capital
european country
european nation
scandinavian country
scandinavian nation
balkans
balkan country
balkan nation
balkan state
african country
african nation
east africa
namibia
republic of namibia
south west africa
windhoek
asian country
asian nation
cappadocia
galatia
phrygia
colossae
pontus
south american country
south american nation
north american country
north american nation
central american country
central american nation
afghanistan
islamic state of afghanistan
herat
jalalabad
kabul
capital of afghanistan
kandahar
qandahar
mazar-i-sharif
illyria
albania
republic of albania
tirana
albanian capital
durres
durazzo
algeria
algerie
democratic and popular republic of algeria
algiers
algerian capital
annaba
batna
blida
oran
constantine
djanet
hippo
hippo regius
reggane
timgad
timimoun
numidia
angola
republic of angola
luanda
angolan capital
anguilla
aran islands
caribbean
cayman islands
george town
antigua and barbuda
antigua
barbuda
redonda
st. john's
saint john's
capital of antigua and barbuda
bengal
bermuda
bermudas
hamilton
bermuda triangle
montserrat
patagonia
triple frontier
argentina
argentine republic
the argentine
buenos aires
capital of argentina
cordoba
cordova
pampas
rhineland
rheinland
bulgaria
republic of bulgaria
sofia
serdica
bulgarian capital
plovdiv
philippopolis
southeast asia
myanmar
union of burma
burma
yangon
rangoon
mandalay
burundi
republic of burundi
bujumbura
usumbura
capital of burundi
cambodia
kingdom of cambodia
kampuchea
phnom penh
pnom penh
cambodian capital
cameroon
republic of cameroon
cameroun
yaounde
capital of cameroon
douala
cape verde islands
cape verde
republic of cape verde
praia
cidade de praia
capital of cape verde
sao tiago island
falkland islands
central african republic
central africa
bangui
capital of central africa
ceylon
sri lanka
democratic socialist republic of sri lanka
ceylon
colombo
capital of sri lanka
kandy
chad
republic of chad
tchad
n'djamena
ndjamena
fort-lamy
capital of chad
chile
republic of chile
antofagasta
chiloe
concepcion
gran santiago
santiago
santiago de chile
capital of chile
punta arenas
temuco
valparaiso
vina del mar
tierra del fuego
cape horn
manchuria
china
people's republic of china
mainland china
communist china
red china
prc
cathay
turkistan
turkestan
beijing
peking
peiping
capital of red china
forbidden city
chongqing
chungking
guangdong
kwangtung
guangdong province
guangzhou
kuangchou
kwangchow
canton
gansu
kansu
gansu province
hebei
hopei
hopeh
hebei province
hunan
hunan province
szechwan
sichuan
szechuan
szechwan province
yunnan
yunnan province
lanzhou
lanchou
lanchow
luda
luta
luoyang
loyang
lushun
port arthur
hangzhou
hangchow
nanchang
nan-chang
nanning
nan-ning
nanjing
nanking
shanghai
shenyang
mukden
moukden
fengtien
taiyuan
tangshan
tianjin
tientsin
t'ien-ching
grand canal
wuhan
xian
sian
singan
changan
hsian
xinjiang
sinkiang
xinjiang uighur autonomous region
inner mongolia
nei monggol
hohhot
taiwan
formosa
taiwan
china
nationalist china
republic of china
taipei
taipeh
capital of taiwan
taichung
hong kong
indochina
indochinese peninsula
french indochina
colombia
republic of colombia
barranquilla
bogota
capital of colombia
cali
medellin
cartagena
soledad
comoro islands
iles comores
comoros
federal islamic republic of the comoros
congo
republic of the congo
french congo
brazzaville
congo
democratic republic of the congo
zaire
belgian congo
goma
kananga
luluabourg
kinshasa
leopoldville
lubumbashi
elisabethville
mesoamerica
central america
costa rica
republic of costa rica
san jose
capital of costa rica
ivory coast
cote d'ivoire
republic of cote d'ivoire
abidjan
yamoussukro
guatemala
republic of guatemala
guatemala city
capital of guatemala
belize
british honduras
honduras
republic of honduras
tegucigalpa
honduran capital
san pedro sula
el salvador
republic of el salvador
salvador
san salvador
salvadoran capital
santa ana
nicaragua
republic of nicaragua
managua
capital of nicaragua
nicaraguan capital
panama
republic of panama
panama city
capital of panama
panamanian capital
colon
aspinwall
panama canal zone
canal zone
yucatan
yucatan peninsula
merida
campeche
cancun
mexico
united mexican states
acapulco
acapulco de juarez
chihuahua
chihuahua
ciudad juarez
juarez
ciudad victoria
culiacan
durango
victoria de durango
guadalajara
hermosillo
leon
matamoros
mazatlan
mexicali
mexico city
ciudad de mexico
mexican capital
capital of mexico
monterrey
nogales
oaxaca
oaxaca de juarez
orizaba
puebla
puebla de zaragoza
heroica puebla de zaragoza
san luis potosi
santa maria del tule
tepic
tampico
torreon
tijuana
tuxtla gutierrez
veracruz
villahermosa
guadalupe island
caribbean island
west indies
the indies
antilles
french west indies
greater antilles
lesser antilles
caribees
netherlands antilles
aruba
bonaire
curacao
saba
saint eustatius
st. eustatius
leeward islands
saint martin
st. martin
saint maarten
st. maarten
windward islands
windward isles
cuba
cuba
republic of cuba
havana
capital of cuba
cuban capital
santiago de cuba
santiago
guantanamo
guadeloupe
hispaniola
haiti
hayti
haiti
republic of haiti
port-au-prince
haitian capital
dominican republic
santo domingo
ciudad trujillo
capital of the dominican republic
santiago de los caballeros
santiago
puerto rico
porto rico
puerto rico
porto rico
commonwealth of puerto rico
pr
san juan
culebra
vieques
jamaica
jamaica
kingston
capital of jamaica
jamaican capital
montego bay
virgin islands
british virgin islands
united states virgin islands
american virgin islands
vi
barbados
barbados
bridgetown
capital of barbados
trinidad
tobago
trinidad and tobago
republic of trinidad and tobago
port of spain
port-of-spain
capital of trinidad and tobago
cyprus
cyprus
republic of cyprus
nicosia
capital of cyprus
czech republic
czechoslovakia
pilsen
plzen
prague
praha
prag
czech capital
austerlitz
brno
brunn
ostrava
moravia
bohemia
slovakia
slovak republic
bratislava
capital of slovakia
pressburg
pozsony
benin
republic of benin
dahomey
porto novo
capital of benin
cotonou
togo
togolese republic
lome
capital of togo
northern europe
scandinavia
jutland
jylland
denmark
kingdom of denmark
danmark
zealand
seeland
sjaelland
copenhagen
kobenhavn
danish capital
arhus
aarhus
aalborg
alborg
viborg
djibouti
republic of djibouti
afars and issas
djibouti
capital of djibouti
dominica
dominica
commonwealth of dominica
roseau
equatorial guinea
republic of equitorial guinea
spanish guinea
malabo
bioko
norway
kingdom of norway
norge
noreg
svalbard
spitsbergen
spitzbergen
lofoten
oslo
christiania
capital of norway
bergen
stavanger
trondheim
nidaros
lindesnes
naze
sweden
kingdom of sweden
sverige
stockholm
capital of sweden
malmo
lund
goteborg
goeteborg
gothenburg
uppsala
upsala
germany
federal republic of germany
deutschland
frg
east germany
german democratic republic
west germany
federal republic of germany
saxony
sachsen
saxe
lower saxony
aachen
aken
aix-la-chapelle
berlin
german capital
west berlin
chemnitz
karl-marx stadt
dresden
leipzig
solingen
weimar
bavaria
bonn
cologne
koln
braunschweig
brunswick
dusseldorf
essen
frankfurt on the main
frankfurt
frankfort
halle
halle-an-der-saale
hamburg
hannover
hanover
lubeck
mannheim
munich
muenchen
nuremberg
nurnberg
rostock
stuttgart
wiesbaden
wurzburg
wuerzburg
palatinate
pfalz
brandenburg
prussia
preussen
ruhr
ruhr valley
thuringia
east timor
ecuador
republic of ecuador
guayaquil
quito
capital of ecuador
galapagos islands
galapagos
eritrea
state of eritrea
asmara
asmera
massawa
ethiopia
federal democratic republic of ethiopia
yaltopya
abyssinia
addis ababa
new flower
capital of ethiopia
fiji islands
fijis
viti levu
vanua levu
fiji
republic of fiji
suva
finland
republic of finland
suomi
karelia
helsinki
helsingfors
capital of finland
finnish capital
espoo
tampere
tammerfors
aland islands
aaland islands
ahvenanmaa
mariehamn
maarianhamina
greece
hellenic republic
ellas
aegean island
aegina
aigina
chios
khios
cyclades
kikladhes
dodecanese
dhodhekanisos
lesbos
lesvos
mytilene
rhodes
rodhos
crete
kriti
knossos
cnossos
cnossus
ithaca
ithaki
egadi islands
aegadean isles
aegadean islands
isole egadi
aegates
athos
mount athos
athens
athinai
capital of greece
greek capital
areopagus
dipylon gate
dipylon
actium
attica
corinth
korinthos
argos
delphi
mycenae
sparta
epirus
laconia
lycia
lydia
nemea
ephesus
patras
patrai
troy
ilion
ilium
thebes
boeotia
thessaloniki
salonika
salonica
thessalonica
stagira
stagirus
thessalia
thessaly
arcadia
peloponnese
peloponnesus
peloponnesian peninsula
lemnos
limnos
israel
state of israel
yisrael
zion
sion
acre
akko
akka
accho
west bank
galilee
gaza strip
gaza
golan heights
golan
jerusalem
capital of israel
bethlehem
bayt lahm
bethlehem ephrathah
bethlehem-judah
caesarea
calvary
golgotha
zion
sion
cotswolds
cotswold hills
pennines
pennine chain
seven hills of rome
palatine
wailing wall
tel aviv
tel aviv-jaffa
haifa
jaffa
joppa
yafo
palestine
canaan
holy land
promised land
judah
juda
judea
judaea
philistia
roman empire
byzantine empire
byzantium
eastern roman empire
western roman empire
western empire
byzantium
italian peninsula
ticino
tessin
italy
italian republic
italia
italian region
pompeii
herculaneum
abruzzi
abruzzi e molise
aquila
l'aquila
aquila degli abruzzi
basilicata
lucania
bolzano
brescia
calabria
campania
naples
napoli
messina
emilia-romagna
bologna
friuli-venezia giulia
latium
lazio
rome
roma
eternal city
italian capital
capital of italy
lateran
anzio
brindisi
tivoli
tibur
liguria
genoa
genova
lombardy
lombardia
cremona
la spezia
milan
milano
marche
marches
molise
piedmont
piemonte
pisa
syracuse
siracusa
turin
torino
puglia
apulia
bari
sardinia
sardegna
sardinia
sardegna
sicily
sicilia
sicily
sicilia
palermo
agrigento
acragas
girgenti
tuscany
toscana
firenze
florence
trentino-alto adige
trento
umbria
valle d'aosta
veneto
venezia-euganea
venetia
padua
padova
patavium
venice
venezia
grand canal
verona
etruria
romania
roumania
rumania
bucharest
bucharesti
bucuresti
capital of romania
rwanda
rwandese republic
ruanda
kigali
capital of rwanda
yugoslavia
federal republic of yugoslavia
jugoslavija
serbia and montenegro
croatia
republic of croatia
hrvatska
kosovo
montenegro
crna gora
bosnia and herzegovina
republic of bosnia and herzegovina
bosna i hercegovina
bosnia-herzegovina
bosnia
sarajevo
slovenia
republic of slovenia
slovenija
ljubljana
belgrade
beograd
capital of yugoslavia
dubrovnik
ragusa
split
zagreb
dalmatia
serbia
srbija
greenland
gronland
kalaallit nunaat
baffin island
labrador
canada
acadia
maritime provinces
maritimes
canadian maritime provinces
canadian province
alberta
banff
calgary
edmonton
british columbia
nanaimo
victoria
vancouver
vancouver island
manitoba
winnipeg
churchill
new brunswick
fredericton
saint john
st. john
newfoundland and labrador
newfoundland
saint john's
st. john's
northwest territories
nunavut
arctic archipelago
yellowknife
nova scotia
cape breton island
nova scotia
halifax
ontario
ottawa
canadian capital
capital of canada
hamilton
kingston
sault sainte marie
sudbury
thunder bay
toronto
windsor
prince edward island
charlottetown
quebec
quebec
quebec city
montreal
saskatchewan
regina
saskatoon
dawson
yukon
yukon territory
klondike
whitehorse
australia
commonwealth of australia
canberra
australian capital
capital of australia
australian state
queensland
brisbane
new south wales
sydney
wagga wagga
victoria
melbourne
tasmania
tasmania
hobart
south australia
adelaide
western australia
perth
northern territory
darwin
norfolk island
nullarbor plain
aleutian islands
aleutians
oceania
oceanica
australasia
austronesia
melanesia
micronesia
micronesia
federated states of micronesia
tt
kolonia
mariana islands
marianas
ladrone islands
northern marianas
northern mariana islands
saipan
guam
gu
wake island
wake
caroline islands
marshall islands
marshall islands
republic of the marshall islands
eniwetok
kwajalein
gilbert islands
tuvalu
ellice islands
tuvalu
funafuti
kiribati
republic of kiribati
tarawa
bairiki
gilbert and ellice islands
nauru
nauru island
pleasant island
nauru
republic of nauru
polynesia
malay archipelago
east indies
east india
sunda islands
greater sunda islands
lesser sunda islands
nusa tenggara
bismarck archipelago
admiralty islands
borneo
kalimantan
bougainville
guadalcanal
new britain
new caledonia
new guinea
papua
papua new guinea
independent state of papua new guinea
port moresby
capital of papua new guinea
new ireland
austria-hungary
austria
republic of austria
oesterreich
tyrol
tirol
vienna
austrian capital
capital of austria
graz
linz
lentia
salzburg
innsbruck
bahamas
commonwealth of the bahamas
bahama islands
nassau
capital of the bahamas
bahrain
state of bahrain
bahrein
bahrain
bahrain island
bahrein
bahrein island
manama
capital of bahrain
bangladesh
people's republic of bangladesh
bangla desh
east pakistan
dhaka
dacca
capital of bangladesh
chittagong
flanders
belgium
kingdom of belgium
belgique
bruxelles
brussels
belgian capital
capital of belgium
alost
aalost
antwerpen
antwerp
anvers
bruges
city of bridges
charleroi
gent
gand
ghent
liege
luik
namur
bhutan
kingdom of bhutan
botswana
republic of botswana
gaborone
capital of botswana
bolivia
republic of bolivia
la paz
santa cruz
sucre
brazil
federative republic of brazil
brasil
belem
para
feliz lusitania
santa maria de belem
st. mary of bethlehem
belo horizonte
brasilia
brazilian capital
capital of brazil
curitiba
joao pessoa
governador valadares
limeira
natal
osasco
rio de janeiro
rio
recife
pernambuco
santos
sao bernardo do campo
sao goncalo
sao joao de meriti
sao jose dos campos
sao louis
sao paulo
british empire
british isles
great britain
ireland
hibernia
emerald isle
united kingdom
uk
great britain
gb
britain
united kingdom of great britain and northern ireland
albion
anglia
blighty
lancaster
lake district
lakeland
london
greater london
british capital
capital of the united kingdom
city of london
the city
home counties
greenwich
bloomsbury
soho
wembley
west end
westminster
city of westminster
buckingham palace
downing street
pall mall
houses of parliament
westminster abbey
wimbledon
manchester
hull
kingston-upon hull
liverpool
birmingham
brummagem
oxford
cambridge
bath
blackpool
brighton
bristol
leeds
leicester
newcastle
newcastle-upon-tyne
portsmouth
pompey
coventry
gloucester
reading
sheffield
stratford-on-avon
stratford-upon-avon
winchester
worcester
avon
berkshire
cornwall
cumbria
cumbria
devon
devonshire
essex
gloucestershire
hampshire
hertfordshire
kent
somerset
east sussex
hastings
west sussex
canterbury
leicestershire
leicester
lincolnshire
northumberland
east anglia
lancashire
surrey
yorkshire
north yorkshire
west yorkshire
south yorkshire
northumbria
west country
sussex
wessex
hadrian's wall
channel islands
scilly islands
isles of scilly
man
isle of man
ulster
bangor
belfast
capital of northern ireland
ireland
eire
irish free state
dublin
irish capital
capital of ireland
cork
galway
limerick
tara
waterford
caledonia
highlands
highlands of scotland
lowlands
lowlands of scotland
galloway
aberdeen
ayr
balmoral castle
lothian region
glasgow
hebrides
hebridean islands
hebridean isles
western islands
western isles
aberdare
bangor
newport
swansea
anglesey
anglesey island
anglesea
anglesea island
mona
brunei
negara brunei darussalam
sultanate
burkina faso
upper volta
sinai
sinai peninsula
egyptian empire
egypt
egypt
arab republic of egypt
united arab republic
lower egypt
upper egypt
alexandria
el iskandriyah
aswan
assuan
assouan
cairo
al qahira
el qahira
egyptian capital
capital of egypt
el alamein
giza
el giza
memphis
luxor
el-aksur
thebes
saqqara
saqqarah
sakkara
suez
suez canal
india
republic of india
bharat
assam
karnataka
mysore
manipur
hindustan
sikkim
kanara
canara
punjab
new delhi
indian capital
capital of india
delhi
old delhi
bangalore
jabalpur
jubbulpore
kolkata
calcutta
mumbai
bombay
agra
hyderabad
chennai
madras
lucknow
mysore
salem
andhra pradesh
bihar
goa
gujarat
gujerat
tamil nadu
madras
uttar pradesh
gujarat
gujerat
maharashtra
orissa
nilgiri hills
west bengal
nepal
kingdom of nepal
kathmandu
katmandu
capital of nepal
tibet
thibet
xizang
sitsang
lhasa
lassa
capital of tibet
forbidden city
indonesia
republic of indonesia
dutch east indies
java
bali
timor
sumatra
celebes
sulawesi
moluccas
spice islands
indonesian borneo
kalimantan
jakarta
djakarta
capital of indonesia
bandung
medan
semarang
samarang
gulf states
iran
islamic republic of iran
persia
teheran
tehran
capital of iran
iranian capital
abadan
mashhad
meshed
isfahan
esfahan
aspadana
rasht
resht
shiraz
tabriz
qum
persia
persian empire
persepolis
elam
susiana
iraq
republic of iraq
al-iraq
irak
baghdad
bagdad
capital of iraq
basra
basia
kerbala
karbala
kerbela
kirkuk
mosul
levant
macedon
macedonia
makedonija
philippi
thrace
edirne
adrianople
adrianopolis
mesopotamia
babylonia
chaldaea
chaldea
chaldea
chaldaea
sumer
ur
assyria
assur
asur
ashur
nineveh
phoenicia
phenicia
carthage
utica
japan
japanese islands
japanese archipelago
hokkaido
ezo
yezo
honshu
hondo
kyushu
shikoku
japan
nippon
nihon
asahikawa
tokyo
tokio
yeddo
yedo
edo
japanese capital
capital of japan
nagano
nagoya
omiya
osaka
yokohama
naha city
ryukyu islands
kyoto
hiroshima
sapporo
kitakyushu
fukuoka
nagasaki
asama
mount asama
volcano islands
iwo jima
jordan
hashemite kingdom of jordan
amman
capital of jordan
aqaba
akaba
jericho
zarqa
az zarqa
kenya
republic of kenya
nairobi
capital of kenya
kisumu
mombasa
nakuru
kuwait
state of kuwait
koweit
kuwait
kuwait city
koweit
capital of kuwait
gaul
gallia
france
french republic
paris
city of light
french capital
capital of france
left bank
latin quarter
montmartre
clichy
clichy-la-garenne
orly
right bank
ile-st-louis
champs elysees
bordeaux
brest
calais
cannes
chablis
cherbourg
dijon
grenoble
le havre
lille
lyon
lyons
marseille
marseilles
nancy
nantes
nice
orleans
rheims
reims
strasbourg
strassburg
toulouse
versailles
vichy
riviera
french riviera
cote d'azur
french region
alsace
alsatia
elsass
anjou
aquitaine
aquitania
artois
auvergne
basse-normandie
lower-normandy
bourgogne
burgundy
bretagne
brittany
breiz
centre
champagne
champagne-ardenne
ardennes
corse
corsica
corse
corsica
franche-comte
gascogne
gascony
haute-normandie
upper-normandy
ile-de-france
languedoc-roussillon
limousin
lorraine
lothringen
martinique
mayenne
midi
midi-pyrenees
nord-pas-de-calais
pays de la loire
picardie
picardy
poitou-charentes
poitou
rhone-alpes
normandie
normandy
orleanais
provence
lyonnais
gabon
gabonese republic
gabun
libreville
capital of gabon
gambia
the gambia
republic of the gambia
banjul
capital of gambia
ghana
republic of ghana
gold coast
accra
capital of ghana
grenada
st. george's
capital of grenada
guinea
republic of guinea
french guinea
conakry
konakri
capital of guinea
guinea-bissau
republic of guinea-bissau
guine-bissau
portuguese guinea
bissau
capital of guinea-bissau
guiana
guyana
co-operative republic of guyana
british guiana
georgetown
stabroek
demerara
netherlands
the netherlands
kingdom of the netherlands
holland
amsterdam
dutch capital
capital of the netherlands
apeldoorn
arnhem
the hague
's gravenhage
den haag
eindhoven
nijmegen
rotterdam
leiden
leyden
utrecht
friesland
friesland
frisia
frisian islands
hungary
republic of hungary
magyarorszag
budapest
hungarian capital
capital of hungary
faroe islands
faeroe islands
faroes
faeroes
thorshavn
iceland
iceland
republic of iceland
reykjavik
capital of iceland
orkney islands
shetland
shetland islands
zetland
thule
ultima thule
thule
north korea
democratic people's republic of korea
d.p.r.k.
dprk
pyongyang
capital of north korea
south korea
republic of korea
seoul
capital of south korea
inchon
incheon
chemulpo
kwangju
taegu
tegu
pusan
laos
lao people's democratic republic
vientiane
laotian capital
capital of laos
lappland
lapland
lebanon
lebanese republic
beirut
capital of lebanon
tripoli
tarabulus ash-sham
trablous
saida
sidon
sur
tyre
byblos
lesotho
kingdom of lesotho
basutoland
maseru
capital of lesotho
liberia
republic of liberia
monrovia
liberian capital
capital of liberia
libya
socialist people's libyan arab jamahiriya
tripoli
tarabulus al-gharb
capital of libya
benghazi
liechtenstein
principality of liechtenstein
vaduz
capital of liechtenstein
luxembourg
grand duchy of luxembourg
luxemburg
luxembourg-ville
luxembourg
luxemburg
luxembourg city
capital of luxembourg
macedonia
skopje
skoplje
uskub
madagascar
madagascar
republic of madagascar
malagasy republic
antananarivo
capital of madagascar
malawi
republic of malawi
nyasaland
blantyre
lilongwe
capital of malawi
zomba
malaysia
malaya
kuala lumpur
malaysian capital
capital of malaysia
east malaysia
west malaysia
maldives
maldive islands
maldives
republic of maldives
male
mali
republic of mali
french sudan
bamako
timbuktu
malta
malta
republic of malta
valletta
valetta
capital of malta
mauritania
islamic republic of mauritania
mauritanie
muritaniya
nouakchott
mauritius
mauritius
republic of mauritius
port louis
monaco
principality of monaco
monaco-ville
monte carlo
tartary
tatary
mongolia
mongolia
mongolian people's republic
outer mongolia
ulan bator
ulaanbaatar
urga
kulun
capital of mongolia
morocco
kingdom of morocco
maroc
marruecos
al-magrib
casablanca
el aaium
fez
fes
marrakesh
marrakech
oujda
rabat
capital of morocco
tangier
tangiers
western sahara
spanish sahara
mozambique
republic of mozambique
mocambique
beira
maputo
capital of mozambique
natal
new zealand
north island
south island
new zealand
auckland
christchurch
wellington
capital of new zealand
niger
republic of niger
niamey
capital of niger
nigeria
federal republic of nigeria
abuja
capital of nigeria
nigerian capital
ibadan
katsina
lagos
maiduguri
yerwa-maiduguri
zaria
oman
sultanate of oman
muscat and oman
muscat
masqat
capital of oman
kashmir
cashmere
jammu and kashmir
pakistan
islamic republic of pakistan
west pakistan
faisalabad
lyallpur
hyderabad
islamabad
capital of pakistan
karachi
lahore
peshawar
rawalpindi
palau
palau islands
belau
pelew
palau
republic of palau
tt
paraguay
republic of paraguay
asuncion
capital of paraguay
parthia
peru
republic of peru
arequipa
cuzco
cusco
lima
capital of peru
philippines
philippine islands
cebu
luzon
mindanao
mindoro
philippines
republic of the philippines
manila
capital of the philippines
cebu
cebu city
quezon city
pinatubo
mount pinatubo
visayan islands
bisayas
poland
republic of poland
polska
warszawa
warsaw
capital of poland
bydgoszcz
bromberg
cracow
krakow
krakau
gdansk
danzig
lodz
lublin
wroclaw
breslau
portugal
portuguese republic
azores
acores
madeira islands
braga
lisbon
lisboa
capital of portugal
porto
oporto
setubal
qatar
state of qatar
katar
state of katar
doha
bida
el beda
capital of qatar
saint kitts and nevis
federation of saint kitts and nevis
saint christopher-nevis
st. christopher-nevis
st. kitts and nevis
saint christopher
st. christopher
saint kitts
st. kitts
basseterre
nevis
sombrero
saint lucia
st. lucia
saint lucia
st. lucia
castries
saint vincent and the grenadines
st. vincent and the grenadines
saint vincent
st. vincent
kingstown
french polynesia
french oceania
tahiti
papeete
society islands
tuamotu archipelago
paumotu archipelago
low archipelago
tubuai islands
austral islands
gambier islands
marquesas islands
iles marquises
samoa
samoan islands
samoa
independent state of samoa
western samoa
samoa i sisifo
apia
capital of western samoa
american samoa
eastern samoa
as
pago pago
pango pango
san marino
republic of san marino
san marino
capital of san marino
sao tome and principe
democratic republic of sao tome and principe
sao tome e principe
sao thome e principe
st. thomas and principe
sao tome
principe
saudi arabia
kingdom of saudi arabia
riyadh
capital of saudi arabia
mecca
medina
al madinah
dharhan
jeddah
jed'dah
jiddah
jidda
tabuk
taif
nejd
najd
hejaz
hedjaz
hijaz
senegal
republic of senegal
dakar
capital of senegal
seychelles
seychelles
republic of seychelles
victoria
capital of seychelles
sierra leone
republic of sierra leone
freetown
capital of sierra leone
singapore
singapore
republic of singapore
singapore
capital of singapore
solomons
solomon islands
solomon islands
honiara
somalia
mogadishu
mogadiscio
capital of somalia
hargeisa
somali peninsula
horn of africa
south africa
republic of south africa
pretoria
capital of south africa
cape town
johannesburg
kimberley
durban
free state
orange free state
transvaal
cape province
cape of good hope province
cape colony
cape of good hope
cape of good hope
bloemfontein
soweto
rus
russia
soviet union
russia
union of soviet socialist republics
ussr
muscovy
moscow
capital of the russian federation
russian capital
astrakhan
cherepovets
chechnya
chechenia
chechen republic
grozny
groznyy
kaluga
khabarovsk
khabarovsk
kursk
siberia
soviet socialist republic
russia
russian federation
european russia
asian russia
soviet russia
russia
russian soviet federated socialist republic
nizhnyi novgorod
nizhni novgorod
gorki
gorky
gorkiy
kazan
st. petersburg
leningrad
peterburg
petrograd
saint petersburg
murmansk
nalchik
novgorod
perm
molotov
rostov
rostov on don
rostov na donu
saratov
smolensk
ufa
volgograd
stalingrad
tsaritsyn
novosibirsk
chelyabinsk
omsk
vladivostok
novaya zemlya
nova zembla
kola peninsula
belarus
republic of belarus
byelarus
byelorussia
belorussia
white russia
minsk
capital of belarus
homyel
homel
gomel
pinsk
baltic state
baltic republic
estonia
esthonia
republic of estonia
tallinn
tallin
capital of estonia
tartu
livonia
latvia
republic of latvia
riga
capital of latvia
liepaja
daugavpils
lithuania
republic of lithuania
lietuva
klaipeda
memel
vilnius
vilna
vilno
wilno
capital of lithuania
kaunas
kovna
kovno
lubavitch
moldova
republic of moldova
moldavia
kishinev
chisinau
capital of moldova
ukraine
ukrayina
crimea
colchis
kyyiv
kiev
capital of the ukraine
donetsk
donetske
stalino
donets basin
donbass
donbas
chernobyl
dneprodzerzhinsk
dnipropetrovsk
yekaterinoslav
kharkov
kharkiv
odessa
odesa
sebastopol
sevastopol
yalta
armenia
republic of armenia
hayastan
yerevan
jerevan
erivan
capital of armenia
azerbaijan
azerbaijani republic
azerbajdzhan
azerbajdzhan republic
baku
capital of azerbaijan
georgia
sakartvelo
tbilisi
tiflis
capital of georgia
abkhaz
abkhazia
adzhar
adzharia
kazakhstan
republic of kazakhstan
kazakstan
kazakh
kazak
almaty
alma-ata
kyrgyzstan
kyrgyz republic
kirghizia
kirgizia
kirghiz
kirgiz
kirghizstan
kirgizstan
bishkek
biskek
frunze
capital of kyrgyzstan
tajikistan
republic of tajikistan
tadzhikistan
tadzhik
tadjik
tajik
dushanbe
dusanbe
dyushambe
stalinabad
capital of tajikistan
turkmenistan
turkomen
turkmen
turkmenia
ashkhabad
capital of turkmenistan
kamchatka peninsula
taimyr peninsula
taymyr peninsula
uzbekistan
republic of uzbekistan
uzbek
tashkent
taskent
capital of uzbek
samarkand
samarcand
latin america
andorra
principality of andorra
spain
kingdom of spain
espana
madrid
capital of spain
spanish capital
balearic islands
majorca
canary islands
canaries
barcelona
cadiz
cartagena
cordoba
cordova
granada
jerez
jerez de la frontera
leon
malaga
oviedo
san sebastian
sevilla
seville
toledo
aragon
zaragoza
saragossa
castile
castilla
catalonia
galicia
leon
valencia
tenerife
gibraltar
rock of gibraltar
calpe
sudan
soudan
sudan
republic of the sudan
soudan
kordofan
khartoum
capital of sudan
nyala
port sudan
omdurman
suriname
republic of suriname
surinam
dutch guiana
netherlands guiana
paramaribo
capital of suriname
swaziland
kingdom of swaziland
mbabane
capital of swaziland
switzerland
swiss confederation
suisse
schweiz
svizzera
swiss canton
bern
berne
capital of switzerland
basel
basle
bale
geneva
geneve
genf
interlaken
lausanne
zurich
syria
syrian arab republic
aram
damascus
capital of syria
aleppo
alep
tanzania
united republic of tanzania
dar es salaam
capital of tanzania
tanganyika
zanzibar
tabora
thailand
kingdom of thailand
siam
bangkok
capital of thailand
krung thep
tonga
kingdom of tonga
friendly islands
tunisia
republic of tunisia
tunis
capital of tunisia
ariana
ehadhamen
gafsa
sfax
safaqis
sousse
susa
susah
ottoman empire
turkish empire
kurdistan
iraqi kurdistan
turkey
republic of turkey
abydos
adana
seyhan
ankara
turkish capital
capital of turkey
antalya
adalia
antioch
antakya
antakiya
chalcedon
kadikoy
dardanelles
hellespont
istanbul
stambul
stamboul
constantinople
bursa
brusa
izmir
smyrna
pergamum
sardis
ionia
uganda
republic of uganda
buganda
entebbe
jinja
kampala
capital of uganda
gulu
united arab emirates
abu dhabi
united arab emirates's capital
dubai
united states
united states of america
america
us
u.s.
usa
u.s.a.
east coast
west coast
colony
new england
mid-atlantic states
gulf states
slave state
confederacy
confederate states
confederate states of america
south
dixie
dixieland
south
deep south
old south
sunbelt
tidewater
piedmont
north
carolina
dakota
alabama
heart of dixie
camellia state
al
montgomery
capital of alabama
birmingham
pittsburgh of the south
decatur
gadsden
huntsville
mobile
selma
tuscaloosa
tuskegee
juneau
capital of alaska
anchorage
nome
sitka
valdez
alaska peninsula
seward peninsula
alexander archipelago
admiralty island
flagstaff
mesa
nogales
phoenix
capital of arizona
prescott
tucson
yuma
arkansas
land of opportunity
ar
fayetteville
fort smith
hot springs
jonesboro
little rock
capital of arkansas
pine bluff
texarkana
anaheim
disneyland
bakersfield
barstow
berkeley
beverly hills
eureka
fresno
long beach
los angeles
city of the angels
monterey
oakland
palo alto
pasadena
redding
riverside
sacramento
capital of california
san bernadino
san diego
san francisco
nob hill
san jose
san mateo
san pablo
santa ana
santa barbara
santa clara
santa catalina
catalina island
santa cruz
boulder
colorado springs
denver
mile-high city
capital of colorado
pueblo
connecticut
nutmeg state
constitution state
ct
connecticut
bridgeport
farmington
hartford
capital of connecticut
new haven
new london
waterbury
delaware
diamond state
first state
de
delaware
dover
capital of delaware
wilmington
washington
washington d.c.
american capital
capital of the united states
potomac
foggy bottom
capitol hill
the hill
georgetown
florida
sunshine state
everglade state
fl
daytona beach
fort lauderdale
fort myers
gainesville
jacksonville
key west
melbourne
miami
miami beach
orlando
palm beach
panama city
pensacola
sarasota
st. augustine
saint augustine
st. petersburg
saint petersburg
tallahassee
capital of florida
tampa
west palm beach
walt disney world
georgia
empire state of the south
peach state
ga
georgia
albany
atlanta
capital of georgia
athens
augusta
brunswick
columbus
macon
oxford
savannah
valdosta
hawaii
aloha state
hi
hilo
honolulu
capital of hawaii
hawaiian capital
waikiki
hawaiian islands
sandwich islands
hawaii
hawaii island
kahoolawe
kahoolawe island
kauai
kauai island
lanai
lanai island
maui
maui island
molokai
molokai island
nihau
nihau island
oahu
oahu island
pearl harbor
midway islands
boise
capital of idaho
coeur d'alene
idaho falls
lewiston
nampa
pocatello
twin falls
illinois
prairie state
land of lincoln
il
cairo
carbondale
champaign
chicago
windy city
decatur
east saint louis
moline
peoria
rockford
rock island
springfield
capital of illinois
urbana
indiana
hoosier state
in
bloomington
evansville
fort wayne
gary
indianapolis
capital of indiana
lafayette
muncie
south bend
iowa
hawkeye state
ia
council bluffs
davenport
cedar rapids
clinton
des moines
capital of iowa
dubuque
mason city
ottumwa
sioux city
kansas
sunflower state
ks
dodge city
abilene
hays
kansas city
lawrence
salina
topeka
capital of kansas
wichita
bowling green
frankfort
capital of kentucky
lexington
louisville
owensboro
paducah
bluegrass
bluegrass country
bluegrass region
louisiana
pelican state
la
alexandria
baton rouge
capital of louisiana
lafayette
monroe
morgan city
new orleans
shreveport
maine
pine tree state
me
augusta
capital of maine
bangor
brunswick
lewiston
orono
portland
maryland
old line state
free state
md
maryland
aberdeen
annapolis
capital of maryland
baltimore
frederick
hagerstown
massachusetts
bay state
old colony
ma
massachusetts
massachusetts bay colony
boston
hub of the universe
bean town
beantown
capital of massachusetts
boston harbor
beacon hill
cambridge
concord
gloucester
lexington
medford
pittsfield
springfield
worcester
cape ann
cape cod
martha's vineyard
nantucket
plymouth
plymouth colony
plymouth rock
salem
williamstown
michigan
wolverine state
great lakes state
mi
alpena
ann arbor
detroit
motor city
motown
flint
grand rapids
houghton
jackson
kalamazoo
lansing
capital of michigan
marquette
monroe
saginaw
traverse city
minnesota
gopher state
north star state
mn
bemidji
duluth
hibbing
mankato
minneapolis
rochester
saint cloud
st. cloud
saint paul
st. paul
capital of minnesota
twin cities
virginia
mississippi
magnolia state
ms
biloxi
columbus
greenville
hattiesburg
jackson
capital of mississippi
meridian
natchez
tupelo
vicksburg
missouri
show me state
mo
cape girardeau
columbia
hannibal
independence
jefferson city
capital of missouri
kansas city
poplar bluff
saint joseph
st. joseph
saint louis
st. louis
gateway to the west
sedalia
springfield
bozeman
billings
butte
great falls
helena
capital of montana
missoula
nebraska
cornhusker state
ne
grand island
lincoln
capital of nebraska
north platte
omaha
carson city
capital of nevada
las vegas
reno
new hampshire
granite state
nh
new hampshire
concord
capital of new hampshire
manchester
portsmouth
new jersey
garden state
nj
new jersey
atlantic city
trenton
capital of new jersey
bayonne
camden
jersey city
morristown
newark
new brunswick
paterson
princeton
cape may
liberty island
bedloe's island
albuquerque
carlsbad
farmington
gallup
las cruces
los alamos
roswell
santa fe
capital of new mexico
silver city
taos
manhattan island
new netherland
new york
new york state
empire state
ny
new york
albany
capital of new york
buffalo
cooperstown
new york
new york city
greater new york
bronx
the bronx
brooklyn
coney island
ellis island
manhattan
fifth avenue
seventh avenue
central park
harlem
hell's kitchen
hell's half acre
soho
ithaca
bowery
broadway
great white way
park avenue
park ave.
off-broadway
times square
wall street
wall st.
greenwich village
village
queens
staten island
east river
harlem river
verrazano narrows
long island
elmont
kennedy
kennedy interrnational
kennedy international airport
binghamton
kingston
newburgh
niagara falls
rochester
schenectady
syracuse
utica
saratoga springs
watertown
north carolina
old north state
tar heel state
nc
north carolina
cape fear
cape flattery
cape hatteras
hatteras island
raleigh
capital of north carolina
asheville
chapel hill
charlotte
the queen city
durham
fayetteville
greensboro
greenville
wilmington
winston-salem
bismarck
capital of north dakota
fargo
ohio
buckeye state
oh
akron
athens
cleveland
cincinnati
columbus
capital of ohio
dayton
mansfield
toledo
youngstown
bartlesville
enid
lawton
mcalester
muskogee
oklahoma city
capital of oklahoma
tulsa
bend
eugene
klamath falls
medford
portland
salem
capital of oregon
pennsylvania
keystone state
pa
pennsylvania
allentown
altoona
bethlehem
erie
gettysburg
harrisburg
capital of pennsylvania
hershey
chester
philadelphia
city of brotherly love
pittsburgh
scranton
rhode island
little rhody
ocean state
ri
rhode island
providence
capital of rhode island
newport
south carolina
palmetto state
sc
south carolina
columbia
capital of south carolina
charleston
florence
greenville
aberdeen
pierre
capital of south dakota
rapid city
sioux falls
black hills
tennessee
volunteer state
tn
chattanooga
columbia
jackson
johnson city
knoxville
memphis
nashville
capital of tennessee
texas
lone-star state
tx
abilene
amarillo
arlington
austin
capital of texas
beaumont
brownsville
bryan
corpus christi
dallas
del rio
el paso
fort worth
galveston
galveston island
garland
houston
laredo
lubbock
lufkin
mcallen
midland
odessa
paris
plano
san angelo
san antonio
sherman
texarkana
tyler
victoria
waco
wichita falls
ogden
provo
salt lake city
capital of utah
vermont
green mountain state
vt
montpelier
capital of vermont
bennington
brattleboro
burlington
rutland
virginia
old dominion
old dominion state
va
virginia
richmond
capital of virginia
blacksburg
jamestown
newport news
norfolk
lynchburg
portsmouth
roanoke
virginia beach
aberdeen
bellingham
kennewick
olympia
capital of washington
seattle
spokane
tacoma
vancouver
walla walla
yakima
beckley
charleston
capital of west virginia
clarksburg
fayetteville
huntington
morgantown
parkersburg
wheeling
wisconsin
badger state
wi
appleton
eau claire
green bay
la crosse
madison
capital of wisconsin
milwaukee
racine
superior
watertown
wausau
casper
cheyenne
capital of wyoming
jackson
lander
laramie
rock springs
uruguay
montevideo
capital of uruguay
vanuatu
republic of vanuatu
new hebrides
port vila
vila
capital of vanuatu
holy see
the holy see
state of the vatican city
vatican city
citta del vaticano
guiana highlands
venezuela
republic of venezuela
caracas
capital of venezuela
cuidad bolivar
cumana
maracaibo
maracay
valencia
hanoi
capital of vietnam
ho chi minh city
saigon
haiphong
yemen
republic of yemen
aden
hodeida
al-hudaydah
mukalla
al-mukalla
sana
sanaa
sana'a
zambia
republic of zambia
northern rhodesia
lusaka
capital of zambia
low countries
lusitania
silesia
slask
slezsko
schlesien
big sur
silicon valley
zimbabwe
republic of zimbabwe
rhodesia
southern rhodesia
harare
salisbury
capital of zimbabwe
bulawayo
arabian desert
atacama desert
australian desert
colorado desert
death valley
gibson desert
gila desert
gobi
gobi desert
great sandy desert
great victoria desert
kalahari
kalahari desert
libyan desert
mojave
mojave desert
mohave
mohave desert
namib desert
negev
negev desert
nubian desert
painted desert
patagonian desert
sahara
sahara desert
sub-saharan africa
black africa
simpson desert
sinai
sinai desert
sonoran desert
cameroon
citlaltepetl
mount orizaba
mt orizaba
pico de orizaba
colima
nevado de colima
volcan de colima
cotacachi
cotopaxi
demavend
el misti
etna
mount etna
mt etna
fuego
fuji
mount fuji
fujiyama
fujinoyama
fuji-san
galeras
pasto
guallatiri
huainaputina
klyuchevskaya
krakatau
krakatao
krakatoa
new siberian islands
lascar
mauna kea
mauna loa
nyamuragira
nyiragongo
purace
sangay
tupungatito
mount saint helens
mount st. helens
mt. st. helens
scythia
vesuvius
mount vesuvius
mt. vesuvius
north africa
west africa
dar al-islam
house of islam
dar al-harb
house of war
aare
aar
aare river
abukir
abukir bay
aconcagua
adam's peak
samanala
adige
river adige
admiralty range
adriatic
adriatic sea
aegean
aegean sea
aegospotami
aegospotamos
africa
aire
river aire
aire river
alabama
alabama river
alaska peninsula
alleghenies
allegheny mountains
allegheny
allegheny river
alp
alps
the alps
amazon
amazon river
america
the americas
american falls
amur
amur river
heilong jiang
ancohuma
andaman sea
andes
angel
angel falls
annapurna
anapurna
antarctica
antarctic continent
antarctic ocean
antarctic peninsula
palmer peninsula
anthill
formicary
apalachicola
apalachicola river
apennines
appalachians
appalachian mountains
arabian sea
arafura sea
araguaia
araguaia river
araguaya
araguaya river
ararat
mount ararat
mt. ararat
aras
araxes
arauca
archipelago
arctic ocean
arkansas
arkansas river
arno
arno river
river arno
arroyo
ascent
acclivity
rise
raise
climb
upgrade
atlantic
atlantic ocean
atlas mountains
atoll
australia
australian alps
avon
river avon
upper avon
upper avon river
avon
river avon
backwater
badlands
baffin bay
balaton
lake balaton
plattensee
baltic
baltic sea
bank
bar
barents sea
barrier island
barrier reef
base
bay
bay of bengal
bay of biscay
bay of campeche
bay of fundy
bay of naples
bayou
beachfront
beaufort sea
ben
bering sea
bering strait
berm
bighorn
bighorn river
bight
bight of benin
big sioux river
billabong
billabong
biscayne bay
bismarck sea
black forest
schwarzwald
black sea
euxine sea
blue nile
body of water
water
bog
peat bog
bonete
bosporus
bottomland
bottom
brae
brahmaputra
brahmaputra river
branch
brazos
brazos river
brenner pass
bristol channel
brook
creek
butte
buzzards bay
cachi
cam
river cam
cam river
canadian
canadian river
canadian falls
horseshoe falls
cantabrian mountains
canyon
canon
canyonside
cape
ness
cape canaveral
cape kennedy
cape cod bay
cape fear river
cape sable
cape sable
cape trafalgar
cape york
cape york peninsula
caribbean
caribbean sea
carpathians
carpathian mountains
cascade
cascades
cascade range
cascade mountains
caspian
caspian sea
cataract
cataract canyon
cayuga lake
lake cayuga
changtzu
channel
chao phraya
charles
charles river
chattahoochee
chattahoochee river
lake chelan
lake tahoe
chesapeake bay
chimborazo
cimarron
cimarron river
clinch river
coast
coastal plain
coastland
coast range
coast mountains
colorado
colorado river
colorado
colorado river
colorado plateau
columbia
columbia river
congo
congo river
connecticut
connecticut river
continent
cook strait
coosa
coosa river
coral reef
coral sea
coropuna
cove
craton
cultivated land
farmland
plowland
ploughland
tilled land
tillage
tilth
cumberland
cumberland river
cuquenan
cuquenan falls
kukenaam
kukenaam falls
dale
danube
danube river
darling
darling river
dead sea
deep
delaware
delaware river
delaware bay
dell
dingle
demerara
descent
declivity
fall
decline
declination
declension
downslope
detroit river
dhaulagiri
distributary
ditch
divot
dnieper
dnieper river
dolomite alps
don
don river
down
downhill
draw
drift
drink
drumlin
dune
sand dune
east china sea
ebro
ebro river
elbe
elbe river
elizabeth river
el libertador
el muerto
english channel
escarpment
scarp
esker
estuary
euphrates
euphrates river
eurasia
everest
mount everest
mt. everest
everglades
eyre
lake eyre
eyre peninsula
fallow
feeder
tributary
affluent
firth
firth of clyde
firth of forth
fishpond
fjord
fiord
flat
flint
flint river
floodplain
flood plain
floor
flowage
foothill
foothills
ford
crossing
foreland
forest
woodland
timberland
timber
fox river
galan
galveston bay
galway bay
ganges
ganges river
gan jiang
kan river
garonne
garonne river
gila
gila river
glen
golden gate
gondwanaland
gorge
gosainthan
grand canyon
great australian bight
great barrier reef
great dividing range
eastern highlands
great lakes
great plains
great plains of north america
great rift valley
great salt lake
great slave lake
green
green river
greenland sea
greenwood
gulch
flume
gulf
gulf of aden
gulf of alaska
gulf of antalya
gulf of aqaba
gulf of akaba
gulf of bothnia
gulf of california
sea of cortes
gulf of carpenteria
carpenteria
gulf of corinth
gulf of lepanto
gulf of finland
gulf of guinea
gulf of mexico
golfo de mexico
gulf of ob
bay of ob
gulf of oman
gulf of riga
gulf of saint lawrence
gulf of st. lawrence
gulf of sidra
gulf of suez
gulf of tehuantepec
gulf of thailand
gulf of siam
gulf of venice
gully
guyot
hampton roads
hangzhou bay
headstream
highland
upland
high sea
international waters
hill
hills
hillside
himalayas
himalaya mountains
the himalaya
hindu kush
hindu kush mountains
hollow
holler
hook of holland
hoek van holland
horsepond
housatonic
housatonic river
huang he
hwang ho
yellow river
huascaran
hudson
hudson river
hudson bay
humber
iguazu
iguazu falls
iguassu
iguassu falls
victoria falls
ijssel
ijssel river
ijsselmeer
illampu
illimani
illinois river
indian ocean
indigirka
indigirka river
indus
indus river
inland sea
inlet
recess
ionian sea
irish sea
irrawaddy
irrawaddy river
irtish
irtish river
irtysh
irtysh river
isere
isere river
island
isle
islet
isthmus
isthmus of corinth
isthmus of kra
isthmus of panama
isthmus of suez
isthmus of tehuantepec
james
james river
james
james river
james bay
jebel musa
abila
abyla
jordan
jordan river
jungle
kamet
kanawha
kanawha river
kanchenjunga
kanchanjanga
kinchinjunga
kansas
kansas river
kaw river
karakoram
karakoram range
karakorum range
mustagh
mustagh range
kara sea
karelian isthmus
kasai
kasai river
river kasai
kattegatt
key
cay
florida keys
khyber pass
kilimanjaro
mount kilimanjaro
kivu
lake kivu
klamath
klamath river
knoll
mound
hillock
hummock
hammock
kodiak
kodiak island
kopje
koppie
korea bay
korean strait
korea strait
kunlun
kunlun mountains
kuenlun
kuenlun mountains
kura
kura river
labrador-ungava peninsula
labrador peninsula
labrador sea
lagoon
laguna
lagune
lake
lake aral
aral sea
lake chad
chad
lake champlain
champlain
lake erie
erie
lake geneva
lake leman
lake huron
huron
lake ilmen
ilmen
lake ladoga
ladoga
lake michigan
michigan
lake nasser
nasser
lake onega
onega
lake ontario
ontario
lake st. clair
lake saint clair
lake superior
superior
lake tana
lake tsana
lake tanganyika
tanganyika
lake vanern
vanern
lake victoria
victoria nyanza
land
dry land
earth
ground
solid ground
terra firma
land
ground
soil
landmass
laptev sea
laudo
laurasia
ledge
shelf
lehigh river
lena
lena river
lhotse
ligurian sea
liman
limpopo
crocodile river
little bighorn
little bighorn river
little horn
little missouri
little missouri river
little sioux river
little wabash
little wabash river
llano
llano estacado
llullaillaco
loch
loch
loch achray
loch linnhe
loch ness
loire
loire river
loire vally
long island sound
lough
lough
lower california
baja california
lower peninsula
mackenzie
mackenzie river
madeira
madeira river
magdalena
magdalena river
main
briny
mainland
makalu
mare clausum
mare liberum
mare nostrum
marmara
sea of marmara
marmora
sea of marmora
marsh
marshland
fen
fenland
massachusetts bay
matterhorn
meander
mediterranean
mediterranean sea
mekong
mekong river
menai strait
mercedario
mere
merrimack
merrimack river
mesa
table
meuse
meuse river
midstream
mid-water
milk
milk river
millpond
minamata bay
mire
quagmire
quag
morass
mississippi
mississippi river
missouri
missouri river
mobile
mobile river
mobile bay
mohawk river
molehill
monongahela
monongahela river
mont blanc
monte bianco
monterey bay
moor
moorland
moray firth
moreton bay
mountain
mount
mountain peak
mountainside
versant
mount carmel
mozambique channel
mud puddle
mull
murray
murray river
murrumbidgee
murrumbidgee river
nacimiento
namoi
namoi river
nan
nan river
nanda devi
nanga parbat
nan ling
narragansett bay
narrow
natural depression
depression
natural elevation
elevation
neck
neckar
neckar river
neosho
neosho river
neva
neva river
new river
new york bay
niagara
niagara river
niagara
niagara falls
niger
niger river
nile
nile river
niobrara
niobrara river
north america
north atlantic
north channel
north pacific
north platte
north platte river
north sea
norwegian sea
nullah
nuptse
ob
ob river
ocean
oder
oder river
offing
ohio
ohio river
ojos del salado
okeechobee
lake okeechobee
okefenokee swamp
olduvai gorge
olympus
mount olympus
mt. olympus
olimbos
orange
orange river
orinoco
orinoco river
osage
osage river
osaka bay
ouachita
ouachita river
ouse
ouse river
overburden
oxbow
oxbow lake
pacific
pacific ocean
pangaea
pangea
para
para river
parana
parana river
parnaiba
parnahiba
parnassus
mount parnassus
liakoura
paulo afonso
paulo afonso falls
pecos
pecos river
pee dee
pee dee river
peneplain
peneplane
peninsula
penobscot
penobscot river
penobscot bay
perejil
permafrost
persian gulf
pillars of hercules
pinetum
ping
ping river
pissis
plain
field
champaign
platte
platte river
po
po river
pobeda peak
pobedy peak
point
pond
pool
pool
puddle
potomac
potomac river
promontory
headland
foreland
prudhoe bay
puget sound
purus
purus river
pyrenees
queen charlotte sound
rain forest
rainforest
rangeland
rapid
ravine
red
red river
red sea
reef
republican
republican river
rhine
rhine river
rhein
rhone
rhone river
ridge
rift valley
rill
rio de la plata
la plata
plata river
rio grande
rio bravo
riparian forest
ripple mark
river
riverbank
riverside
rivulet
rill
run
runnel
streamlet
rockies
rocky mountains
ross sea
ruhr
ruhr river
russian river
saale
saale river
sabine
sabine river
sacramento river
saint francis
saint francis river
st. francis
st. francis river
saint john
saint john river
st. john
st. john river
saint johns
saint johns river
st. johns
st. johns river
saint lawrence
saint lawrence river
st. lawrence
st. lawrence river
sajama
salmon
salmon river
salt flat
salt plain
salton sea
sambre
sambre river
sandbar
sand bar
san diego bay
san fernando valley
san francisco bay
san joaquin river
san joaquin valley
saone
saone river
sargasso sea
saronic gulf
gulf of aegina
savannah
savannah river
scheldt
scheldt river
sea
seamount
sea of azov
sea of azof
sea of azoff
sea of japan
sea of okhotsk
seif dune
seine
seine river
sete quedas
guaira
guaira falls
seven seas
severn
river severn
severn river
severn
severn river
seyhan
seyhan river
shari
shari river
chari
chari river
shenandoah valley
sherwood forest
shoal
shallow
sierra nevada
silva
sylva
sinai
mount sinai
skagens odde
skaw
skagerrak
skagerak
ski slope
slash
slope
incline
side
slough
slough
snake
snake river
snowdrift
snowfield
solent
the solent
solway firth
sound
south america
south atlantic
south china sea
south pacific
south platte
south platte river
south sea
south sea islands
spit
tongue
steep
steppe
strait
sound
strait of georgia
strait of gibraltar
strait of hormuz
strait of ormuz
strait of magellan
strait of messina
strait of dover
strait of calais
pas de calais
stream
watercourse
subcontinent
suriname river
surinam river
susquehanna
susquehanna river
swamp
swampland
swell
swimming hole
tableland
plateau
tagus
tagus river
takakkaw
tallapoosa
tallapoosa river
tampa bay
tarn
tasman sea
temperate rain forest
tennessee
tennessee river
terrace
bench
territorial waters
thames
river thames
thames river
tiber
tevere
tidal river
tidewater river
tidal stream
tidewater stream
tidewater
tideway
tien shan
tyan shan
tigris
tigris river
timor sea
tirich mir
tocantins
tocantins river
tombigbee
tombigbee river
tor
torres strait
tree farm
trent
river trent
trent river
trinity river
trondheim fjord
trondheim fiord
tropical rain forest
selva
tugela
tugela falls
tundra
tupungato
turf
sod
sward
greensward
twin
twin falls
tyne
river tyne
tyne river
tyrrhenian sea
united states waters
u.s. waters
uphill
upper peninsula
urals
ural mountains
urubupunga
urubupunga falls
valley
vale
victoria
victoria falls
vistula
vistula river
volcanic crater
crater
volcano
volga
volga river
volkhov
volkhov river
wabash
wabash river
wadi
wallow
watercourse
waterfall
falls
water hole
waterside
water system
waterway
weddell sea
weisshorn
wetland
white
white river
white nile
white sea
wight
isle of wight
willamette
willamette river
windward passage
winnipeg
lake winnipeg
wisconsin
wisconsin river
wonderland
yalu
yalu river
chang jiang
chang
yangtze
yangtze river
yangtze kiang
yazoo
yazoo river
yellow sea
yellowstone
yellowstone river
yenisei
yenisei river
yenisey
yenisey river
yerupaja
yosemite
yosemite falls
yukon
yukon river
zambezi
zambezi river
zhu jiangi
canton river
chu kiang
zuider zee
loch ness monster
nessie
inhabitant
dweller
denizen
indweller
native
indigen
indigene
african-american
afro-american
black american
circassian
asian
asiatic
coolie
cooly
oriental
oriental person
yellow man
yellow woman
gook
slant-eye
evenki
ewenki
mongol
mongolian
tatar
udmurt
votyak
tatar
tartar
mongol tatar
amerindian
native american
indian
north american indian
american indian
red indian
abnaki
achomawi
akwa'ala
alabama
algonkian
algonkin
algonquian
algonquin
anasazi
atakapa
attacapan
athapaskan
athapascan
athabaskan
athabascan
mayan
maya
nahuatl
olmec
aztec
zapotec
zapotecan
plains indian
buffalo indian
apache
arapaho
arapahoe
arikara
aricara
atsugewi
biloxi
blackfoot
caddo
cakchiquel
catawba
cayuga
cherokee
cheyenne
chickasaw
chimakum
chimariko
chinook
chipewyan
choctaw
cochimi
cocopa
cocopah
comanche
conoy
costanoan
cree
creek
crow
dakota
delaware
dhegiha
diegueno
erie
esselen
eyeish
fox
haida
halchidhoma
havasupai
hidatsa
gros ventre
hitchiti
hopi
hokan
hoka
hunkpapa
hupa
illinois
iowa
ioway
iroquois
kalapooia
kalapuya
calapooya
calapuya
kamia
kansa
kansas
karok
kekchi
kichai
kickapoo
kiliwa
kiliwi
kiowa
koasati
kusan
kwakiutl
maidu
malecite
mam
maricopa
massachuset
massachusetts
mattole
menomini
menominee
missouri
miami
micmac
miwok
mohave
mojave
mohawk
mohican
mahican
muskhogean
muskogean
muskogee
nanticoke
navaho
navajo
nez perce
nootka
ofo
oglala
ogalala
ojibwa
ojibway
chippewa
omaha
maha
osage
oneida
onondaga
oto
otoe
ottawa
paiute
piute
pamlico
passamaquody
patwin
pawnee
penobscot
penutian
pima
pomo
ponca
ponka
potawatomi
powhatan
pueblo
quapaw
quiche
redskin
injun
red man
salish
santee
santee sioux
santee dakota
eastern sioux
sauk
sac
seminole
seneca
shahaptian
sahaptin
sahaptino
shasta
shawnee
shoshone
shoshoni
sioux
siouan
skagit
takelma
taos
taracahitian
cahita
tarahumara
tlingit
tsimshian
tuscarora
tutelo
ute
wakashan
wampanoag
walapai
hualapai
hualpai
wichita
winnebago
wintun
yahi
yana
yavapai
yokuts
yucatec
yucateco
yuma
zuni
indian
assamese
dravidian
badaga
gadaba
gond
kanarese
canarese
kodagu
kolam
kota
kotar
kui
malto
savara
tamil
telugu
toda
tulu
gujarati
gujerati
kashmiri
oriya
punjabi
panjabi
maratha
mahratta
aborigine
abo
aboriginal
native australian
australian aborigine
acadian
cajun
eurafrican
eurasian
european
sahib
memsahib
celt
kelt
gael
briton
gaul
galatian
frank
salian frank
salian
teuton
afghan
afghanistani
kafir
pathan
pashtun
pushtun
pashtoon
albanian
algerian
altaic
armenian
andorran
angolan
anguillan
antiguan
argentinian
australian
aussie
austronesian
austrian
bahamian
bahraini
bahreini
bangladeshi
basotho
basque
bengali
hutu
tutsi
watutsi
watusi
barbadian
belgian
beninese
bermudan
bermudian
bhutanese
bhutani
bolivian
bornean
brazilian
carioca
tupi
guarani
maraco
bruneian
bulgarian
burmese
burundian
byelorussian
belorussian
white russian
byzantine
cambodian
kampuchean
cameroonian
canadian
french canadian
canuck
cebuan
central american
chadian
chewa
chilean
chinese
chink
chinaman
colombian
congolese
costa rican
cuban
cypriot
cypriote
cyprian
czechoslovakian
czechoslovak
czech
czech
slovak
dane
zealander
djiboutian
ecuadorian
ecuadoran
egyptian
salvadoran
salvadorian
salvadorean
britisher
briton
brit
english person
englishman
englishwoman
anglo-saxon
anglo-saxon
anglo-indian
angle
saxon
west saxon
jute
lombard
langobard
limey
john bull
pommy
pom
cantabrigian
cornishman
cornishwoman
lancastrian
lancastrian
hanoverian
liverpudlian
londoner
cockney
mancunian
oxonian
ethiopian
ewe
eritrean
fijian
finn
fleming
komi
cheremis
cheremiss
mari
ingrian
inger
ingerman
karelian
carelian
ostyak
khanty
livonian
latvian
lithuanian
mordva
mordvin
mordvinian
nganasan
selkup
ostyak-samoyed
samoyed
veps
vepse
vepsian
vogul
mansi
yeniseian
frenchman
frenchwoman
french person
frog
gaul
parisian
breton
savoyard
angevin
angevine
balkan
creole
creole
cretan
minoan
gabonese
greek
hellene
achaean
achaian
aeolian
eolian
dorian
ionian
athenian
corinthian
laconian
lesbian
spartan
arcadian
theban
guatemalan
guyanese
haitian
honduran
malay
malayan
moro
netherlander
dutchman
hollander
norman
hindu
hindoo
hindustani
hungarian
magyar
icelander
indonesian
irani
iranian
persian
iraqi
iraki
irish person
irelander
irishman
irishwoman
dubliner
paddy
mick
mickey
israelite
israeli
sabra
italian
wop
dago
guinea
greaseball
etruscan
neopolitan
roman
roman
venetian
sicilian
tuscan
oscan
samnite
jamaican
japanese
nipponese
ryukyuan
jap
nip
jordanian
korean
north korean
south korean
kenyan
kurd
kuwaiti
lao
laotian
lapp
lapplander
latin american
spanish american
spic
spik
spick
lebanese
levantine
liberian
libyan
liechtensteiner
luxemburger
luxembourger
macedonian
madagascan
malawian
malaysian
sabahan
maldivian
maldivan
malian
mauritanian
mauritian
mexican
greaser
wetback
taco
mexican-american
mexicano
monegasque
montserratian
moroccan
mozambican
namibian
nauruan
nepalese
nepali
gurkha
new zealander
kiwi
nicaraguan
nigerian
nigerien
north american
norwegian
norseman
norse
omani
pakistani
brahui
panamanian
paraguayan
parthian
peruvian
south american indian
carib
carib indian
quechua
kechua
inca
inka
incan
filipino
pole
polack
polynesian
portuguese
qatari
katari
romanian
rumanian
russian
great russian
muscovite
georgian
samoan
saudi
saudi arabian
arab
arabian
san marinese
sarawakian
scandinavian
norse
northman
viking
scot
scotsman
scotchman
scotswoman
scotchwoman
senegalese
seychellois
siberian
sierra leonean
slovene
somali
south african
south american
spaniard
sinhalese
singhalese
sudanese
swazi
swede
sherpa
syrian
damascene
khmer
tahitian
taiwanese
tajik
tadzhik
tanzanian
thai
tai
siamese
tibetan
togolese
tuareg
tunisian
turk
ottoman
ottoman turk
osmanli
turki
azerbaijani
chuvash
effendi
karakalpak
kazak
kazakh
kazakhstani
kirghiz
kirgiz
khirghiz
turkoman
turkmen
turcoman
uighur
uigur
uygur
uzbek
uzbeg
uzbak
usbek
usbeg
ugandan
ukranian
yakut
tungusic
tungus
evenk
manchu
khalkha
khalka
kalka
american
american
anglo-american
alabaman
alabamian
alaskan
alaska native
alaskan native
native alaskan
arizonan
arizonian
arkansan
arkansawyer
bay stater
californian
carolinian
coloradan
connecticuter
delawarean
delawarian
floridian
franco-american
german american
georgian
hawaiian
native hawaiian
idahoan
illinoisan
indianan
hoosier
iowan
kansan
kentuckian
louisianan
louisianian
mainer
down easter
bostonian
michigander
wolverine
minnesotan
mississippian
missourian
montanan
nebraskan
cornhusker
nevadan
new hampshirite
new jerseyan
new jerseyite
new yorker
north carolinian
north dakotan
ohioan
buckeye
oregonian
pennsylvanian
rhode islander
south carolinian
south dakotan
tennessean
texan
utahan
vermonter
virginian
washingtonian
washingtonian
west virginian
wisconsinite
wyomingite
puerto rican
yankee
yank
yankee-doodle
uruguayan
venezuelan
vietnamese
annamese
welshman
welsh
cambrian
gambian
german
teuton
east german
kraut
krauthead
boche
jerry
hun
berliner
west berliner
prussian
junker
ghanian
gibraltarian
glaswegian
grenadian
guinean
rwandan
sierra leonian
singaporean
slovenian
somalian
sri lankan
sumatran
tongan
trojan
dardan
dardanian
walloon
yemeni
yugoslav
jugoslav
yugoslavian
jugoslavian
serbian
serb
croatian
croat
sorbian
zairese
zairean
zambian
zimbabwean
aleut
aleutian
alsatian
arawak
arawakan
berserker
berserk
bohemian
borderer
boxer
brahman
brahmin
brummie
brummy
burgess
burgher
bushwhacker
cairene
cartographer
map maker
catalan
chechen
cliff dweller
coaster
colonial
colossian
confederate
confederate soldier
cottager
cottage dweller
criollo
dalesman
dalmatian
easterner
east-sider
ephesian
eskimo
esquimau
inuit
farsi
galilean
galilaean
geisha
geisha girl
geographer
good old boy
good ole boy
good ol' boy
goth
highlander
scottish highlander
hittite
inmate
islander
island-dweller
jacobean
javanese
javan
jawan
kshatriya
landlubber
landsman
landman
latin
liver
lowlander
mafioso
mandarin
marcher
mesoamerican
metropolitan
nazarene
new englander
yankee
yank
northerner
nubian
numidian
occidental
federal
federal soldier
union soldier
ostrogoth
outlier
owner-occupier
palatine
paleo-american
paleo-amerind
paleo-indian
patrial
peshmerga
philippian
philistine
phrygian
plainsman
quebecois
rajput
rajpoot
resident
occupant
occupier
sannup
sardinian
sassenach
shogun
shudra
sudra
smarta
sojourner
southerner
spanish american
hispanic american
hispanic
latino
squaw
stater
suburbanite
tagalog
tellurian
earthling
earthman
tenant
thessalonian
timorese
tobagonian
tory
townsman
towner
townee
townie
towny
transmigrante
trinidadian
vaisya
villager
visayan
bisayan
visigoth
westerner
west indian
west-sider
yankee
yank
northerner
agrippina
agrippina the elder
agrippina
agrippina the younger
alcaeus
alcibiades
antigonus
antigonus cyclops
monophthalmos
arminius
armin
hermann
artaxerxes i
artaxerxes
artaxerxes ii
artaxerxes
athelstan
black hawk
makataimeshekiakiak
cabot
sebastian cabot
clovis
clovis i
cochise
crazy horse
tashunca-uitco
demetrius
demetrius i
demetrius poliorcetes
demosthenes
draco
geronimo
hiawatha
joseph
chief joseph
keokuk
lysimachus
massasoit
mercator
gerardus mercator
gerhard kremer
philemon
plato
pocahontas
matoaka
rebecca rolfe
pontiac
powhatan
wahunsonacock
rain-in-the-face
red cloud
sappho
seleucus
seleucus i
seleucus i nicator
sequoya
sequoyah
george guess
sitting bull
socrates
tecumseh
tecumtha
tenzing norgay
ocean current
equatorial current
north equatorial current
south equatorial current
gulf stream
japan current
kuroshio current
kuroshio
peruvian current
humboldt current
north
due north
n
magnetic declination
magnetic variation
variation
street
hydrogen
h
atomic number 1
oxygen
o
atomic number 8
water
h2o
rainy season
monsoon
dry season
western
eastern
western
eastern
north
south
northern
southern
northern
southern
albanian
andalusian
antipodal
antipodean
appalachian
aqueous
aquatic
archipelagic
areal
australasian
benthic
benthal
benthonic
cartographic
cartographical
chian
cross-country
equinoctial
estonian
estuarine
estuarial
fluvial
hebridean
insular
latin-american
meridional
platonic
rural
subarctic
sumerian
tasmanian
tellurian
telluric
terrestrial
terrene
semiterrestrial
tidal
torrential
urban
volcanic
longitudinal
polar
transpolar
caucasian
caucasic
peloponnesian
continental
continental
continental
marine
thalassic
oceanic
pelagic
transoceanic
montane
florentine
arctic
antarctic
anglo-indian
roman
roman
american
american
indian
north american
south american
subtropical
subtropic
semitropical
semitropic
equatorial
riparian
african
afro-asian
atlantic
pacific
sedimentary
italian
russian
german
german
germanic
teutonic
east german
celtic
gaelic
teutonic
germanic
french
gallic
spanish
iberian
lusitanian
portuguese
lusitanian
sicilian
soviet
finnish
swedish
norwegian
norse
scandinavian
norse
danish
belgian
dutch
luxembourgian
swiss
austrian
polish
hungarian
magyar
czech
czechoslovakian
yugoslavian
yugoslav
romanian
rumanian
roumanian
baltic
baltic
latvian
lithuanian
serbian
croatian
slovenian
bosnian
chinese
sinitic
japanese
nipponese
tibetan
himalayan
chilean
peruvian
ecuadorian
panamanian
venezuelan
brazilian
argentine
argentinian
paraguayan
uruguayan
bolivian
colombian
korean
north korean
south korean
european
asian
asiatic
cambodian
kampuchean
manchurian
honduran
salvadoran
salvadorean
cuban
bavarian
byzantine
neapolitan
milanese
tuscan
venetian
tyrolean
tyrolese
viennese
glaswegian
egyptian
hindustani
nepalese
nepali
indonesian
alsatian
athenian
spartan
israeli
genoese
genovese
assamese
austronesian
algerian
andorran
monacan
monegasque
galwegian
calcuttan
canadian
national
lacustrine
epicurean
english
irish
afghani
afghan
afghanistani
central american
alluvial
greek
grecian
hellenic
syrian
mycenaean
aegean
attic
boeotian
argive
topographical
topographic
geographic
geographical
british
parisian
turkish
eurafrican
eurasian
eurasiatic
moroccan
maroc
scots
scottish
scotch
corsican
sardinian
alpine
alpine
andean
mexican
aeschylean
alexandrian
aristotelian
aristotelean
aristotelic
demosthenic
draconian
ptolemaic
socratic
pythagorean
washingtonian
washingtonian
afrikaans
afrikaner
angolan
anguillan
antiguan
arabian
arabic
australian
bahamian
bahraini
bangladeshi
east pakistani
barbadian
bengali
beninese
bermudan
bhutanese
bruneian
bulgarian
burmese
burundi
burundian
californian
cameroonian
cantonal
catalan
chadian
cockney
congolese
costa rican
creole
cyprian
cypriote
cypriot
dalmatian
damascene
delphic
delphian
djiboutian
dominican
eritrean
ethiopian
fijian
filipino
philippine
flemish
gabonese
gallic
gambian
georgian
georgian
georgian
ghanaian
ghanese
ghanian
gibraltarian
gothic
grenadian
guatemalan
guinean
guyanese
haitian
hispaniolan
hispanic
latino
hippocratic
homeric
hydraulic
icelandic
iranian
persian
iraqi
iraki
jamaican
javanese
javan
jordanian
kashmiri
kenyan
kuwaiti
kuwaiti
lancastrian
laotian
lao
latin
lebanese
levantine
liberian
libyan
liechtensteiner
liverpudlian
luxemburger
luxemburger
macedonian
madagascan
malawian
malay
malayan
malaysian
malayan
malian
maltese
mancunian
manx
mauritanian
mauritian
mediterranean
mongol
mongolian
mongolian
montserratian
mozambican
mozambican
muscovite
namibian
nauruan
nicaraguan
nigerian
nigerien
nigerian
nilotic
nordic
norman
norman
olympian
olympian
olympic
omani
oxonian
oxonian
pakistani
papuan
parthian
peninsular
prussian
carthaginian
punic
qatari
katari
rhenish
romaic
rwandan
ruandan
sabahan
samoan
san marinese
sarawakian
saudi-arabian
saudi
saxon
anglo-saxon
senegalese
seychellois
thai
tai
siamese
siberian
sierra leonian
singaporean
singaporean
singhalese
sinhalese
sri lankan
ceylonese
somalian
somali
sudanese
sumatran
swazi
tahitian
taiwanese
chinese
formosan
tanzanian
texan
tobagonian
togolese
tongan
trinidadian
trojan
tunisian
tunisian
ugandan
vietnamese
vietnamese
yemeni
zairean
zairese
zambian
new zealander
zimbabwean
briton
longitudinally
rurally
volcanically
geographically
nationally
nationwide
across the nation
across the country
topographically
northeastward
northeastwardly
northwestward
northwestwardly
southeastward
southeastwardly
southwestward
southwestwardly
