printmaking
engraving
etching
steel engraving
aquatint
serigraphy
lithography
aquatint
clip art
computer graphics
contact print
copperplate
dry point
engraving
etching
graphics
gravure
photogravure
heliogravure
halftone
hectograph
heliotype
linecut
line engraving
linocut
lithograph
mezzotint
overprint
surprint
photolithograph
print
silkscreen
silk screen print
serigraph
steel engraving
woodcut
wood engraving
printing
printing process
typography
composition
relief printing
letterpress
intaglio printing
intaglio
gravure
process printing
photogravure
rotogravure
planographic printing
planography
collotype
collotype printing
photogelatin process
lithography
photolithography
chromolithography
photo-offset printing
photo-offset
offset
offset printing
offset lithography
letterset printing
carbon process
engraver
lithographer
printmaker
graphic artist
currier
nathaniel currier
daumier
honore daumier
ives
james ives
james merritt ives
senefelder
alois senefelder
aloys senefelder
print
lithograph
silkscreen
stencil
engrave
benday
stipple
etch
aquatint
graphic
lithographic
graphically
