aigrette
aigret
anklet
ankle bracelet
annulet
armilla
bead
bijou
bracelet
bangle
brooch
broach
breastpin
bugle
casket
jewel casket
chain
string
strand
choker
collar
dog collar
neckband
clasp
clip
coronet
crown
diadem
crown jewels
cufflink
earring
engagement ring
jewel
gem
precious stone
jeweler's glass
jewelled headdress
jewelry
jewellery
lacquerware
loupe
jeweler's loupe
mourning ring
necklace
pendant
pendant earring
drop earring
eardrop
pin
ring
band
ringlet
scatter pin
signet
signet ring
seal ring
solitaire
stickpin
sunburst
tiara
tie clip
tie tack
tiepin
scarfpin
wedding ring
wedding band
jewelry dealer
jewelry store
gem cutter
goldsmith
goldworker
gold-worker
jewel
gem
jeweler
jeweller
jewelry maker
jeweler
jeweller
silversmith
silverworker
silver-worker
faberge
peter carl faberge
revere
paul revere
diamond
ice
sparkler
ruby
pearl
seed pearl
emerald
sapphire
facet
chrysoberyl
garnet
almandite
almandine
opal
gem
gemstone
stone
cabochon
agate
moss agate
alexandrite
amethyst
aquamarine
black opal
bloodstone
heliotrope
carbonado
black diamond
carnelian
cornelian
cat's eye
chalcedony
calcedony
chrysolite
chrysoprase
citrine
coral
red coral
precious coral
demantoid
andradite
diamond
adamant
emerald
fire opal
girasol
carbuncle
goldstone
cinnamon stone
essonite
hessonite
harlequin opal
jade
jadestone
jasper
kunzite
lapis lazuli
lazuli
moonstone
morganite
onyx
opaque gem
peridot
plasma
pyrope
rhodolite
ruby
water sapphire
sapphire
sard
sardine
sardius
sardonyx
schorl
hiddenite
star sapphire
sunstone
aventurine
topaz
tourmaline
transparent gem
turquoise
encrust
incrust
beset
adamantine
amethystine
armillary
diamantine
lapidary
sapphirine
