calculation
computation
computing
transposition
number crunching
mathematical process
mathematical operation
operation
recalculation
permutation
combination
differentiation
maximization
division
long division
short division
integration
multiplication
times
subtraction
minus
summation
addition
plus
exponentiation
involution
arithmetic operation
matrix operation
matrix addition
matrix multiplication
matrix inversion
matrix transposition
construction
quadrature
relaxation
relaxation method
schematization
schematisation
diagramming
rationalization
rationalisation
abacus
adder
adding machine
totalizer
totaliser
calculator
calculating machine
counter
tabulator
hand calculator
pocket calculator
napier's bones
napier's rods
pulse counter
quipu
scaler
subtracter
logicality
logicalness
rationality
rationalness
consistency
completeness
illogicality
illogicalness
illogic
accuracy
symmetry
symmetricalness
correspondence
balance
asymmetry
imbalance
irregularity
geometrical irregularity
lopsidedness
skewness
radial asymmetry
directivity
directionality
handedness
laterality
ambidexterity
ambidextrousness
left-handedness
sinistrality
right-handedness
dextrality
footedness
eyedness
curvature
analyticity
logic
logical system
system of logic
aristotelian logic
distribution
statistical distribution
equidsitribution
deduction
deductive reasoning
synthesis
inference
illation
syllogism
abstraction
generalization
generalisation
analogy
corollary
derivation
deduction
entailment
implication
extrapolation
presumption
non sequitur
resolution
resolving
factorization
factorisation
factoring
diagonalization
diagonalisation
extrapolation
interpolation
conversion
data conversion
digitization
digitisation
reductio ad absurdum
reductio
disproof
falsification
refutation
confutation
counterexample
rule
formula
metarule
algorithm
algorithmic rule
algorithmic program
sorting algorithm
stemmer
stemming algorithm
recursion
quantity
quantum
term
numerical quantity
zero
zero point
value
scale value
vote
voter turnout
operand
variable
variable quantity
argument
independent variable
experimental variable
factor
correlate
correlative
degree of freedom
dependent variable
constant
constant quantity
parameter
parametric quantity
parameter
degree of freedom
product
mathematical product
factorial
multiple
double
triple
quadruple
lowest common multiple
least common multiple
lcm
sum
amount
total
degree
degree of a term
degree of a polynomial
first degree
polynomial
multinomial
monic polynomial
quadratic
quadratic polynomial
biquadratic
biquadratic polynomial
quartic polynomial
series
power series
convergence
convergency
divergence
divergency
geometric series
fourier series
predictor variable
proportional
random variable
variate
variant
stochastic variable
chance variable
scalar
tensor
vector
vector product
cross product
scalar product
inner product
dot product
vector sum
resultant
radius vector
radius vector
bayes' postulate
mathematics
math
maths
pure mathematics
arithmetic
algorism
spherical trigonometry
triangulation
origin
coordinate
co-ordinate
cartesian coordinate
dimension
abscissa
ordinate
polar coordinate
trigonometry
trig
algebra
quadratics
linear algebra
vector algebra
decomposition
vector decomposition
matrix algebra
calculus
the calculus
infinitesimal calculus
analysis
fourier analysis
harmonic analysis
differential calculus
method of fluxions
derived function
derivative
differential coefficient
differential
first derivative
partial derivative
partial
integral calculus
integral
indefinite integral
definite integral
calculus of variations
set theory
interval
closed interval
bounded interval
open interval
unbounded interval
sub-interval
group
mathematical group
subgroup
group theory
galois theory
abelian group
commutative group
topology
analysis situs
metamathematics
applied mathematics
applied math
linear programming
statistics
statistical method
statistical procedure
least squares
method of least squares
multivariate analysis
statistic
average
norm
demographic
deviation
moment
nonparametric statistic
distribution free statistic
parametric statistic
age norm
outlier
mean deviation
mean deviation from the mean
mode
modal value
median
median value
mean
mean value
arithmetic mean
first moment
expectation
expected value
geometric mean
harmonic mean
second moment
variance
standard deviation
covariance
frequency distribution
normal distribution
gaussian distribution
poisson distribution
regression
simple regression
regression toward the mean
statistical regression
multiple regression
multiple correlation
multicollinearity
regression analysis
regression equation
regression of y on x
regression coefficient
linear regression
rectilinear regression
curvilinear regression
time series
vital statistics
correlational analysis
factor analysis
analysis of variance
anova
correlation
correlational statistics
curvilinear correlation
nonlinear correlation
skew correlation
partial correlation
first-order correlation
correlation coefficient
coefficient of correlation
correlation
positive correlation
direct correlation
negative correlation
indirect correlation
product-moment correlation coefficient
pearson product-moment correlation coefficient
multiple correlation coefficient
biserial correlation coefficient
biserial correlation
nonparametric statistics
rank-order correlation coefficient
rank-order correlation
rank-difference correlation coefficient
rank-difference correlation
kendall test
kendall partial rank correlation
coefficient of concordance
tau coefficient of correlation
kendall's tau
kendall rank correlation
phi coefficient
phi correlation
fourfold point correlation
split-half correlation
chance-half correlation
tetrachoric correlation coefficient
tetrachoric correlation
spurious correlation
binomial
binomial distribution
bernoulli distribution
binomial theorem
probability theory
biometrics
biometry
information theory
symbolic logic
mathematical logic
formal logic
boolean logic
boolean algebra
propositional logic
propositional calculus
predicate calculus
functional calculus
quantification
modal logic
alethic logic
deontic logic
epistemic logic
doxastic logic
fuzzy logic
sentential function
primitive
subject
predicate
referent
relatum
proof
mathematical proof
logical proof
demonstration
monstrance
equation
linear equation
quadratic equation
quadratic
biquadratic equation
biquadratic
differential equation
maxwell's equations
partial differential equation
schrodinger equation
schrodinger wave equation
simultaneous equations
wave equation
antinomy
paradox
formula
expression
mathematical statement
recursive definition
proposition
negation
converse
lemma
term
theorem
categorem
categoreme
conclusion
ratiocination
postulate
posit
axiom
premise
premiss
assumption
major premise
major premiss
minor premise
minor premiss
subsumption
major term
minor term
middle term
thesis
condition
precondition
stipulation
boundary condition
provision
proviso
scenario
mathematical notation
numeration system
number system
number representation system
system of numeration
positional notation
positional representation system
binary notation
binary numeration system
pure binary numeration system
binary number system
binary system
octal numeration system
octal number system
decimal notation
octal notation
algorism
decimal numeration system
decimal number system
decimal system
hexadecimal notation
sexadecimal notation
hexadecimal number system
sexadecimal number system
hexadecimal system
sign
equals sign
plus sign
minus sign
decimal point
percentage point
exponent
power
index
radical
radical sign
logarithm
log
common logarithm
natural logarithm
napierian logarithm
mantissa
fixed-point part
characteristic
fixed-point notation
fixed-point representation system
floating-point notation
floating-point representation system
infix notation
parenthesis-free notation
prefix notation
lukasiewicz notation
polish notation
postfix notation
suffix notation
reverse polish notation
tautology
contradiction
contradiction in terms
variable
placeholder
unknown
unknown quantity
set
locus
subset
null set
mandelbrot set
mathematical space
topological space
subspace
null space
manifold
metric space
euclidean space
hilbert space
field
scalar field
solution
root
actuarial table
statistical table
row
column
progression
patterned advance
arithmetic progression
geometric progression
harmonic progression
domain
earshot
earreach
hearing
view
eyeshot
range
reach
rifle range
rifle shot
algebraist
arithmetician
geometer
geometrician
mathematician
number theorist
probability theorist
statistician
mathematical statistician
trigonometrician
abel
niels abel
niels henrik abel
alhazen
al-haytham
ibn al-haytham
al-hasan ibn al-haytham
archimedes
bayes
thomas bayes
bernoulli
jakob bernoulli
jacques bernoulli
james bernoulli
bernoulli
johann bernoulli
jean bernoulli
john bernoulli
bessel
friedrich wilhelm bessel
boole
george boole
bowditch
nathaniel bowditch
descartes
rene descartes
diophantus
eratosthenes
euclid
euler
leonhard euler
fermat
pierre de fermat
fourier
jean baptiste joseph fourier
baron jean baptiste joseph fourier
galois
evariste galois
gauss
karl gauss
karl friedrich gauss
godel
kurt godel
hamilton
william rowan hamilton
sir william rowan hamilton
hero
heron
hero of alexandria
hilbert
david hilbert
hipparchus
jacobi
karl gustav jacob jacobi
klein
felix klein
kronecker
leopold kronecker
laplace
marquis de laplace
pierre simon de laplace
leibniz
leibnitz
gottfried wilhelm leibniz
gottfried wilhelm leibnitz
lobachevsky
nikolai ivanovich lobachevsky
mandelbrot
benoit mandelbrot
markov
andrei markov
markoff
andre markoff
minkowski
hermann minkowski
mobius
august f. mobius
august ferdinand mobius
muller
johann muller
regiomontanus
napier
john napier
newton
isaac newton
sir isaac newton
noether
emmy noether
omar khayyam
pascal
blaise pascal
peirce
benjamin peirce
pythagoras
riemann
bernhard riemann
georg friedrich bernhard riemann
turing
alan turing
alan mathison turing
veblen
oswald veblen
vernier
paul vernier
von neumann
neumann
john von neumann
weil
andre weil
whitehead
alfred north whitehead
wiener
norbert wiener
deflator
balance
balance of trade
trade balance
visible balance
trade gap
carry-over
carry-forward
compensating balance
offsetting balance
invisible balance
absolute value
number
decimal
constant
avogadro's number
avogadro number
boltzmann's constant
coefficient
absorption coefficient
coefficient of absorption
absorptance
drag coefficient
coefficient of drag
coefficient of friction
coefficient of mutual induction
mutual inductance
coefficient of self induction
self-inductance
coefficient of expansion
expansivity
coefficient of reflection
reflection factor
reflectance
reflectivity
transmittance
transmission
coefficient of viscosity
absolute viscosity
dynamic viscosity
cosmological constant
equilibrium constant
dissociation constant
gas constant
universal gas constant
r
hubble's constant
hubble constant
ionic charge
planck's constant
h
oxidation number
oxidation state
count
complement
blood count
body count
circulation
circulation
head count
headcount
pollen count
sperm count
factor
conversion factor
factor of proportionality
constant of proportionality
fibonacci number
prime
prime quantity
prime factor
prime number
composite number
compound number
ordinal number
ordinal
no.
first
number one
number 1
cardinal number
cardinal
base
radix
floating-point number
fixed-point number
frequency
absolute frequency
googol
googolplex
natural number
integer
whole number
addend
augend
minuend
subtrahend
remainder
difference
complex number
complex quantity
imaginary number
real number
real
pure imaginary number
imaginary part
imaginary part of a complex number
modulus
rational number
irrational number
transcendental number
algebraic number
square
second power
cube
third power
biquadrate
biquadratic
quartic
fourth power
root
square root
cube root
fraction
common fraction
simple fraction
numerator
dividend
denominator
divisor
quotient
divisor
factor
remainder
multiplier
multiplier factor
multiplicand
scale factor
time-scale factor
equivalent-binary-digit factor
aliquot
aliquot part
aliquant
aliquant part
common divisor
common factor
common measure
greatest common divisor
greatest common factor
highest common factor
common multiple
common denominator
modulus
improper fraction
proper fraction
complex fraction
compound fraction
decimal fraction
decimal
circulating decimal
recurring decimal
repeating decimal
continued fraction
one-half
half
fifty percent
moiety
mediety
one-third
third
tierce
two-thirds
one-fourth
fourth
quarter
fourth part
twenty-five percent
quartern
three-fourths
one-fifth
fifth
fifth part
twenty percent
one-sixth
sixth
one-seventh
seventh
one-eighth
eighth
one-ninth
ninth
one-tenth
tenth
tenth part
ten percent
one-sixtieth
sixtieth
one-hundredth
hundredth
one percent
one-thousandth
thousandth
one-millionth
millionth
one-billionth
billionth
one-trillionth
trillionth
one-quadrillionth
quadrillionth
one-quintillionth
quintillionth
double digit
pi
3.14159265358979323846...
e
2.718282...
logical relation
contradictory
contrary
mathematical relation
function
mathematical function
inverse function
kronecker delta
metric function
metric
transformation
reflection
rotation
translation
affine transformation
mapping
map
correspondence
isometry
operator
linear operator
identity
identity element
identity operator
trigonometric function
circular function
sine
sin
cosine
cos
tangent
tan
cotangent
cotan
secant
sec
cosecant
cosec
threshold function
exponential
exponential function
exponential equation
exponential expression
exponential series
parity
transitivity
reflexivity
modality
mode
golden section
golden mean
quotient
reciprocal
implication
logical implication
conditional relation
plane
sheet
cartesian plane
facet plane
midplane
midline
picture plane
tangent plane
geodesic
geodesic line
intersection
upper bound
lower bound
speed of light
light speed
c
develop
randomize
randomise
serialize
serialise
map
represent
quantify
diagonalize
diagonalise
translate
decimalize
decimalise
transform
commute
transpose
calculate
cipher
cypher
compute
work out
reckon
figure
quantize
quantise
extract
process
prorate
miscalculate
misestimate
recalculate
average
average out
square
cube
factor
factor in
factor out
add
add together
foot
foot up
subtract
deduct
take off
multiply
raise
divide
fraction
halve
quarter
interpolate
extrapolate
differentiate
integrate
survey
triangulate
prove
estimate
gauge
approximate
guess
judge
quantize
quantise
misgauge
place
put
set
give
lowball
underestimate
assess
reckon
count
presuppose
suppose
budget
capitalize
capitalise
overcapitalize
overcapitalise
resolve
solve
factorize
factorise
truncate
guesstimate
imply
suggest
intimate
make out
connote
predicate
specify
set
determine
fix
limit
name
reset
return
reduce
equate
correspond
converge
meet
converge
diverge
analytic
analytical
synthetic
synthetical
combinatorial
continuous
discontinuous
extensional
intensional
commutative
direct
inverse
dividable
undividable
indivisible by(p)
mathematical
representable
inductive
deductive
linear
additive
nonlinear
monotonic
monotone
nonmonotonic
open
closed
plus
minus
disjoint
interchangeable
rhombohedral
trigonal
noninterchangeable
invariant
binary
boolean
centesimal
deductive
differentiable
hexadecimal
hex
inductive
inferential
illative
numeral
numerical
numeric
algebraic
algebraical
octal
computational
syllogistic
parametric
trigonometric
rational
irrational
mathematical
exponential
logarithmic
cartesian
gaussian
boole
leibnizian
leibnitzian
newtonian
pythagorean
riemannian
arithmetical
arithmetic
binomial
euclidian
euclidean
polynomial
multinomial
quadratic
biquadratic
mathematically
axiomatically
algebraically
continuously
analytically
arithmetically
computationally
exponentially
logarithmically
