delivery
obstetrical delivery
checkup
medical checkup
medical examination
medical exam
medical
health check
ligation
tubal ligation
medical diagnosis
prenatal diagnosis
differential diagnosis
prognosis
prospect
medical prognosis
diagnostic procedure
diagnostic technique
emergency procedure
breech delivery
breech birth
breech presentation
frank breech
frank breech delivery
cesarean delivery
caesarean delivery
cesarean section
cesarian section
caesarean section
c-section
cesarean
cesarian
caesarean
abdominal delivery
forceps delivery
midwifery
spasm
bronchospasm
cardiospasm
heave
retch
laryngismus
strangulation
abortion
spontaneous abortion
miscarriage
stillbirth
habitual abortion
imminent abortion
threatened abortion
incomplete abortion
partial abortion
induced abortion
aborticide
feticide
therapeutic abortion
rubdown
intradermal injection
intramuscular injection
intravenous injection
fix
subcutaneous injection
exchange transfusion
transfusion
blood transfusion
circumcision
medicine
practice of medicine
preventive medicine
alternative medicine
herbal medicine
complementary medicine
medical practice
family practice
family medicine
group practice
quackery
empiricism
endoscopy
celioscopy
colonoscopy
culdoscopy
gastroscopy
hysteroscopy
proctoscopy
sigmoidoscopy
flexible sigmoidoscopy
blood count
complete blood count
cbc
blood profile
differential blood count
sperm count
primary care
aftercare
medical care
medical aid
treatment
hospitalization
hospitalisation
hospital care
massage
cardiac massage
heart massage
effleurage
petrissage
swedish massage
tapotement
therapy
modality
diathermy
chemotherapy
correction
galvanism
electric healing
electrical healing
heliotherapy
insolation
hormone replacement therapy
hormone-replacement therapy
hrt
immunotherapy
infrared therapy
inflation therapy
iontophoresis
ionic medication
iontotherapy
electromotive drug administration
emda
medication
antipyresis
megavitamin therapy
occupational therapy
nursing care
suction curettage
vacuum aspiration
hysterotomy
administration
giving medication
drip feed
sedation
drugging
irrigation
douche
enema
clyster
barium enema
lavage
gastric lavage
dressing
bandaging
binding
holistic medicine
hospice
injection
shot
bloodletting
venesection
phlebotomy
cupping
defibrillation
detoxification
detoxification
fusion
spinal fusion
physical therapy
physiotherapy
physiatrics
rehabilitation
phytotherapy
herbal therapy
botanical medicine
psychotherapy
behavior therapy
behavior modification
assertiveness training
aversion therapy
desensitization technique
desensitisation technique
desensitization procedure
desensitisation procedure
systematic desensitization
systematic desensitisation
exposure therapy
implosion therapy
flooding
reciprocal inhibition
reciprocal-inhibition therapy
token economy
client-centered therapy
crisis intervention
group therapy
group psychotherapy
family therapy
hypnotherapy
play therapy
psychoanalysis
analysis
depth psychology
hypnoanalysis
self-analysis
radiotherapy
radiation therapy
radiation
actinotherapy
irradiation
phototherapy
radium therapy
curietherapy
x-ray therapy
chrysotherapy
shock therapy
shock treatment
electroconvulsive therapy
electroshock
electroshock therapy
ect
insulin shock
insulin shock therapy
insulin shock treatment
metrazol shock
metrazol shock therapy
metrazol shock treatment
speech therapy
refrigeration
thermotherapy
thrombolytic therapy
chiropractic
fomentation
naturopathy
naprapathy
orthodontic treatment
orthoptics
osteopathy
osteoclasis
disinfection
chlorination
digitalization
digitalisation
anticoagulation
acupuncture
stylostixis
acupressure
g-jo
shiatsu
autogenic therapy
autogenic training
autogenics
allopathy
homeopathy
homoeopathy
hydropathy
hydrotherapy
intensive care
rest-cure
vasectomy
intemperance
intemperateness
drink
drinking
boozing
drunkenness
crapulence
inoculating
vaccinating
ring vaccination
variolation
variolization
artificial respiration
cardiography
electrocardiography
echocardiography
echoencephalography
cardiopulmonary resuscitation
cpr
cardiac resuscitation
mouth-to-mouth resuscitation
kiss of life
heimlich maneuver
heimlich manoeuvere
coitus interruptus
withdrawal method
pulling out
onanism
natural family planning
birth control
birth prevention
family planning
contraception
contraceptive method
oral contraception
basal body temperature method of family planning
basal body temperature method
ovulation method of family planning
ovulation method
rhythm method of birth control
rhythm method
rhythm
calendar method of birth control
calendar method
surgical contraception
galvanic skin response
gsr
psychogalvanic response
electrodermal response
electrical skin response
fere phenomenon
tarchanoff phenomenon
percussion
pleximetry
succussion
auscultation
fetoscopy
foetoscopy
electromyography
mammography
thermography
mammothermography
healthcare delivery
health care delivery
care delivery
prophylaxis
health care
medicare
medicaid
primary health care
vasoconstriction
quarantine
pathogen
monster
teras
warble
chestnut
arthroscope
artificial heart
artificial joint
artificial kidney
hemodialyzer
artificial skin
autoinjector
ballistocardiograph
cardiograph
bedlam
booby hatch
crazy house
cuckoo's nest
funny farm
funny house
loony bin
madhouse
nut house
nuthouse
sanatorium
snake pit
breast implant
breathalyzer
breathalyser
breathing device
breathing apparatus
breathing machine
ventilator
bronchoscope
bulb
burn center
cardiograph
electrocardiograph
cautery
cauterant
cellulose tape
scotch tape
sellotape
clinic
coca
colonoscope
corrective
restorative
court plaster
creche
foundling hospital
cryocautery
culdoscope
curette
curet
defibrillator
depressor
dermatome
dialyzer
dialysis machine
diathermy machine
dilator
dilater
dispensary
douche
douche bag
electroencephalograph
electromyograph
endoscope
fetoscope
foetoscope
fiberscope
field hospital
first-aid kit
forceps
gastroscope
glass eye
headrest
heart valve
hemostat
haemostat
hospital
infirmary
hospital room
hyoscyamine
hypodermic needle
hypodermic syringe
hypodermic
hypo
implant
instillator
iron lung
jarvik heart
jarvik artificial heart
keratoscope
knee brace
laparoscope
laryngoscope
laser
optical maser
lazaretto
lazaret
lazarette
lazar house
pesthouse
lens implant
lie detector
lion-jaw forceps
maternity hospital
medical building
health facility
healthcare facility
medical instrument
medicine chest
medicine cabinet
mental hospital
psychiatric hospital
mental institution
institution
mental home
insane asylum
asylum
microwave diathermy machine
military hospital
mouse-tooth forceps
national library of medicine
united states national library of medicine
u.s. national library of medicine
neck brace
ophthalmoscope
optical fiber
glass fiber
optical fibre
glass fibre
orthoscope
otoscope
oxygen mask
pacemaker
artificial pacemaker
pack
peg
wooden leg
leg
pegleg
penile implant
photocoagulator
plaster
adhesive plaster
sticking plaster
plexor
plessor
percussor
polygraph
probe
proctoscope
prosthesis
prosthetic device
purifier
radiotherapy equipment
respirator
inhalator
retractor
rhinoscope
sanatorium
sanatarium
sanitarium
searing iron
shortwave diathermy machine
shunt
sickbay
sick berth
sickbed
sickroom
sigmoidoscope
flexible sigmoidoscope
snare
soft soap
green soap
speculum
stethoscope
surgical instrument
swab
swathing
syringe
tampax
tampon
thermograph
thumbstall
tongue depressor
trepan
trephine
ward
hospital ward
jactitation
jactation
inanition
complexion
skin condition
wart
verruca
common wart
genital wart
venereal wart
condyloma acuminatum
verruca acuminata
juvenile wart
plantar wart
healthfulness
unhealthfulness
insalubrity
insalubriousness
achromia
physician-patient privilege
whitehead
milium
blackhead
comedo
smear
cytologic smear
cytosmear
alimentary tract smear
esophageal smear
gastric smear
oral smear
paraduodenal smear
duodenal smear
cervical smear
pap smear
papanicolaou smear
lower respiratory tract smear
bronchoscopic smear
sputum smear
vaginal smear
specimen
cytologic specimen
cancer cell
sickle cell
spermatocele
blister
bulla
bleb
imperforate anus
bowleg
genu varum
tibia vara
excrescence
vegetation
immunofluorescence
somesthesia
somaesthesia
somatesthesia
somatic sensation
feeling
constriction
pins and needles
prickling
tingle
tingling
pain
painful sensation
mittelschmerz
phantom limb pain
twinge
temperature
heat
warmth
cold
coldness
comfort zone
rehabilitation program
vocational rehabilitation program
regimen
regime
biomedical science
medicine
medical specialty
medical science
aeromedicine
aerospace medicine
aviation medicine
allergology
anesthesiology
angiology
bacteriology
biomedicine
biomedicine
cardiology
dentistry
dental medicine
odontology
cosmetic dentistry
dental surgery
endodontics
endodontia
exodontics
exodontia
orthodontics
orthodontia
orthodonture
dental orthopedics
dental orthopaedics
periodontics
periodontia
prosthetics
prosthodontics
prosthodontia
dermatology
emergency medicine
endocrinology
epidemiology
forensic medicine
forensic pathology
gastroenterology
geriatrics
gerontology
gynecology
gynaecology
hematology
haematology
hygiene
hygienics
immunology
immunochemistry
chemoimmunology
immunopathology
internal medicine
general medicine
nephrology
nuclear medicine
neurology
clinical neurology
neuropsychiatry
nosology
diagnostics
obstetrics
ob
tocology
midwifery
fetology
foetology
perinatology
oncology
ophthalmology
otology
otolaryngology
pharmacy
pharmaceutics
psychiatry
psychopathology
psychological medicine
psychotherapy
psychotherapeutics
mental hygiene
clinical psychology
freudian psychology
jungian psychology
audiology
audiometry
pathology
pediatrics
paediatrics
pediatric medicine
neonatology
podiatry
chiropody
proctology
radiology
rheumatology
serology
space medicine
sports medicine
surgery
orthopedics
orthopaedics
therapeutics
thoracic medicine
traumatology
accident surgery
tropical medicine
urology
urogenital medicine
veterinary medicine
virology
neurology
paleopathology
palaeopathology
transference
countertransference
family history
medical history
medical record
anamnesis
medical bill
doctor's bill
sanitary code
health code
doctor of public health
dph
indication
contraindication
ballistocardiogram
medical report
infection
contagion
transmission
crepitation rale
luxation
subluxation
suffering
hurt
agony
torment
torture
throes
discomfort
soreness
irritation
chafing
intertrigo
depression
demoralization
demoralisation
helplessness
despondency
despondence
heartsickness
disconsolateness
oppression
oppressiveness
dysphoria
elixir
elixir of life
blind
deaf
disabled
doomed
lost
sick
armamentarium
red cross
medical institution
clinic
extended care facility
hospital
eye clinic
coronary care unit
blood group
blood type
a
type a
group a
b
type b
group b
ab
type ab
group ab
o
type o
group o
rh-positive blood type
rh positive
rh-negative blood type
rh-negative blood
rh negative
health profession
medical profession
medical community
nursing
food and drug administration
fda
center for disease control and prevention
cdc
department of health and human services
health and human services
hhs
united states public health service
phs
national institutes of health
nih
intensive care unit
icu
medical school
school of medicine
sick call
sick parade
medical center
inclusion body
cellular inclusion
inclusion
plasmid
russell's body
cancer body
naprapath
abortionist
alexic
alienist
allergist
alleviator
almoner
medical social worker
amnesic
amnesiac
amputator
analysand
analyst
psychoanalyst
anesthesiologist
anesthetist
anaesthetist
angiologist
anorexic
anorectic
aphakic
aphasic
baby doctor
pediatrician
pediatrist
paediatrician
bulimic
blind person
blind man
blood donor
bonesetter
candy striper
cardiologist
heart specialist
heart surgeon
carrier
immune carrier
cataleptic
chiropractor
chiropodist
foot doctor
podiatrist
claustrophobe
consumptive
lunger
convalescent
coroner
medical examiner
cosmetic surgeon
plastic surgeon
country doctor
crazy
loony
looney
weirdo
curandera
curandero
deaf person
dental surgeon
dentist
tooth doctor
dental practitioner
depressive
dermatologist
skin doctor
diabetic
diagnostician
pathologist
diplomate
doctor
doc
physician
md
dr.
medico
donor
dummy
silent person
dyspeptic
ear doctor
ear specialist
otologist
electrologist
electrotherapist
endocrinologist
endodontist
ent man
ear-nose-and-throat doctor
otolaryngologist
otorhinolaryngologist
rhinolaryngologist
epidemiologist
epileptic
etiologist
aetiologist
exodontist
extern
medical extern
family doctor
flight surgeon
foster-nurse
gastroenterologist
general practitioner
gp
gerontologist
geriatrician
graduate nurse
trained nurse
gynecologist
gynaecologist
woman's doctor
hakim
hakeem
handicapped person
health professional
health care provider
caregiver
hematologist
haematologist
hemiplegic
hemophiliac
haemophiliac
bleeder
hemophile
haemophile
herbalist
herb doctor
horse doctor
house physician
resident
resident physician
hyperope
hypochondriac
hysteric
immune
immunologist
incurable
index case
inoculator
vaccinator
inpatient
inmate
insomniac
sleepless person
intern
interne
houseman
medical intern
internist
invalid
shut-in
leper
lazar
licensed practical nurse
lpn
practical nurse
lip reader
lunatic
madman
maniac
bedlamite
pyromaniac
madwoman
manic-depressive
massager
masseur
masseuse
matron
head nurse
medical assistant
medical officer
medic
medical practitioner
medical man
medical scientist
medical student
medico
melancholic
melancholiac
midwife
accoucheuse
monomaniac
mute
deaf-mute
deaf-and-dumb person
myope
narcoleptic
naturopath
neurasthenic
neurologist
brain doctor
neurosurgeon
brain surgeon
neurotic
psychoneurotic
mental case
nudist
naturist
nurse
nursing aide
nurse's aide
nurse-midwife
nurse practitioner
np
nurse clinician
obstetrician
accoucheur
oncologist
ophthalmologist
eye doctor
oculist
orderly
hospital attendant
organ donor
orthodontist
orthopedist
orthopaedist
orthoptist
osteopath
osteopathist
outpatient
paralytic
paramedic
paramedical
paranoid
paranoiac
paraplegic
paretic
patient
pedodontist
perinatologist
periodontist
pharmacist
druggist
chemist
apothecary
pill pusher
pill roller
pharmacologist
pharmaceutical chemist
physical therapist
physiotherapist
prosthodontist
presbyope
primary care physician
probationer
student nurse
proctologist
psychiatrist
head-shrinker
shrink
sociopath
psychopath
psychotherapist
clinical psychologist
psychotic
psychotic person
psycho
quack
quadriplegic
radiographer
radiologist
radiotherapist
registered nurse
rn
rheumatic
rheumatologist
roundhead
sangoma
schizophrenic
scrub nurse
serologist
sick person
diseased person
sufferer
spastic
specialist
medical specialist
speech therapist
stretcher-bearer
litter-bearer
surgeon
operating surgeon
sawbones
surgeon general
syphilitic
therapist
healer
toxicologist
universal donor
urologist
vaccinee
valetudinarian
veterinarian
veterinary
veterinary surgeon
vet
visiting nurse
visually handicapped person
vomiter
spewer
averroes
ibn-roshd
abul-walid mohammed ibn-ahmad ibn-mohammed ibn-roshd
avicenna
ibn-sina
abu ali al-husain ibn abdallah ibn sina
barany
robert barany
bartholin
caspar bartholin
beaumont
william beaumont
bruce
david bruce
sir david bruce
carrel
alexis carrel
cavell
edith cavell
edith louisa cavell
charcot
jean martin charcot
cowper
william cowper
crohn
burrill bernard crohn
cushing
harvey cushing
harvery williams cushing
de bakey
michael ellis de bakey
down
john l. h. down
eijkman
christiaan eijkman
fallot
etienne-louis arthur fallot
florey
howard florey
sir howard walter florey
freud
sigmund freud
gilbert
william gilbert
gorgas
william crawford gorgas
hamilton
alice hamilton
harvey
william harvey
hippocrates
hirschsprung
harold hirschsprung
hodgkin
thomas hodgkin
jacobs
aletta jacobs
jaspers
karl jaspers
karl theodor jaspers
jenner
edward jenner
klein
melanie klein
klinefelter
harry f. klinefelter
harry fitch kleinfelter
krafft-ebing
richard von krafft-ebing
baron richard von krafft-ebing
landsteiner
karl landsteiner
lister
joseph lister
baron lister
loewi
otto loewi
lozier
clemence sophia harned lozier
manson
sir patrick manson
medawar
peter medawar
sir peter brian medawar
meniere
prosper meniere
menninger
charles menninger
charles frederick menninger
menninger
karl menninger
karl augustus menninger
menninger
william menninger
william claire menninger
mesmer
franz anton mesmer
friedrich anton mesmer
nightingale
florence nightingale
the lady with the lamp
paget
sir james paget
paracelsus
philippus aureolus paracelsus
theophrastus philippus aureolus bombastus von hohenheim
parkinson
james parkinson
reed
walter reed
reich
wilhelm reich
rock
john rock
roget
peter mark roget
ross
sir ronald ross
rous
peyton rous
francis peyton rous
rush
benjamin rush
sanger
margaret sanger
margaret higgins sanger
schweitzer
albert schweitzer
shaw
anna howard shaw
simpson
sir james young simpson
snellen
hermann snellen
spock
benjamin spock
sullivan
harry stack sullivan
sydenham
thomas sydenham
the english hippocrates
tourette
gilles de la tourette
georges gilles de la tourette
turner
henry hubert turner
virchow
rudolf virchow
rudolf karl virchow
wernicke
karl wernicke
willebrand
von willebrand
e. a. von willebrand
erik von willebrand
erik adolf von willebrand
affinity
simple
candida albicans
monilia albicans
medical expense
sick pay
sick benefit
sickness benefit
health insurance
hospitalization insurance
hospitalization
health maintenance organization
hmo
medicaid funds
medicare check
medicare payment
shinplaster
chelation
compensation
concretion
conversion
defense mechanism
defense reaction
defence mechanism
defence reaction
defense
defence
denial
desensitization
desensitisation
displacement
feminization
feminisation
focalization
focalisation
idealization
idealisation
infection
insufflation
intellectualization
intellectualisation
isolation
menorrhagia
hypermenorrhea
metastasis
neoplasia
ossification
overcompensation
pathogenesis
pathologic process
pathological process
psychoanalytic process
rationalization
rationalisation
reaction formation
regression
repression
reuptake
re-uptake
sinking spell
zymosis
morbidity
medical relation
doctor-patient relation
nurse-patient relation
cytopenia
hematocytopenia
haematocytopenia
pancytopenia
immunological disorder
immunodeficiency
immunosuppression
tremor
fatigue
weariness
tiredness
eyestrain
asthenopia
jet lag
exhaustion
depletion
salt depletion
frazzle
mental exhaustion
brain-fag
grogginess
loginess
logginess
drunkenness
inebriation
inebriety
intoxication
tipsiness
grogginess
sottishness
soberness
sobriety
acardia
acephalia
acephaly
acephalism
acidosis
ketoacidosis
diabetic acidosis
metabolic acidosis
respiratory acidosis
carbon dioxide acidosis
starvation acidosis
acidemia
alkalemia
alkalinuria
alkaluria
alkalosis
metabolic alkalosis
respiratory alkalosis
ankylosis
anchylosis
wakefulness
sleeplessness
hypersomnia
insomnia
aplasia
arteriectasis
arteriectasia
asynergy
asynergia
asystole
cardiac arrest
cardiopulmonary arrest
sleep terror disorder
pavor nocturnus
sleepiness
drowsiness
somnolence
oscitancy
oscitance
diverticulosis
polydipsia
hypoxia
anemic hypoxia
hypoxic hypoxia
ischemic hypoxia
stagnant hypoxia
altitude sickness
mountain sickness
anoxia
anemic anoxia
anoxic anoxia
ischemic anoxia
stagnant anoxia
suffocation
asphyxiation
flux
erectile dysfunction
male erecticle dysfunction
ed
good health
healthiness
ill health
unhealthiness
health problem
disorder
upset
functional disorder
organic disorder
dyscrasia
blood dyscrasia
abocclusion
abruptio placentae
achlorhydria
acholia
cholestasis
achylia
achylia gastrica
acute brain disorder
acute organic brain syndrome
adult respiratory distress syndrome
ards
wet lung
white lung
ailment
complaint
ill
eating disorder
astereognosis
tactile agnosia
attention deficit disorder
add
attention deficit hyperactivity disorder
adhd
hyperkinetic syndrome
minimal brain dysfunction
minimal brain damage
mbd
anorgasmia
bulimarexia
binge-purge syndrome
binge-vomit syndrome
bulima nervosa
bulimia
binge-eating syndrome
bladder disorder
cardiovascular disease
carpal tunnel syndrome
celiac disease
cheilosis
perleche
choking
colpoxerosis
degenerative disorder
demyelination
dysaphia
dysosmia
parosamia
ofactory impairment
dysphagia
dysuria
dystrophy
osteodystrophy
failure
fantods
glandular disease
gland disease
glandular disorder
adenosis
hyperactivity
impaction
impacted tooth
impaction
learning disorder
learning disability
malocclusion
overbite
illness
unwellness
malady
sickness
invalidism
biliousness
ague
amyloidosis
anuresis
anuria
catastrophic illness
collapse
breakdown
crack-up
nervous breakdown
nervous exhaustion
nervous prostration
neurasthenia
shock
cardiogenic shock
hypovolemic shock
obstructive shock
distributive shock
anaphylactic shock
insulin shock
insulin reaction
decompression sickness
aeroembolism
air embolism
gas embolism
caisson disease
bends
fluorosis
food poisoning
gastrointestinal disorder
botulism
mushroom poisoning
gammopathy
glossolalia
ptomaine
ptomaine poisoning
salmonellosis
lead poisoning
plumbism
saturnism
lead colic
painter's colic
catalepsy
disease
disease of the neuromuscular junction
angiopathy
aspergillosis
acanthocytosis
agranulocytosis
agranulosis
granulocytopenia
analbuminemia
banti's disease
banti's syndrome
anthrax
cutaneous anthrax
malignant pustule
pulmonary anthrax
inhalation anthrax
anthrax pneumonia
ragpicker's disease
ragsorter's disease
woolsorter's pneumonia
woolsorter's disease
blackwater
argentine hemorrhagic fever
blackwater fever
jungle fever
cat scratch disease
complication
crud
endemic
endemic disease
enteropathy
idiopathic disease
idiopathic disorder
idiopathy
monogenic disorder
monogenic disease
polygenic disorder
polygenic disease
hypogonadism
male hypogonadism
eunuchoidism
kallman's syndrome
valvular incompetence
incompetence
kawasaki disease
mucocutaneous lymph node syndrome
plague
pestilence
pycnosis
pyknosis
hyperparathyroidism
hypoparathyroidism
hyperpituitarism
malaria
marseilles fever
kenya fever
indian tick fever
boutonneuse fever
meniere's disease
milk sickness
myasthenia gravis
myasthenia
lambert-eaton syndrome
eaton-lambert syndrome
myasthenic syndrome
carcinomatous myopathy
occupational disease
industrial disease
onycholysis
onychosis
paget's disease
osteitis deformans
rheumatism
periarteritis nodosa
polyarteritis nodosa
periodontal disease
periodontitis
pyorrhea
pyorrhoea
pyorrhea alveolaris
riggs' disease
pericementoclasia
alveolar resorption
gingivitis
ulatrophia
seizure
ictus
raptus
convulsion
clonus
epileptic seizure
grand mal
generalized seizure
epilepsia major
petit mal
epilepsia minor
metabolic disorder
alkaptonuria
alcaptonuria
nervous disorder
neurological disorder
neurological disease
akinesis
akinesia
alalia
brain disorder
encephalopathy
brain disease
cystoplegia
cystoparalysis
epilepsy
akinetic epilepsy
cortical epilepsy
focal epilepsy
focal seizure
raptus hemorrhagicus
diplegia
grand mal epilepsy
generalized epilepsy
jacksonian epilepsy
myoclonus epilepsy
lafora's disease
petit mal epilepsy
absence
complex absence
pure absence
simple absence
subclinical absence
musicogenic epilepsy
photogenic epilepsy
posttraumatic epilepsy
traumatic epilepsy
procursive epilepsy
progressive vaccinia
vaccinia gangrenosa
psychomotor epilepsy
temporal lobe epilepsy
reflex epilepsy
sensory epilepsy
status epilepticus
tonic epilepsy
erb's palsy
erb-duchenne paralysis
apraxia
ataxia
ataxy
dyssynergia
motor ataxia
friedreich's ataxia
herediatry spinal ataxia
hereditary cerebellar ataxia
atopognosia
atopognosis
dyskinesia
tardive dyskinesia
enteroptosis
multiple sclerosis
ms
disseminated sclerosis
disseminated multiple sclerosis
paralysis agitans
parkinsonism
parkinson's disease
parkinson's syndrome
parkinson's
shaking palsy
cerebral palsy
spastic paralysis
chorea
choriomeningitis
flaccid paralysis
orthochorea
sydenham's chorea
saint vitus dance
st. vitus dance
tarantism
agraphia
anorthography
logagraphia
acataphasia
aphagia
amaurosis
amblyopia
ametropia
aniseikonia
anorthopia
aphakia
aphasia
auditory aphasia
acoustic aphasia
word deafness
conduction aphasia
associative aphasia
global aphasia
total aphasia
motor aphasia
broca's aphasia
ataxic aphasia
expressive aphasia
nonfluent aphasia
nominal aphasia
anomic aphasia
anomia
amnesic aphasia
amnestic aphasia
transcortical aphasia
visual aphasia
alexia
word blindness
wernicke's aphasia
fluent aphasia
receptive aphasia
sensory aphasia
impressive aphasia
dyscalculia
dysgraphia
dyslexia
agnosia
anarthria
auditory agnosia
visual agnosia
creutzfeldt-jakob disease
cjd
jakob-creutzfeldt disease
occlusion
laryngospasm
embolism
air embolism
aeroembolism
gas embolism
fat embolism
pulmonary embolism
thromboembolism
thrombosis
cerebral thrombosis
coronary occlusion
coronary thrombosis
coronary
milk leg
white leg
phlegmasia alba dolens
heart disease
heart condition
cardiopathy
high blood pressure
hypertension
keratectasia
keratoconus
orthostatic hypotension
postural hypotension
hypotension
essential hypertension
hyperpiesia
hyperpiesis
portal hypertension
malignant hypertension
secondary hypertension
white-coat hypertension
amyotrophia
amyotrophy
amyotrophic lateral sclerosis
als
lou gehrig's disease
aneurysm
aneurism
aortic aneurysm
abdominal aortic aneurysm
aaa
aortic stenosis
enterostenosis
laryngostenosis
pulmonary stenosis
pyloric stenosis
rhinostenosis
stenosis
stricture
cerebral aneurysm
intracranial aneurysm
ventricular aneurysm
angina pectoris
angina
arteriolosclerosis
arteriosclerosis
arterial sclerosis
hardening of the arteries
induration of the arteries
coronary-artery disease
atherogenesis
atherosclerosis
coronary artery disease
athetosis
kuru
nerve compression
nerve entrapment
arteriosclerosis obliterans
ascites
azymia
bacteremia
bacteriemia
bacteriaemia
sclerosis
induration
cardiac arrhythmia
arrhythmia
cardiomyopathy
myocardiopathy
hypertrophic cardiomyopathy
flutter
gallop rhythm
cantering rhythm
mitral valve prolapse
mitral stenosis
mitral valve stenosis
circulatory failure
heart failure
coronary failure
valvular heart disease
congestive heart failure
heart attack
myocardial infarction
myocardial infarct
mi
kidney disease
renal disorder
nephropathy
nephrosis
insufficiency
coronary insufficiency
cardiac insufficiency
nephritis
bright's disease
nephrosclerosis
nephroangiosclerosis
polycystic kidney disease
pkd
polyuria
renal failure
kidney failure
renal insufficiency
acute renal failure
acute kidney failure
chronic renal failure
chronic kidney failure
cholelithiasis
enterolithiasis
nephrocalcinosis
nephrolithiasis
renal lithiasis
lipomatosis
lithiasis
glomerulonephritis
liver disease
cirrhosis
cirrhosis of the liver
fatty liver
addison's disease
addison's syndrome
hypoadrenalism
hypoadrenocorticism
adenopathy
aldosteronism
hyperaldosteronism
cushing's disease
hyperadrenalism
cushing's syndrome
hyperadrenocorticism
diabetes
diabetes mellitus
dm
type i diabetes
insulin-dependent diabetes mellitus
iddm
juvenile-onset diabetes
juvenile diabetes
growth-onset diabetes
ketosis-prone diabetes
ketoacidosis-prone diabetes
autoimmune diabetes
type ii diabetes
non-insulin-dependent diabetes mellitus
niddm
non-insulin-dependent diabetes
ketosis-resistant diabetes mellitus
ketosis-resistant diabetes
ketoacidosis-resistant diabetes mellitus
ketoacidosis-resistant diabetes
adult-onset diabetes mellitus
adult-onset diabetes
maturity-onset diabetes mellitus
maturity-onset diabetes
mature-onset diabetes
nephrogenic diabetes insipidus
diabetes insipidus
latent diabetes
chemical diabetes
lymphedema
hyperthyroidism
thyrotoxicosis
graves' disease
exophthalmic goiter
hypothyroidism
myxedema
myxoedema
cretinism
achondroplasia
achondroplasty
osteosclerosis congenita
chondrodystrophy
communicable disease
contagious disease
contagion
influenza
flu
grippe
asian influenza
asiatic flu
swine influenza
swine flu
measles
rubeola
morbilli
german measles
rubella
three-day measles
epidemic roseola
diphtheria
exanthema subitum
roseola infantum
roseola infantilis
pseudorubella
scarlet fever
scarlatina
pox
smallpox
variola
variola major
alastrim
variola minor
pseudosmallpox
pseudovariola
milk pox
white pox
west indian smallpox
cuban itch
kaffir pox
vincent's angina
vincent's infection
trench mouth
blastomycosis
chromoblastomycosis
tinea
ringworm
roundworm
dhobi itch
kerion
tinea pedis
athlete's foot
tinea barbae
barber's itch
tinea capitis
tinea corporis
tinea cruris
jock itch
eczema marginatum
blindness
sightlessness
cecity
tinea unguium
infectious disease
aids
acquired immune deficiency syndrome
brucellosis
undulant fever
malta fever
gibraltar fever
rock fever
mediterranean fever
agammaglobulinemia
anergy
hypogammaglobulinemia
severe combined immunodeficiency
severe combined immunodeficiency disease
scid
ada-scid
x-linked scid
x-scid
cholera
asiatic cholera
indian cholera
epidemic cholera
dengue
dengue fever
dandy fever
breakbone fever
dysentery
epidemic disease
hepatitis
viral hepatitis
hepatitis a
infectious hepatitis
hepatitis b
serum hepatitis
hepatitis delta
delta hepatitis
hepatitis c
liver cancer
cancer of the liver
herpes
herpes simplex
oral herpes
herpes labialis
cold sore
fever blister
genital herpes
herpes genitalis
herpes zoster
zoster
shingles
chickenpox
varicella
venereal disease
vd
social disease
cupid's itch
cupid's disease
venus's curse
sexually transmitted disease
gonorrhea
gonorrhoea
clap
granuloma inguinale
granuloma venereum
syphilis
syph
pox
primary syphilis
secondary syphilis
tertiary syphilis
tabes dorsalis
locomotor ataxia
neurosyphilis
tabes
infectious mononucleosis
mononucleosis
mono
glandular fever
kissing disease
ebola hemorrhagic fever
ebola fever
ebola
lassa fever
leprosy
hansen's disease
tuberculoid leprosy
lepromatous leprosy
necrotizing enterocolitis
nec
listeriosis
listeria meningitis
lymphocytic choriomeningitis
lymphogranuloma venereum
lgv
lymphopathia venereum
meningitis
mumps
epidemic parotitis
cerebrospinal meningitis
epidemic meningitis
brain fever
cerebrospinal fever
paratyphoid
paratyphoid fever
plague
bubonic plague
black death
black plague
pneumonic plague
septicemic plague
poliomyelitis
polio
infantile paralysis
acute anterior poliomyelitis
pott's disease
ratbite fever
rickettsial disease
rickettsiosis
typhus
typhus fever
murine typhus
rat typhus
urban typhus
endemic typhus
spotted fever
rocky mountain spotted fever
mountain fever
tick fever
q fever
rickettsialpox
trench fever
tsutsugamushi disease
scrub typhus
relapsing fever
recurrent fever
rheumatic fever
rheumatic heart disease
sweating sickness
miliary fever
tuberculosis
tb
t.b.
miliary tuberculosis
pulmonary tuberculosis
consumption
phthisis
wasting disease
white plague
scrofula
struma
king's evil
typhoid
typhoid fever
enteric fever
whooping cough
pertussis
yaws
frambesia
framboesia
yellow jack
yellow fever
black vomit
respiratory disease
respiratory illness
respiratory disorder
cold
common cold
head cold
asthma
asthma attack
bronchial asthma
status asthmaticus
bronchitis
bronchiolitis
chronic bronchitis
chronic obstructive pulmonary disease
coccidioidomycosis
coccidiomycosis
valley fever
desert rheumatism
cryptococcosis
emphysema
pulmonary emphysema
pneumonia
atypical pneumonia
primary atypical pneumonia
mycoplasmal pneumonia
bronchopneumonia
bronchial pneumonia
double pneumonia
interstitial pneumonia
lobar pneumonia
legionnaires' disease
pneumococcal pneumonia
pneumocytosis
pneumocystis pneumonia
pneumocystis carinii pneumonia
interstitial plasma cell pneumonia
psittacosis
parrot fever
ornithosis
pneumoconiosis
pneumonoconiosis
anthracosis
black lung
black lung disease
coal miner's lung
asbestosis
siderosis
silicosis
respiratory distress syndrome
respiratory distress syndrome of the newborn
hyaline membrane disease
genetic disease
genetic disorder
genetic abnormality
genetic defect
congenital disease
inherited disease
inherited disorder
hereditary disease
hereditary condition
abetalipoproteinemia
ablepharia
albinism
anencephaly
anencephalia
adactylia
adactyly
adactylism
ametria
color blindness
colour blindness
color vision deficiency
colour vision deficiency
diplopia
double vision
epispadias
dichromacy
dichromatism
dichromatopsia
dichromia
dichromasy
red-green dichromacy
red-green color blindness
red-green colour blindness
deuteranopia
daltonism
green-blindness
protanopia
red-blindness
yellow-blue dichromacy
yellow-blue color blindness
tetartanopia
yellow-blindness
tritanopia
blue-blindness
monochromacy
monochromatism
monochromatic vision
monochromia
monochromasy
cystic fibrosis
cf
fibrocystic disease of the pancreas
pancreatic fibrosis
mucoviscidosis
inborn error of metabolism
galactosemia
gaucher's disease
hirschsprung's disease
congenital megacolon
horner's syndrome
huntington's chorea
huntington's disease
hurler's syndrome
hurler's disease
gargoylism
dysostosis multiplex
lipochondrodystrophy
mucopolysaccharidosis
malignant hyperthermia
marfan's syndrome
neurofibromatosis
von recklinghausen's disease
osteogenesis imperfecta
hyperbetalipoproteinemia
hypobetalipoproteinemia
ichthyosis
clinocephaly
clinocephalism
clinodactyly
macroglossia
mongolism
mongolianism
down's syndrome
down syndrome
trisomy 21
maple syrup urine disease
branched chain ketoaciduria
mcardle's disease
muscular dystrophy
dystrophy
oligodactyly
oligodontia
otosclerosis
becker muscular dystrophy
distal muscular dystrophy
duchenne's muscular dystrophy
pseudohypertrophic dystrophy
autosomal dominant disease
autosomal dominant disorder
autosomal recessive disease
autosomal recessive defect
limb-girdle muscular dystrophy
lysinemia
myotonic muscular dystrophy
myotonic dystrophy
myotonia atrophica
steinert's disease
oculopharyngeal muscular dystrophy
niemann-pick disease
oxycephaly
acrocephaly
aplastic anemia
aplastic anaemia
erythroblastosis fetalis
fanconi's anemia
fanconi's anaemia
congenital pancytopenia
favism
hemolytic anemia
haemolytic anaemia
hyperchromic anemia
hyperchromic anaemia
hypochromic anemia
hypochromic anaemia
hypoplastic anemia
hypoplastic anaemia
iron deficiency anemia
iron deficiency anaemia
ischemia
ischaemia
ischemic stroke
ischaemic stroke
transient ischemic attack
tia
chlorosis
greensickness
macrocytic anemia
macrocytic anaemia
microcytic anemia
microcytic anaemia
parasitemia
parasitaemia
pernicious anemia
pernicious anaemia
malignant anemia
malignant anaemia
megaloblastic anemia
megaloblastic anaemia
metaplastic anemia
metaplastic anaemia
refractory anemia
refractory anaemia
sideroblastic anemia
sideroblastic anaemia
siderochrestic anemia
siderochrestic anaemia
sideropenia
sickle-cell anemia
sickle-cell anaemia
sickle-cell disease
crescent-cell anemia
crescent-cell anaemia
drepanocytic anemia
drepanocytic anaemia
spielmeyer-vogt disease
juvenile amaurotic idiocy
tay-sachs disease
tay-sachs
sachs disease
infantile amaurotic idiocy
thrombasthenia
tyrosinemia
werdnig-hoffman disease
hemophilia
haemophilia
bleeder's disease
afibrinogenemia
hemophilia a
haemophilia a
classical hemophilia
classical haemophilia
hemophilia b
haemophilia b
christmas disease
von willebrand's disease
angiohemophilia
vascular hemophilia
congenital afibrinogenemia
inflammatory disease
gastroenteritis
stomach flu
intestinal flu
cholera infantum
cholera morbus
collywobbles
pelvic inflammatory disease
pid
empyema
pleurisy
purulent pleurisy
pleuropneumonia
sore throat
pharyngitis
raw throat
angina
quinsy
peritonsillar abscess
croup
spasmodic laryngitis
glossoptosis
hypermotility
indisposition
infection
amebiasis
amoebiasis
amebiosis
amoebiosis
amebic dysentery
amoebic dysentery
chlamydia
fascioliasis
fasciolosis
fasciolopsiasis
guinea worm disease
guinea worm
dracunculiasis
enterobiasis
felon
whitlow
focal infection
fungal infection
mycosis
giardiasis
hemorrhagic fever
haemorrhagic fever
viral hemorrhagic fever
viral haemorrhagic fever
vhf
herpangia
leishmaniasis
leishmaniosis
kala azar
nonsocial infection
cross infection
opportunistic infection
paronychia
protozoal infection
respiratory tract infection
respiratory infection
lower respiratory infection
crimea-congo hemorrhagic fever
rift valley fever
hiv
viral pneumonia
severe acute respiratory syndrome
sars
upper respiratory infection
scabies
itch
schistosomiasis
bilharzia
bilharziasis
sepsis
visceral leishmaniasis
kala-azar
assam fever
dumdum fever
cutaneous leishmaniasis
old world leishmaniasis
oriental sore
tropical sore
delhi boil
aleppo boil
mucocutaneous leishmaniasis
new world leishmaniasis
american leishmaniasis
leishmaniasis americana
nasopharyngeal leishmaniasis
candidiasis
moniliasis
monilia disease
dermatomycosis
dermatophytosis
favus
keratomycosis
phycomycosis
sporotrichosis
thrush
focus
focal point
nidus
aspergillosis
sore
boil
furuncle
gumboil
blain
chilblain
chilblains
pernio
kibe
carbuncle
cartilaginification
chancre
fester
suppurating sore
gall
saddle sore
shigellosis
bacillary dysentery
staphylococcal infection
streptococcal sore throat
strep throat
streptococcus tonsilitis
septic sore throat
throat infection
sty
stye
hordeolum
eye infection
superinfection
suprainfection
tapeworm infection
tetanus
lockjaw
toxoplasmosis
trichomoniasis
viral infection
virus infection
arthritis
rheumatoid arthritis
atrophic arthritis
rheumatism
autoimmune disease
autoimmune disorder
psoriatic arthritis
still's disease
juvenile rheumatoid arthritis
osteoarthritis
degenerative arthritis
degenerative joint disease
osteosclerosis
housemaid's knee
cystitis
gout
gouty arthritis
urarthritis
spondylarthritis
blood disease
blood disorder
blood poisoning
septicemia
septicaemia
sapremia
sapraemia
ozone sickness
puerperal fever
childbed fever
pyemia
pyaemia
toxemia
toxaemia
toxemia of pregnancy
toxaemia of pregnancy
toxemia
toxaemia
eclampsia
preeclampsia
pre-eclampsia
eosinopenia
erythroblastosis
hemoglobinemia
haemoglobinemia
hemoglobinopathy
haemoglobinopathy
hemoptysis
haemoptysis
hand-schuller-christian disease
schuller-christian disease
haverhill fever
histiocytosis
water on the knee
hydremia
hydrocele
lipidosis
lipemia
lipaemia
lipidemia
lipidaemia
lipoidemia
lipoidaemia
hyperlipemia
hyperlipaemia
hyperlipidemia
hyperlipidaemia
hyperlipoidemia
hyperlipoidaemia
lysine intolerance
hypothrombinemia
hypervolemia
hypervolaemia
hypovolemia
hypovolaemia
anemia
anaemia
thalassemia
thalassaemia
mediterranean anemia
mediterranean anaemia
cooley's anemia
cooley's anaemia
thalassemia major
thalassaemia major
leukocytosis
leucocytosis
leukopenia
leucopenia
neutropenia
cyclic neutropenia
lymphocytopenia
lymphopenia
lymphocytosis
microcytosis
polycythemia
purpura
peliosis
nonthrombocytopenic purpura
essential thrombocytopenia
thrombocytopenia
thrombopenia
deficiency disease
fibrocystic breast disease
fibrocystic disease of the breast
cystic breast disease
cystic mastitis
avitaminosis
hypovitaminosis
beriberi
kakke disease
goiter
goitre
struma
thyromegaly
malnutrition
kwashiorkor
marasmus
zinc deficiency
pellagra
alpine scurvy
mal de la rosa
mal rosso
maidism
mayidism
saint ignatius' itch
rickets
rachitis
scurvy
scorbutus
dermoid cyst
galactocele
hemorrhagic cyst
blood cyst
hematocyst
hydatid
nabothian cyst
nabothian follicle
ovarian cyst
chalazion
meibomian cyst
ranula
sebaceous cyst
pilar cyst
wen
steatocystoma
cyst
pip
motion sickness
kinetosis
airsickness
air sickness
car sickness
seasickness
mal de mer
naupathia
heatstroke
heat hyperpyrexia
heat exhaustion
heat prostration
prostration
sunstroke
insolation
thermic fever
siriasis
endometriosis
adenomyosis
pathology
adhesion
symphysis
synechia
anterior synechia
posterior synechia
hemochromatosis
iron-storage disease
iron overload
bronzed diabetes
classic hemochromatosis
idiopathic hemochromatosis
acquired hemochromatosis
infarct
infarction
macrocytosis
fibrosis
myelofibrosis
malacia
osteomalacia
mastopathy
mazopathy
neuropathy
charcot-marie-tooth disease
hereditary motor and sensory neuropathy
mononeuropathy
multiple mononeuropathy
myopathy
dermatomyositis
polymyositis
inclusion body myositis
osteopetrosis
albers-schonberg disease
marble bones disease
osteoporosis
priapism
demineralization
demineralisation
pyorrhea
pyorrhoea
uremia
uraemia
azotemia
azotaemia
azoturia
lesion
tubercle
ulcer
ulceration
aphthous ulcer
bedsore
pressure sore
decubitus ulcer
chancroid
peptic ulcer
peptic ulceration
duodenal ulcer
gastric ulcer
canker
noli-me-tangere
noma
affliction
curvature
deformity
malformation
misshapenness
arnold-chiari deformity
clawfoot
pes cavus
cleft foot
cleft lip
harelip
cheiloschisis
cleft palate
clubfoot
talipes
talipes valgus
talipes equinus
talipes calcaneus
pigeon breast
chicken breast
blight
alder blight
apple blight
apple canker
beet blight
blister blight
blister blight
cane blight
celery blight
chestnut blight
chestnut canker
chestnut-bark disease
coffee blight
collar blight
fire blight
pear blight
blight canker
halo blight
halo spot
bean blight
halo blight
head blight
wheat scab
late blight
leaf blight
leaf disease
needle blight
needle cast
leaf cast
peach blight
potato blight
potato mold
potato disease
potato mildew
potato murrain
rim blight
spinach blight
spur blight
stem blight
stripe blight
thread blight
tomato blight
tomato yellows
twig blight
walnut blight
sandfly fever
pappataci fever
phlebotomus
skin disease
disease of the skin
skin disorder
skin problem
skin condition
lupus vulgaris
ankylosing spondylitis
marie-strumpell disease
rheumatoid spondylitis
discoid lupus erythematosus
dle
hashimoto's disease
lupus erythematosus
le
systemic lupus erythematosus
sle
disseminated lupus erythematosus
acantholysis
acanthosis
acanthosis nigricans
keratosis nigricans
acne
acne rosacea
rosacea
acne vulgaris
actinic dermatitis
atopic dermatitis
atopic eczema
bubble gum dermatitis
contact dermatitis
rhus dermatitis
poison ivy
poison oak
poison sumac
cradle cap
diaper rash
diaper dermatitis
hypericism
neurodermatitis
schistosome dermatitis
swimmer's itch
dermatitis
dermatosis
baker's eczema
allergic eczema
eczema herpeticum
eczema vaccinatum
kaposi's varicelliform eruption
lichtenoid eczema
chronic eczema
eczema hypertrophicum
eczema
erythema
erythema multiforme
erythema nodosum
hickey
love bite
erythema nodosum leprosum
enl
erythroderma
flare
furunculosis
impetigo
jungle rot
keratoderma
keratodermia
keratonosis
keratosis
actinic keratosis
keratosis blennorrhagica
keratoderma blennorrhagica
keratosis follicularis
darier's disease
keratosis pilaris
seborrheic keratosis
leukoderma
lichen
lichen planus
lichen ruber planus
livedo
lupus
melanosis
melanism
molluscum
molluscum contagiosum
necrobiosis lipoidica
necrobiosis lipoidica diabeticorum
pemphigus
pityriasis
dandruff
pityriasis alba
pityriasis rosea
prurigo
psoriasis
rhagades
saint anthony's fire
erysipelas
scleredema
seborrhea
seborrheic dermatitis
seborrheic eczema
vitiligo
xanthelasma
xanthoma
xanthoma disseminatum
xanthomatosis
xanthoma multiplex
cholesterosis cutis
lipid granulomatosis
lipoid granulomatosis
xanthosis
growth
exostosis
polyp
polypus
adenomatous polyp
sessile polyp
pedunculated polyp
peduncle
tumor
tumour
neoplasm
acanthoma
skin tumor
adenoma
angioma
chondroma
benign tumor
benign tumour
nonmalignant tumor
nonmalignant tumour
nonmalignant neoplasm
blastoma
blastocytoma
embryonal carcinosarcoma
brain tumor
brain tumour
glioblastoma
spongioblastoma
glioma
carcinoid
carcinosarcoma
celioma
malignancy
malignance
enchondroma
fibroadenoma
fibroid tumor
fibroma
granuloma
gumma
hamartoma
keratoacanthoma
lipoma
adipose tumor
malignant tumor
malignant neoplasm
metastatic tumor
meningioma
cancer
malignant neoplastic disease
angiosarcoma
chondrosarcoma
ewing's sarcoma
ewing's tumor
ewing's tumour
endothelial myeloma
kaposi's sarcoma
leiomyosarcoma
liposarcoma
myosarcoma
neurosarcoma
malignant neuroma
osteosarcoma
osteogenic sarcoma
lymphadenoma
lymphadenopathy
lymphoma
hodgkin's disease
carcinoma
cancroid
squamous cell carcinoma
leukemia
leukaemia
leucaemia
cancer of the blood
acute leukemia
acute lymphocytic leukemia
acute lymphoblastic leukemia
acute myelocytic leukemia
acute myeloid leukemia
chronic leukemia
chronic lymphocytic leukemia
chronic myelocytic leukemia
myeloid leukemia
lymphocytic leukemia
lymphoblastic leukemia
monocytic leukemia
monocytic leukaemia
monoblastic leukemia
monoblstic leukaemia
histiocytic leukemia
histiocytic leukaemia
myeloblastic leukemia
myelocytic leukemia
granulocytic leukemia
rhabdomyosarcoma
rhabdosarcoma
embryonal rhabdomyosarcoma
embryonal rhabdosarcoma
alveolar rhabdomyosarcoma
alveolar rhabdosarcoma
pleomorphic rhabdomyosarcoma
pleomorphic rhabdosarcoma
wilms' tumor
wilms tumour
adenomyosarcoma
nephroblastoma
embryoma of the kidney
sarcoma
adenocarcinoma
glandular cancer
glandular carcinoma
breast cancer
carcinoma in situ
preinvasive cancer
colon cancer
embryonal carcinoma
endometrial carcinoma
endometrial cancer
hemangioma
haemangioma
strawberry hemangioma
strawberry haemangioma
lymphangioma
spider angioma
spider nevus
vascular spider
myeloma
multiple myeloma
myoma
myxoma
neurinoma
neuroblastoma
neuroepithelioma
neurofibroma
neurilemoma
neuroma
leiomyoma
rhabdomyoma
osteoblastoma
osteochondroma
osteoma
papilloma
villoma
papillary tumor
papillary tumour
pheochromocytoma
phaeochromocytoma
pinealoma
plasmacytoma
psammoma
sand tumor
retinoblastoma
teratoma
hepatoma
malignant hepatoma
hepatocarcinoma
hepatocellular carcinoma
lung cancer
mesothelioma
oat cell carcinoma
small cell carcinoma
oral cancer
pancreatic cancer
prostate cancer
prostatic adenocarcinoma
seminoma
testicular cancer
skin cancer
epithelioma
melanoma
malignant melanoma
trophoblastic cancer
eye disease
glaucoma
acute glaucoma
angle-closure glaucoma
chronic glaucoma
open-angle glaucoma
keratonosus
trachoma
leukoma
leucoma
cataract
adenitis
alveolitis
alveolitis
dry socket
angiitis
aortitis
rheumatic aortitis
appendicitis
arteritis
periarteritis
polyarteritis
takayasu's arteritis
pulseless disease
temporal arteritis
ophthalmia
ophthalmitis
ophthalmia neonatorum
tenosynovitis
animal disease
actinomycosis
cervicofacial actinomycosis
lumpy jaw
thoracic actinomycosis
abdominal actinomycosis
farmer's lung
thresher's lung
anaplasmosis
anthrax
splenic fever
aspergillosis
brooder pneumonia
aspiration pneumonia
bagassosis
bagascosis
balanitis
balanoposthitis
bighead
blepharitis
bursitis
brucellosis
contagious abortion
bang's disease
bovine spongiform encephalitis
bse
mad cow disease
bull nose
camelpox
canine chorea
chorea
chronic wasting disease
costiasis
cowpox
vaccinia
creeps
hemorrhagic septicemia
pasteurellosis
fistulous withers
fistula
fowl cholera
fowl pest
hog cholera
distemper
canine distemper
equine distemper
strangles
enterotoxemia
foot-and-mouth disease
hoof-and-mouth disease
foot rot
black disease
sheep rot
liver rot
distomatosis
glanders
heaves
broken wind
lyme disease
lyme arthritis
marburg disease
marburg hemorrhagic fever
green monkey disease
albuminuria
proteinuria
aminoaciduria
ammoniuria
hematocyturia
haematocyturia
jacquemier's sign
kayser-fleischer ring
keratomalacia
kernig's sign
ketonemia
ketosis
acetonemia
koplik's spots
fructosuria
glucosuria
glycosuria
lymphuria
monocytosis
thrombocytosis
ochronosis
hypercalcemia
hypercalcaemia
hypocalcemia
hypocalcaemia
hypercalciuria
hypercalcinuria
hypercholesterolemia
hypercholesteremia
hyperkalemia
hypokalemia
kaliuresis
kaluresis
natriuresis
hyperlipoproteinemia
hypolipoproteinemia
hypoproteinemia
hypernatremia
hyponatremia
hypersplenism
ketonuria
ketoaciduria
acetonuria
rabies
hydrophobia
lyssa
madness
red water
rhinotracheitis
rinderpest
cattle plague
scours
scrapie
shipping fever
shipping pneumonia
spavin
blood spavin
bog spavin
bone spavin
swamp fever
leptospirosis
canicola fever
weil's disease
loco disease
locoism
mange
moon blindness
mooneye
murrain
myxomatosis
newcastle disease
pip
psittacosis
parrot disease
pullorum disease
bacillary white diarrhea
bacillary white diarrhoea
saddle sore
gall
sand crack
toe crack
quarter crack
staggers
blind staggers
sweating sickness
texas fever
trembles
milk sickness
tularemia
tularaemia
rabbit fever
deer fly fever
yatobyo
zoonosis
zoonotic disease
plant disease
rust
blister rust
white-pine rust
white pine blister rust
blackheart
black knot
black rot
black spot
bottom rot
brown rot
brown rot gummosis
gummosis
gummosis
ring rot
ring disease
tobacco wilt
cotton ball
crown gall
hairy root
crown wart
damping off
dieback
dry rot
heartrot
mosaic
potato mosaic
tobacco mosaic
tomato streak
rhizoctinia disease
little potato
rosette
russet scab
stem canker
pink disease
potato wart
root rot
scorch
leaf scorch
sweet-potato ring rot
sclerotium disease
sclerotium rot
dutch elm disease
ergot
foot rot
granville wilt
pinkroot
wilt
wilt disease
fusarium wilt
verticilliosis
smut
loose smut
bunt
stinking smut
flag smut
green smut
false smut
soft rot
leak
yellow dwarf
yellow dwarf of potato
potato yellow dwarf
onion yellow dwarf
yellow spot
injury
hurt
harm
trauma
raw wound
stigmata
abrasion
scratch
scrape
excoriation
graze
rope burn
cut
gash
slash
slice
laceration
bite
dog bite
snakebite
bee sting
flea bite
mosquito bite
birth trauma
blast trauma
bleeding
hemorrhage
haemorrhage
hemorrhagic stroke
haemorrhagic stroke
blunt trauma
bruise
contusion
ecchymosis
petechia
shiner
black eye
bump
burn
electric burn
scorch
singe
scald
sunburn
erythema solare
windburn
hypopigmentation
first-degree burn
second-degree burn
third-degree burn
dislocation
electric shock
fracture
break
comminuted fracture
complete fracture
compound fracture
open fracture
compression fracture
depressed fracture
displaced fracture
fatigue fracture
stress fracture
hairline fracture
capillary fracture
greenstick fracture
incomplete fracture
impacted fracture
simple fracture
closed fracture
abarticulation
diastasis
spondylolisthesis
frostbite
cryopathy
intravasation
penetrating trauma
penetrating injury
pinch
rupture
hernia
herniation
colpocele
vaginocele
diverticulum
meckel's diverticulum
eventration
exomphalos
hiatus hernia
hiatal hernia
diaphragmatic hernia
herniated disc
ruptured intervertebral disc
slipped disc
inguinal hernia
cystocele
colpocystocele
rectocele
proctocele
keratocele
laparocele
umbilical hernia
omphalocele
sleep disorder
sting
bite
insect bite
strain
strangulation
whiplash
whiplash injury
wale
welt
weal
wheal
wound
lesion
wrench
twist
pull
sprain
trench foot
immersion foot
symptom
sign
amenorrhea
amenorrhoea
amenia
aura
chloasma
melasma
mask of pregnancy
clubbing
cyanosis
diuresis
acrocyanosis
raynaud's sign
primary amenorrhea
secondary amenorrhea
prodrome
prodroma
syndrome
cervical disc syndrome
cervical root syndrome
chinese restaurant syndrome
conn's syndrome
fetal alcohol syndrome
gulf war syndrome
persian gulf illness
regional enteritis
regional ileitis
crohn's disease
irritable bowel syndrome
spastic colon
mucous colitis
klinefelter's syndrome
klinefelter syndrome
xxy-syndrome
ulcerative colitis
malabsorption syndrome
munchausen's syndrome
munchausen syndrome
narcolepsy
nephrotic syndrome
nephrosis
noonan's syndrome
phantom limb syndrome
premenstrual syndrome
pms
radiation sickness
radiation syndrome
radiation
ramsay hunt syndrome
reiter's syndrome
reiter's disease
restless legs syndrome
restless legs
ekbom syndrome
reye's syndrome
scalenus syndrome
sudden infant death syndrome
sids
infant death
crib death
cot death
tetany
tetanilla
intermittent tetanus
intermittent cramp
apyretic tetanus
thoracic outlet syndrome
tietze's syndrome
tourette's syndrome
gilles de la tourette syndrome
effect
aftereffect
bummer
hairy tongue
furry tongue
black tongue
side effect
abscess
abscessed tooth
head
purulence
purulency
water blister
blood blister
exophthalmos
festination
furring
gangrene
sphacelus
slough
dry gangrene
cold gangrene
mumification necrosis
mummification
gas gangrene
clostridial myonecrosis
emphysematous gangrene
emphysematous phlegmon
gangrenous emphysema
gas phlegmon
progressive emphysematous necrosis
hematuria
haematuria
hemoglobinuria
haemoglobinuria
hemosiderosis
haemosiderosis
nebula
sneeze
sneezing
sternutation
swelling
puffiness
lump
bloat
bubo
anasarca
chemosis
papilledema
bunion
palsy
pyuria
edema
oedema
hydrops
dropsy
hematocele
haematocele
hematocoele
haematocoele
hematocolpometra
haematocolpometra
hematocolpos
haematocolpos
intumescence
intumescency
iridoncus
oscheocele
oscheocoele
tumescence
tumidity
tumidness
cephalhematoma
cephalohematoma
hematoma
haematoma
hyperbilirubinemia
hyperbilirubinemia of the newborn
neonatal hyperbilirubinemia
hyperglycemia
hyperglycaemia
hypoglycemia
hypoglycaemia
jaundice
icterus
jaundice of the newborn
physiological jaundice of the newborn
icterus neonatorum
kernicterus
congestion
hydrothorax
hemothorax
haemothorax
hyperemia
hyperaemia
engorgement
pulmonary congestion
eruption
enanthem
enanthema
exanthem
exanthema
skin eruption
rash
roseola
efflorescence
skin rash
prickly heat
heat rash
miliaria
urtication
urticaria
hives
nettle rash
numbness
pain
hurting
ache
aching
toothache
odontalgia
aerodontalgia
agony
suffering
excruciation
arthralgia
throe
paresthesia
paraesthesia
formication
passion
passion of christ
backache
burn
burning
causalgia
colic
intestinal colic
chest pain
chiralgia
distress
dysmenorrhea
primary dysmenorrhea
secondary dysmenorrhea
headache
head ache
cephalalgia
glossalgia
glossodynia
growing pains
hemorrhoid
haemorrhoid
piles
stomachache
stomach ache
bellyache
gastralgia
earache
otalgia
histamine headache
cluster headache
migraine
megrim
sick headache
hemicrania
sick headache
sinus headache
tension headache
lumbago
lumbar pain
keratalgia
labor pain
mastalgia
melagra
meralgia
metralgia
myalgia
myodynia
nephralgia
neuralgia
neuralgy
odynophagia
orchidalgia
pang
pang
sting
photalgia
photophobia
pleurodynia
pleuralgia
costalgia
podalgia
proctalgia
epidemic pleurodynia
epidemic myalgia
myosis
diaphragmatic pleurisy
bornholm disease
trigeminal neuralgia
tic douloureux
sciatica
birth pangs
labor pains
labour pains
afterpains
palilalia
referred pain
renal colic
smart
smarting
sting
stinging
stitch
rebound tenderness
tenderness
soreness
thermalgesia
chafe
throb
torture
torment
ulalgia
urodynia
postnasal drip
papule
papulovesicle
vesicopapule
pustule
pimple
hickey
pock
cardiomegaly
megalocardia
megacardia
enlarged heart
heart murmur
cardiac murmur
murmur
systolic murmur
palpitation
heartburn
pyrosis
gastroesophageal reflux
esophageal reflux
oesophageal reflux
hepatojugular reflux
ureterorenal reflux
vesicoureteral reflux
reflux
hot flash
flush
indigestion
dyspepsia
stomach upset
upset stomach
inflammation
redness
rubor
carditis
endocarditis
subacute bacterial endocarditis
myocardial inflammation
myocarditis
pancarditis
pericarditis
catarrh
cellulitis
cervicitis
cheilitis
chill
shivering
ague
chills and fever
cholangitis
cholecystitis
chorditis
chorditis
colitis
inflammatory bowel disease
colpitis
colpocystitis
conjunctivitis
pinkeye
corditis
costochondritis
dacryocystitis
diverticulitis
encephalitis
cephalitis
phrenitis
encephalomyelitis
endarteritis
acute hemorrhagic encephalitis
equine encephalitis
equine encephalomyelitis
herpes simplex encephalitis
herpes encephalitis
acute inclusion body encephalitis
leukoencephalitis
meningoencephalitis
cerebromeningitis
encephalomeningitis
panencephalitis
sleeping sickness
sleepy sickness
epidemic encephalitis
lethargic encephalitis
encephalitis lethargica
west nile encephalitis
subacute sclerosing panencephalitis
sspe
inclusion body encephalitis
subacute inclusion body encephalitis
sclerosing leukoencephalitis
subacute sclerosing leukoencephalitis
bosin's disease
dawson's encephalitis
van bogaert encephalitis
rubella panencephalitis
endocervicitis
enteritis
necrotizing enteritis
epicondylitis
epididymitis
epiglottitis
episcleritis
esophagitis
oesophagitis
fibrositis
fibromyositis
folliculitis
funiculitis
gastritis
acute gastritis
chronic gastritis
glossitis
acute glossitis
chronic glossitis
moeller's glossitis
glossodynia exfoliativa
hydrarthrosis
ileitis
iridocyclitis
iridokeratitis
iritis
jejunitis
jejunoileitis
keratitis
keratoconjunctivitis
keratoiritis
keratoscleritis
labyrinthitis
otitis interna
laminitis
founder
laryngitis
laryngopharyngitis
laryngotracheobronchitis
leptomeningitis
lymphadenitis
lymphangitis
mastitis
mastoiditis
metritis
endometritis
monoplegia
myelatelia
myelitis
myositis
myometritis
trichinosis
trichiniasis
myositis trichinosa
neuritis
oophoritis
orchitis
ophthalmoplegia
osteitis
osteomyelitis
otitis
otitis externa
otitis media
otorrhea
ozena
ozaena
pancreatitis
parametritis
parotitis
peritonitis
peritoneal inflammation
phalangitis
phlebitis
phlebothrombosis
venous thrombosis
polyneuritis
multiple neuritis
retrobulbar neuritis
guillain-barre syndrome
infectious polyneuritis
landry's paralysis
thrombophlebitis
pneumonitis
posthitis
proctitis
prostatitis
rachitis
radiculitis
chorioretinitis
retinitis
rhinitis
coryza
sinusitis
pansinusitis
salpingitis
scleritis
sialadenitis
splenitis
spondylitis
stomatitis
vesicular stomatitis
synovitis
tarsitis
tendinitis
tendonitis
tennis elbow
lateral epicondylitis
lateral humeral epicondylitis
thyroiditis
tonsillitis
tracheitis
tracheobronchitis
tympanitis
ulitis
ureteritis
uveitis
uvulitis
vaccinia
vaccina
variola vaccine
variola vaccinia
variola vaccina
vaginitis
valvulitis
vasculitis
vasovesiculitis
vesiculitis
vulvitis
vulvovaginitis
cough
coughing
meningism
nausea
sickness
morning sickness
queasiness
squeamishness
qualm
spasm
cramp
muscle spasm
charley horse
charley-horse
writer's cramp
graphospasm
blepharospasm
crick
rick
wrick
myoclonus
opisthotonos
twitch
twitching
vellication
tic
blepharism
fibrillation
atrial fibrillation
bradycardia
heart block
adams-stokes syndrome
stokes-adams syndrome
atrioventricular block
premature ventricular contraction
pvc
tachycardia
ventricular fibrillation
fasciculation
scar
cicatrix
cicatrice
callus
keloid
cheloid
sword-cut
vaccination
hardening
callosity
callus
corn
clavus
calcification
musca volitans
muscae volitantes
floater
spots
fever
febrility
febricity
pyrexia
feverishness
hyperpyrexia
atrophy
wasting
wasting away
dysplasia
fibrous dysplasia of bone
albright's disease
polyostotic fibrous dysplasia
monostotic fibrous dysplasia
hypertrophy
adenomegaly
cor pulmonale
dactylomegaly
elephantiasis
elephantiasis neuromatosa
elephantiasis scroti
chyloderma
nevoid elephantiasis
pachyderma
filariasis
splenomegaly
giantism
gigantism
overgrowth
acromegaly
acromegalia
hyperplasia
benign prostatic hyperplasia
bph
hypoplasia
anaplasia
apnea
periodic apnea of the newborn
dyspnea
dyspnoea
orthopnea
shortness of breath
sob
breathlessness
sleep apnea
cerebral hemorrhage
blood extravasation
hyphema
metrorrhagia
nosebleed
epistaxis
ulemorrhagia
constipation
irregularity
dyschezia
fecal impaction
obstipation
diarrhea
diarrhoea
looseness of the bowels
the shits
the trots
montezuma's revenge
dizziness
giddiness
lightheadedness
vertigo
anemia
anaemia
wheeziness
withdrawal symptom
thrombus
embolus
mental soundness
mental balance
sanity
saneness
lucidity
hydrophobia
rhinopathy
rhinophyma
hypertrophic rosacea
toper's nose
brandy nose
rum nose
rum-blossom
potato nose
hammer nose
copper nose
wernicke's encephalopathy
aphonia
voicelessness
speech disorder
speech defect
defect of speech
sprue
tropical sprue
flaccid bladder
neurogenic bladder
spastic bladder
cataphasia
dysarthria
dyslogia
dysphonia
lallation
lambdacism
lisp
stammer
stutter
areflexia
quarantine
health
wellness
infestation
acariasis
acariosis
acaridiasis
ascariasis
coccidiosis
echinococcosis
hydatid disease
hydatidosis
helminthiasis
hookworm
hookworm disease
myiasis
onchocerciasis
river blindness
opisthorchiasis
pediculosis
lousiness
pediculosis capitis
head lice
pediculosis corporis
pediculosis pubis
crabs
trombiculiasis
trichuriasis
defect
birth defect
congenital anomaly
congenital defect
congenital disorder
congenital abnormality
hydrocephalus
hydrocephaly
hydronephrosis
amelia
meromelia
phocomelia
seal limbs
encephalocele
familial hypercholesterolemia
meningocele
myelomeningocele
plagiocephaly
polysomy
hermaphroditism
hermaphrodism
pseudohermaphroditism
scaphocephaly
congenital heart defect
septal defect
atrial septal defect
ventricular septal defect
tetralogy of fallot
fallot's tetralogy
fallot's syndrome
toxic shock
toxic shock syndrome
tss
waterhouse-friderichsen syndrome
williams syndrome
zollinger-ellison syndrome
spina bifida
rachischisis
schistorrhachis
spinocerebellar disorder
polydactyly
hyperdactyly
syndactyly
syndactylism
tongue tie
ankyloglossia
sanitary condition
sanitariness
hygiene
asepsis
antisepsis
sterility
sterileness
sanitation
unsanitariness
filth
filthiness
foulness
nastiness
dunghill
cleanness
spotlessness
immaculateness
dirtiness
uncleanness
dirt
filth
grime
soil
stain
grease
grunge
befoulment
defilement
pollution
griminess
grubbiness
sordidness
squalor
squalidness
dinginess
dinge
smuttiness
sootiness
atelectasis
anoxemia
coprolalia
chromosomal aberration
chromosomal anomaly
chrosomal abnormality
chromosonal disorder
monosomy
trisomy
gynecomastia
cross-eye
crossed eye
convergent strabismus
esotropia
dwarfism
nanism
pycnodysostosis
lactose intolerance
lactase deficiency
milk intolerance
myoglobinuria
oliguria
phenylketonuria
pku
porphyria
intestinal obstruction
ileus
active immunity
passive immunity
autoimmunity
acquired immunity
habitus
irritation
sensitivity
predisposition
sensitization
sensitisation
food allergy
immediate allergy
atopy
atopic allergy
type i allergic reaction
serum sickness
serum disease
delayed allergy
type iv allergic reaction
allergy
allergic reaction
cryesthesia
cryaesthesia
hypersensitivity reaction
anaphylaxis
hypersensitivity
allergic rhinitis
eosinophilia
hay fever
pollinosis
diathesis
xeroderma
xerodermia
xeroderma pigmentosum
myotonia
acromyotonia
myotonia congenita
thomsen's disease
unfitness
poor shape
bad condition
infirmity
frailty
debility
feebleness
frailness
asthenia
astheny
cachexia
cachexy
wasting
disability
disablement
handicap
impairment
disability of walking
abasia
abasia trepidans
atactic abasia
ataxic abasia
choreic abasia
paralytic abasia
paroxysmal trepidant abasia
spastic abasia
lameness
limping
gimp
gimpiness
gameness
claudication
intermittent claudication
astasia
amputation
hearing impairment
hearing disorder
deafness
hearing loss
conductive hearing loss
conduction deafness
middle-ear deafness
hyperacusis
hyperacusia
auditory hyperesthesia
sensorineural hearing loss
nerve deafness
tone deafness
tin ear
deaf-mutism
deaf-muteness
dysomia
anosmia
hyposmia
visual impairment
visual defect
vision defect
visual disorder
myopia
nearsightedness
shortsightedness
astigmatism
astigmia
anopia
hyperopia
hypermetropia
hypermetropy
farsightedness
longsightedness
hemeralopia
day blindness
hemianopia
hemianopsia
quadrantanopia
metamorphopsia
nyctalopia
night blindness
moon blindness
photoretinitis
presbyopia
snowblindness
retinal detachment
detachment of the retina
detached retina
scotoma
annular scotoma
central scotoma
hemianopic scotoma
paracentral scotoma
scintillating scotoma
flittering scotoma
tunnel vision
eyelessness
figural blindness
strabismus
squint
walleye
divergent strabismus
exotropia
dysfunction
disfunction
paralysis
palsy
paresis
paraparesis
metroptosis
descensus uteri
nephroptosis
nephroptosia
ptosis
brow ptosis
prolapse
prolapsus
descensus
paraplegia
hemiplegia
unilateral paralysis
quadriplegia
hypoesthesia
hypesthesia
knock-knee
genu valgum
tibia valga
pigeon toes
bow leg
bow legs
bandy legs
sarcoidosis
morphea
scleroderma
dermatosclerosis
thrombocytopenic purpura
idiopathic thrombocytopenic purpura
purpura hemorrhagica
werlhof's disease
sex-linked disorder
turner's syndrome
urinary tract infection
pyelonephritis
acute pyelonephritis
carotenemia
xanthemia
chronic pyelonephritis
nongonococcal urethritis
ngu
rhinorrhea
rhinosporidiosis
urethritis
nonspecific urethritis
nsu
sodoku
spirillum fever
stasis
steatorrhea
stridor
tinnitus
climax
shin splints
hepatolenticular degeneration
wilson's disease
kraurosis
kraurosis vulvae
tenesmus
trismus
uratemia
uraturia
ureterocele
ureterostenosis
urethrocele
uricaciduria
uropathy
varicosis
viremia
viraemia
volvulus
xanthopsia
allergen
ragweed pollen
botulinum toxin
botulinum toxin a
botox
domoic acid
ricin
ricin toxin
epsilon toxin
clostridium perfringens epsilon toxin
aflatoxin
nicotine
strychnine
brucine
hemlock
saxitoxin
poison
poisonous substance
toxin
anatoxin
toxoid
animal toxin
zootoxin
bacterial toxin
botulin
botulinus toxin
botulismotoxin
cytotoxin
endotoxin
enterotoxin
exotoxin
hepatotoxin
nephrotoxin
neurotoxin
neurolysin
mycotoxin
plant toxin
phytotoxin
venom
kokoi venom
snake venom
staphylococcal enterotoxin
staphylococcal enterotoxin b
seb
tuberculin
sick leave
latent period
incubation
incubation period
clotting time
breathe
take a breath
respire
suspire
respire
choke
hyperventilate
hyperventilate
aspirate
hiccup
hiccough
sigh
suspire
exhale
expire
breathe out
inhale
inspire
breathe in
pant
puff
gasp
heave
snort
wheeze
puff
huff
chuff
blow
insufflate
yawn
sniff
sniffle
snore
saw wood
saw logs
awaken
wake
waken
rouse
wake up
arouse
reawaken
cause to sleep
hypnotize
hypnotise
mesmerize
mesmerise
entrance
spellbind
anesthetize
anaesthetize
anesthetise
anaesthetise
put to sleep
put under
put out
etherize
etherise
cocainize
cocainise
chloroform
freeze
bring to
bring back
bring round
bring around
sedate
calm
tranquilize
tranquillize
tranquillise
stimulate
arouse
brace
energize
energise
perk up
perk up
perk
percolate
pick up
gain vigor
faint
conk
swoon
pass out
zonk out
pass out
black out
come to
revive
resuscitate
inseminate
fecundate
fertilize
fertilise
quicken
impregnate
knock up
bang up
prang up
conceive
inflame
inflame
massage
superfetate
purge
tire
pall
weary
fatigue
jade
treat
care for
correct
insufflate
detoxify
irrigate
iodize
iodise
doctor
vet
vet
nurse
manipulate
administer
dispense
transfuse
digitalize
remedy
relieve
dress
poultice
plaster
bandage
ligate
splint
medicate
medicine
medicate
drug
dose
dope
dope up
soup
overdose
o.d.
narcotize
narcotise
salve
bleed
leech
phlebotomize
phlebotomise
inject
shoot
infuse
immunize
immunise
inoculate
vaccinate
cup
transfuse
sicken
come down
wan
contract
take
get
catch
catch cold
poison
intoxicate
infect
taint
superinfect
smut
disinfect
canker
shock
galvanize
galvanise
devolve
deteriorate
drop
degenerate
recuperate
recover
convalesce
languish
fade
waste
rot
draw
suppurate
mature
necrose
gangrene
mortify
sphacelate
resuscitate
revive
boot
reboot
bring up
resurrect
raise
upraise
scab
skin over
heal
granulate
poop out
peter out
run down
run out
conk out
snuffle
snivel
fracture
break
pack
snuff
arterialize
arterialise
sober up
sober
regenerate
fail
ablate
inoculate
seed
catheterize
catheterise
deaden
worsen
decline
suffer
lose
better
improve
ameliorate
meliorate
mummify
dry up
ossify
get well
get over
bounce back
get worse
relapse
remit
paralyze
paralyse
palsy
mend
heal
erupt
recrudesce
break out
arborize
arborise
dialyse
dialyze
chap
stem
stanch
staunch
halt
die
decease
perish
go
exit
pass away
expire
pass
strangle
suffocate
stifle
asphyxiate
buy it
pip out
drown
kick the bucket
cash in one's chips
buy the farm
conk
give-up the ghost
drop dead
pop off
choke
croak
snuff it
predecease
be born
cauterize
cauterise
burn
cremate
accrete
curdle
clot
coagulate
isolate
preisolate
carnify
chondrify
emulsify
demulsify
nick
thrombose
capacitate
ulcerate
turn down
analyze
analyse
psychoanalyze
psychoanalyse
diagnose
name
diagnose
explore
put out feelers
explore
plumb
indicate
suggest
contraindicate
starve
famish
fast
fast
diet
intoxicate
soak
inebriate
befuddle
fuddle
puff
drag
draw
inject
mainline
pop
skin pop
snort
take a hit
snort
free-base
base
huff
snort
drug
do drugs
dope
palpate
feel
conglutinate
massage
rub down
knead
circumcise
bear down
overbear
vivisect
anatomize
anatomise
cicatrize
cicatrise
coapt
conglutinate
retire
withdraw
autopsy
auscultate
block
embalm
mummify
give
hospitalize
hospitalise
chicken out
back off
pull out
back down
bow out
resile
succumb
yield
active
inactive
acute
chronic
deadly
ametropic
emmetropic
anastigmatic
stigmatic
astigmatic
harmless
nonmalignant
busted
atrophied
wasted
diminished
hypertrophied
enlarged
cross-eyed
walleyed
fulgurating
remittent
fit
healthy
unfit
functional
organic
specific
nonspecific
healthy
unhealthy
algid
catching
communicable
contagious
contractable
transmissible
transmittable
noncommunicable
noncontagious
nontransmissible
invasive
noninvasive
corroborant
local
general
epidemic
ecdemic
endemic
endemical
monovalent
polyvalent
palpable
positive
confirming
negative
disconfirming
irritable
sensitizing
sensitising
desensitizing
desensitising
verrucose
warty
wartlike
fistular
fistulate
fistulous
refractory
stubborn
benign
malignant
cancerous
abasic
abatic
acanthotic
acidotic
acneiform
actinomycotic
adactylous
adenocarcinomatous
aeromedical
agonal
agranulocytic
agraphic
albinal
albinotic
albinic
albinistic
albuminuric
alkalotic
allergenic
allergic
amaurotic
amblyopic
amenorrheic
amenorrhoeic
amenorrheal
amenorrhoeal
amphoric
anaplastic
anasarcous
anencephalic
anencephalous
anginal
anginose
anginous
angiomatous
anicteric
aniseikonic
ankylotic
anosmic
anosmatic
anoxemic
anoxic
anticancer
antineoplastic
antitumor
antitumour
anuretic
anuric
aphakic
aphasic
apneic
apnoeic
apoplectic
arthralgic
ascitic
stomatal
stomatous
asynergic
ataxic
atactic
atherosclerotic
auscultatory
autoplastic
avitaminotic
azotemic
uremic
bacteremic
cachectic
cancroid
carcinogenic
carcinomatous
cardiographic
catarrhal
chancroidal
chancrous
chemotherapeutic
chemotherapeutical
choleraic
croupy
cystic
dental
dysplastic
excrescent
febrile
feverish
afebrile
granulomatous
hemorrhagic
haemorrhagic
hydrocephalic
immunological
immunologic
immunosuppressive
medical
biomedical
premedical
medicolegal
myalgic
narcoleptic
neoplastic
sclerotic
sclerosed
self-limited
sociopathic
squint-eyed
symptomatic
tubercular
tubercular
tuberculoid
valetudinarian
leprous
sciatic
haemophilic
hemophilic
pathological
pathologic
haptic
tactile
tactual
encysted
hypovolemic
hypovolaemic
nephritic
clinical
surgical
nonsurgical
operative
ophthalmic
physiotherapeutic
pediatric
paediatric
achondroplastic
psychiatric
psychiatrical
oncological
oncologic
psychoanalytical
psychoanalytic
psychotherapeutic
therapeutic
therapeutical
virological
bacteriological
bacteriologic
cardiologic
endodontic
orthodontic
periodontic
periodontal
dermatologic
dermatological
exodontic
geriatric
gerontological
gynecological
gynaecological
gynecologic
hematologic
haematological
hematological
obstetric
obstetrical
neurological
neurologic
arteriosclerotic
traumatic
epileptic
anastomotic
occlusive
metastatic
neurotic
epidemiologic
epidemiological
thyrotoxic
serologic
serological
embolic
zymotic
aneurysmal
aneurismal
aneurysmatic
aneurismatic
congestive
celiac
emphysematous
atrophic
calcific
pyknotic
pycnotic
hyperemic
neuropsychiatric
cesarean
cesarian
caesarean
caesarian
freudian
alexic
word-blind
dyslexic
anemic
anaemic
blastomycotic
bubonic
cataleptic
cretinous
cyclothymic
diabetic
endoscopic
hippocratic
homeopathic
allopathic
hydropathic
malarial
mongoloid
neuralgic
neurasthenic
orthopedic
orthopaedic
orthopedical
paralytic
paralytical
parenteral
pharmaceutical
pharmaceutic
schizoid
schizophrenic
scorbutic
spastic
syphilitic
veterinary
anaphylactic
bronchoscopic
ulcerative
vasomotor
vitiliginous
clinically
medically
pathologically
locally
topically
surgically
operatively
acutely
symptomatically
tactually
haptically
lustily
dirtily
filthily
malignantly
parenterally
sordidly
squalidly
spotlessly
wheezily
wheezingly
dingily
grubbily
grungily
