figuration
trojan war
halcyon
apple of discord
augean stables
oracle
pandora's box
round table
king arthur's round table
temple of apollo
oracle of apollo
delphic oracle
oracle of delphi
imaginary place
mythical place
afterworld
annwfn
annwn
asgard
atlantis
brobdingnag
cloud-cuckoo-land
cockaigne
el dorado
eldorado
erewhon
fairyland
faerie
faery
elysium
hel
hell
hades
infernal region
netherworld
scheol
underworld
houyhnhnms
gehenna
tartarus
hellfire
red region
laputa
lilliput
limbo
midgard
never-never land
dreamland
dreamworld
ruritania
spirit world
utopia
zion
sion
wonderland
mythology
myth
gotterdammerung
ragnarok
twilight of the gods
demythologization
demythologisation
mythologization
mythologisation
charybdis
ambrosia
nectar
mythology
classical mythology
greek mythology
roman mythology
norse mythology
camelot
acheron
river acheron
cocytus
river cocytus
lethe
river lethe
styx
river styx
mythical being
augeas
alcyone
halcyon
arjuna
legendary creature
abominable snowman
yeti
bigfoot
sasquatch
doppelganger
loch ness monster
nessie
sea serpent
giant
argus
calypso
sea nymph
cyclops
giantess
scylla
stentor
mythical monster
mythical creature
amphisbaena
basilisk
centaur
cerberus
hellhound
charon
chimera
chimaera
circe
cockatrice
dardanus
dragon
firedrake
fafnir
geryon
gorgon
grace
aglaia
euphrosyne
thalia
gryphon
griffin
harpy
hydra
hyperborean
leviathan
perseus
medusa
stheno
euryale
manticore
mantichora
manticora
mantiger
midas
sisyphus
minotaur
morpheus
narcissus
nemean lion
nibelung
nibelung
bellerophon
patroclus
pegasus
flying horse
phoenix
python
roc
salamander
sarpedon
siegfried
sigurd
sphinx
typhoeus
typhon
werewolf
wolfman
lycanthrope
wyvern
wivern
fates
the fates
weird sisters
fury
eumenides
erinyes
alecto
megaera
tisiphone
enkidu
gilgamish
sita
faun
fairy
faery
faerie
sprite
elf
hob
gremlin
pixie
pixy
brownie
imp
fairy godmother
gnome
dwarf
undine
leprechaun
sandman
morgan le fay
puck
robin goodfellow
cacodemon
cacodaemon
eudemon
eudaemon
good spirit
titania
tooth fairy
water sprite
water nymph
adonis
greco-roman deity
graeco-roman deity
satyr
forest god
silenus
silenus
nymph
echo
hesperides
atlantides
hyades
oread
pleiades
sterope
asterope
water nymph
daphne
naiad
nereid
thetis
oceanid
dryad
wood nymph
napaea
napea
salmacis
hamadryad
greek deity
roman deity
olympian
olympic god
aeolus
aether
apollo
phoebus
phoebus apollo
pythius
aphrodite
cytherea
hero
leander
pygmalion
galatea
venus
urania
ares
eris
thanatos
mors
mars
nyx
rhea silvia
rea silvia
romulus
remus
artemis
cynthia
boreas
diana
ate
athena
athene
pallas
pallas athena
pallas athene
minerva
chaos
cronus
dido
saturn
demeter
ceres
dionysus
doris
aesculapius
bacchus
erebus
nox
night
eros
cupid
amor
daedalus
daedal
damon and pythias
gaea
gaia
ge
hebe
helios
icarus
sol
hecate
hephaestus
hephaistos
vulcan
hermes
hermaphroditus
mercury
hygeia
hera
here
io
janus
juno
hestia
vesta
hymen
hyperion
minos
ariadne
moirai
moirae
parcae
clotho
nona
lachesis
decuma
atropos
morta
momus
momos
muse
calliope
clio
erato
euterpe
melpomene
polyhymnia
terpsichore
thalia
urania
nemesis
nereus
nike
victoria
ouranos
uranus
pan
the goat god
faunus
pasiphae
pontus
pontos
poseidon
proteus
neptune
persephone
despoina
kore
cora
procrustes
proserpina
proserpine
phaethon
pluto
hades
aides
aidoneus
dis
orcus
pythia
pythoness
priapus
rhadamnathus
selene
luna
eos
eurydice
orion
orpheus
aurora
tellus
titan
titaness
triton
tyche
fortuna
zephyr
zeus
jupiter
jove
jupiter fulgur
jupiter fulminator
lightning hurler
jupiter tonans
thunderer
jupiter pluvius
rain-giver
jupiter optimus maximus
best and greatest
jupiter fidius
protector of boundaries
oceanus
cocus
crius
iapetus
vestal virgin
atlas
epimetheus
prometheus
thea
theia
rhea
ops
sylvanus
silvanus
agdistis
themis
mnemosyne
phoebe
tethys
psyche
leto
latona
hercules
heracles
herakles
alcides
pandora
andvari
jotun
jotunn
mimir
thor
fenrir
volund
yggdrasil
ygdrasil
ymir
wayland
wayland the smith
wieland
ajax
argonaut
brunhild
brunnhilde
brynhild
valkyrie
jason
medea
laertes
odysseus
ulysses
penelope
theseus
tantalus
achilles
aeneas
agamemnon
menelaus
clytemnestra
aegisthus
orestes
cassandra
antigone
creon
jocasta
electra
laocoon
laius
myrmidon
oedipus
king oedipus
oedipus rex
tiresias
peleus
hector
helen
helen of troy
leda
amazon
maenad
bacchant
bacchante
golem
hero
lorelei
mythologist
siren
sleeping beauty
thunderbird
campbell
joseph campbell
galahad
sir galahad
gawain
sir gawain
george
saint george
st. george
guinevere
guenevere
lancelot
sir lancelot
merlin
priam
philosopher's stone
ichor
golden age
silver age
bronze age
iron age
aeolian
aesculapian
medical
celestial
heavenly
chimeric
chimerical
chimeral
heroic
ruritanian
mercurial
elysian
mythic
mythological
georgian
jovian
lilliputian
purgatorial
satyric
satyrical
vestal
hymenal
