numerical quantity
zero
zero point
value
scale value
vote
voter turnout
one
numeral
number
arabic numeral
hindu numeral
hindu-arabic numeral
roman numeral
score
relative quantity
enough
sufficiency
fill
normality
n
common fraction
simple fraction
one-half
half
fifty percent
moiety
mediety
one-third
third
tierce
two-thirds
one-fourth
fourth
quarter
fourth part
twenty-five percent
quartern
three-fourths
one-fifth
fifth
fifth part
twenty percent
one-sixth
sixth
one-seventh
seventh
one-eighth
eighth
one-ninth
ninth
one-tenth
tenth
tenth part
ten percent
one-sixtieth
sixtieth
one-hundredth
hundredth
one percent
one-thousandth
thousandth
one-millionth
millionth
one-billionth
billionth
one-trillionth
trillionth
one-quadrillionth
quadrillionth
one-quintillionth
quintillionth
nothing
nil
nix
nada
null
aught
cipher
cypher
goose egg
naught
zero
zilch
zip
nihil
bugger all
fuck all
fanny adams
sweet fanny adams
digit
figure
binary digit
octal digit
decimal digit
significant digit
significant figure
zero
0
nought
cipher
cypher
one
1
i
ace
single
unity
monad
monas
singleton
two
2
ii
deuce
craps
snake eyes
couple
pair
twosome
twain
brace
span
yoke
couplet
distich
duo
duet
dyad
duad
doubleton
three
3
iii
trio
threesome
tierce
leash
troika
triad
trine
trinity
ternary
ternion
triplet
tercet
terzetto
trey
deuce-ace
four
4
iv
tetrad
quatern
quaternion
quaternary
quaternity
quartet
quadruplet
foursome
little joe
five
5
v
cinque
quint
quintet
fivesome
quintuplet
pentad
fin
phoebe
little phoebe
six
6
vi
sixer
sise
captain hicks
half a dozen
sextet
sestet
sextuplet
hexad
seven
7
vii
sevener
heptad
septet
eight
8
viii
eighter
eighter from decatur
octad
ogdoad
octonary
octet
nine
9
ix
niner
nina from carolina
ennead
large integer
ten
10
x
tenner
decade
eleven
11
xi
twelve
12
xii
dozen
boxcars
teens
thirteen
13
xiii
baker's dozen
long dozen
fourteen
14
xiv
fifteen
15
xv
sixteen
16
xvi
seventeen
17
xvii
eighteen
18
xviii
nineteen
19
xix
twenty
20
xx
twenty-one
21
xxi
twenty-two
22
xxii
twenty-three
23
xxiii
twenty-four
24
xxiv
two dozen
twenty-five
25
xxv
twenty-six
26
xxvi
twenty-seven
27
xxvii
twenty-eight
28
xxviii
twenty-nine
29
xxix
thirty
30
xxx
forty
40
xl
fifty
50
l
sixty
60
lx
seventy
70
lxx
eighty
80
lxxx
fourscore
ninety
90
xc
hundred
100
c
century
one c
centred
gross
144
long hundred
great hundred
120
five hundred
500
d
thousand
one thousand
1000
m
k
chiliad
g
grand
thou
yard
great gross
1728
ten thousand
10000
myriad
hundred thousand
100000
lakh
million
1000000
one thousand thousand
meg
crore
billion
one thousand million
1000000000
milliard
billion
one million million
1000000000000
trillion
one million million
1000000000000
trillion
one million million million
quadrillion
quadrillion
quintillion
aleph-null
aleph-nought
aleph-zero
first
number one
former
second
latter
third
fourth
fifth
sixth
seventh
eighth
ninth
tenth
eleventh
twelfth
thirteenth
fourteenth
fifteenth
sixteenth
seventeenth
eighteenth
nineteenth
twentieth
thirtieth
fortieth
fiftieth
sixtieth
seventieth
eightieth
ninetieth
hundredth
thousandth
millionth
billionth
last
rank
round
ex-directory
not listed
cool
qualitative
quantitative
cardinal
ordinal
digital
vigesimal
dyadic
millenary
nilpotent
digitally
