resistance
paramnesia
autism
infantile autism
confabulation
acting out
survivor guilt
anorexia
anorexia nervosa
mimesis
mental disorder
mental disturbance
disturbance
psychological disorder
folie
nympholepsy
delusions of grandeur
mental health
mental illness
mental disease
psychopathy
anxiety disorder
generalized anxiety disorder
gad
anxiety reaction
panic disorder
phobia
phobic disorder
phobic neurosis
acarophobia
agoraphobia
androphobia
gynophobia
simple phobia
acrophobia
algophobia
aquaphobia
astraphobia
automysophobia
claustrophobia
cryophobia
cyberphobia
hydrophobia
hypnophobia
mysophobia
neophobia
nyctophobia
phobophobia
phonophobia
acousticophobia
photophobia
pyrophobia
taphephobia
thanatophobia
triskaidekaphobia
zoophobia
ailurophobia
cynophobia
entomophobia
lepidophobia
musophobia
social phobia
satanophobia
school phobia
traumatophobia
xenophobia
posttraumatic stress disorder
ptsd
psychosomatic disorder
aberration
conversion disorder
conversion reaction
conversion hysteria
glove anesthesia
delirium
delusional disorder
encopresis
folie a deux
personality disorder
maladjustment
antisocial personality disorder
sociopathic personality
psychopathic personality
battle fatigue
combat fatigue
combat neurosis
shell shock
schizotypal personality
affective disorder
major affective disorder
emotional disorder
emotional disturbance
depressive disorder
clinical depression
depression
agitated depression
anaclitic depression
dysthymia
dysthymic depression
endogenous depression
exogenous depression
reactive depression
major depressive episode
involutional depression
neurotic depression
psychotic depression
retarded depression
unipolar depression
mania
manic disorder
craze
delirium
frenzy
fury
hysteria
mass hysteria
epidemic hysertia
megalomania
bipolar disorder
manic depression
manic depressive illness
manic-depressive psychosis
cyclothymia
cyclothymic disorder
cyclic disorder
schizothymia
neurosis
neuroticism
psychoneurosis
hysteria
hysterical neurosis
anxiety hysteria
hysterocatalepsy
anxiety neurosis
depersonalization
depersonalisation
depersonalization disorder
depersonalisation disorder
depersonalization neurosis
depersonalisation neurosis
fugue
psychogenic fugue
split personality
multiple personality
insanity
lunacy
madness
insaneness
dementia
dementedness
alcoholic dementia
alcohol amnestic disorder
korsakoff's psychosis
korsakoff's syndrome
korsakov's psychosis
korsakov's syndrome
polyneuritic psychosis
presenile dementia
alzheimer's disease
alzheimer's
alzheimers
pick's disease
senile dementia
senile psychosis
irrationality
unreason
derangement
mental unsoundness
unbalance
craziness
daftness
flakiness
psychosis
delirium tremens
dts
paranoia
schizophrenia
schizophrenic disorder
schizophrenic psychosis
dementia praecox
borderline schizophrenia
latent schizophrenia
catatonic schizophrenia
catatonic type schizophrenia
catatonia
hebephrenia
hebephrenic schizophrenia
disorganized schizophrenia
disorganized type schizophrenia
paranoid schizophrenia
paranoic type schizophrenia
paraphrenic schizophrenia
paraphrenia
acute schizophrenic episode
reactive schizophrenia
dissociative disorder
catatonia
expansive
neurotic
psychoneurotic
unneurotic
sane
insane
catatonic
insanely
crazily
dementedly
madly
ebulliently
exuberantly
expansively
neurotically
