fluff
casting
acting
playing
playacting
performing
portrayal
characterization
enactment
personation
impression
impersonation
personation
apery
mimicry
parody
mockery
takeoff
mime
pantomime
dumb show
panto
business
stage business
byplay
shtik
schtik
shtick
schtick
skit
hamming
overacting
heroics
roleplaying
attitude
dramatization
dramatisation
guerrilla theater
street theater
puppetry
pageant
pageantry
balcony
box
loge
box seat
call-board
flat
footlight
footlights
gelatin
gel
houselights
loge
mezzanine
first balcony
mise en scene
stage setting
setting
prompt box
prompter's box
property
prop
proscenium
proscenium wall
proscenium
apron
forestage
second balcony
family circle
upper balcony
peanut gallery
skybox
stage
stage door
stage set
set
theater curtain
theatre curtain
theater light
theater stage
theatre stage
thrust stage
wing
offstage
backstage
character
role
theatrical role
part
persona
bit part
minor role
soubrette
heavy
hero
ingenue
title role
name part
drama
epilogue
epilog
theater ticket
theatre ticket
stage direction
show bill
show card
theatrical poster
performance
public presentation
act
routine
number
turn
bit
show-stopper
showstopper
stopper
benefit
benefit concert
concert
rock concert
pianism
play reading
premiere
recital
rendition
rendering
song and dance
theatrical performance
theatrical
representation
histrionics
matinee
spectacular
world premiere
dramaturgy
dramatic art
dramatics
theater
theatre
stage
dramatic composition
dramatic work
play
drama
dramatic play
grand guignol
theater of the absurd
prologue
playlet
act
scene
script
book
playscript
promptbook
prompt copy
continuity
dialogue
dialog
duologue
actor's line
speech
words
libretto
scenario
screenplay
shooting script
closet drama
comedy
black comedy
commedia dell'arte
dark comdey
farce
farce comedy
travesty
high comedy
low comedy
melodrama
seriocomedy
tragicomedy
tragedy
tragicomedy
situation comedy
slapstick
burlesque
miracle play
morality play
mystery play
passion play
satyr play
play
musical
musical comedy
musical theater
curtain raiser
finale
coda
dramatic irony
stage right
right stage
stage left
left stage
actor
histrion
player
thespian
role player
actress
art director
barnstormer
playactor
play-actor
trouper
character actor
comedian
comedienne
co-star
director
theater director
theatre director
drama critic
theater critic
dresser
actor's assistant
film director
first-nighter
groundling
ham
ham actor
heartthrob
heavy
heroine
idol
matinee idol
ingenue
leading lady
leading man
mime
mimer
mummer
pantomimer
pantomimist
plant
playgoer
theatergoer
theatregoer
property man
propman
property master
scene painter
sceneshifter
shifter
scene-stealer
screen actor
movie actor
stage director
stagehand
stage technician
star
principal
lead
starlet
supernumerary
spear carrier
extra
tragedian
tragedienne
understudy
standby
upstager
villain
baddie
walk-on
allen
woody allen
allen stewart konigsberg
astaire
fred astaire
ball
lucille ball
bankhead
tallulah bankhead
barrymore
maurice barrymore
herbert blythe
barrymore
georgiana barrymore
georgiana emma barrymore
barrymore
lionel barrymore
barrymore
ethel barrymore
barrymore
john barrymore
bergman
ingmar bergman
bergman
ingrid bergman
bernhardt
sarah bernhardt
henriette rosine bernard
black
shirley temple black
shirley temple
booth
john wilkes booth
bunuel
luis bunuel
burbage
richard burbage
burton
richard burton
cagney
jimmy cagney
james cagney
chevalier
maurice chevalier
cooper
gary cooper
frank cooper
cornell
katherine cornell
coward
noel coward
sir noel pierce coward
crawford
joan crawford
crosby
bing crosby
harry lillis crosby
davis
bette davis
dean
james dean
james byron dean
de niro
robert de niro
depardieu
gerard depardieu
dietrich
marlene dietrich
maria magdalene von losch
drew
john drew
duse
eleonora duse
fairbanks
douglas fairbanks
douglas elton fairbanks
julius ullman
fairbanks
douglas fairbanks jr.
fonda
henry fonda
fonda
jane fonda
fontanne
lynn fontanne
gable
clark gable
william clark gable
garbo
greta garbo
greta louisa gustafsson
garland
judy garland
garrick
david garrick
gibson
mel gibson
mel columcille gerard gibson
gielgud
sir john gielgud
arthur john gielgud
gish
lillian gish
grant
cary grant
granville-barker
harley granville-barker
guinness
alec guinness
sir alec guinness
gwynn
gywn
gynne
nell gwynn
nell gywn
nell gwynne
eleanor gwynn
eleanor gwyn
eleanor gwynne
hanks
tom hanks
thomas j. hanks
harlow
jean harlow
harlean carpenter
harrison
rex harrison
sir rex harrison
reginald carey harrison
hayes
helen hayes
heming
hemminge
john heming
john hemminge
hepburn
katharine hepburn
katharine houghton hepburn
hitchcock
alfred hitchcock
sir alfred hitchcock
alfred joseph hitchcock
hoffman
dustin hoffman
hopkins
anthony hopkins
sir anthony hopkins
sir anthony philip hopkins
howard
leslie howard
leslie howard stainer
jackson
glenda jackson
jolson
al jolson
asa yoelson
karloff
boris karloff
william henry pratt
kean
edmund kean
keaton
buster keaton
joseph francis keaton
kelly
gene kelly
eugene curran kelly
kelly
grace kelly
grace patricia kelly
princess grace of monaco
langtry
lillie langtry
the jersey lillie
emilie charlotte le breton
laughton
charles laughton
lawrence
gertrude lawrence
lee
bruce lee
lee yuen kam
le gallienne
eva le gallienne
leigh
vivien leigh
lemmon
jack lemmon
john uhler
lillie
beatrice lillie
lady peel
lloyd
harold lloyd
harold clayton lloyd
loren
sophia loren
sofia scicolone
lorre
peter lorre
laszlo lowestein
lugosi
bela lugosi
bela ferenc blasko
lunt
alfred lunt
marceau
marcel marceau
marshall
e. g. marshall
martin
mary martin
martin
steve martin
mason
james mason
james neville mason
mercouri
melina mercouri
anna amalia mercouri
mitchum
robert mitchum
monroe
marilyn monroe
norma jean baker
moore
dudley moore
dudley stuart john moore
nazimova
alla nazimova
newman
paul newman
olivier
laurence olivier
sir laurence kerr olivier
baron olivier of birghton
o'toole
peter o'toole
peter seamus o'toole
pickford
mary pickford
gladys smith
poitier
sidney poitier
redford
robert redford
charles robert redford
richardson
ralph richardson
sir ralph david richardson
robinson
edward g. robinson
edward goldenberg robinson
rogers
ginger rogers
virginia mcmath
scott
george c. scott
sellers
peter sellers
shearer
moira shearer
siddons
sarah siddons
sarah kemble siddons
sinatra
frank sinatra
francis albert sinatra
skinner
cornelia otis skinner
skinner
otis skinner
stanislavsky
konstantin stanislavsky
konstantin sergeyevich stanislavsky
konstantin sergeevich alekseev
stewart
jimmy stewart
james maitland stewart
streep
meryl streep
streisand
barbra streisand
barbra joan streisand
stroheim
erich von stroheim
swanson
gloria swanson
gloria may josephine svensson
taylor
elizabeth taylor
terry
dame ellen terry
dame alice ellen terry
thorndike
dame sybil thorndike
tracy
spencer tracy
tree
sir herbert beerbohm tree
ustinov
sir peter ustinov
peter alexander ustinov
waters
ethel waters
wayne
john wayne
duke wayne
welles
orson welles
george orson welles
west
mae west
wood
natalie wood
woollcott
alexander woollcott
young
loretta young
conflict
tragic flaw
hamartia
theatrical season
costume
dress up
block out
make
pretend
make believe
go through the motions
direct
stage direct
stage
present
represent
set
localize
localise
place
play
play
debut
act
play
represent
act
play
roleplay
playact
stooge
enter
support
enact
reenact
act out
act out
impersonate
portray
parody
mime
pantomime
overact
ham it up
ham
overplay
underact
underplay
emote
costume
act
heavy
dramatic
theatrical
burlesque
dramaturgic
dramaturgical
bogartian
thespian
dramatically
upstage
downstage
